May 18 15:19:44 mid rsyslogd: [origin software="rsyslogd" swVersion="4.6.4" x-pid="1279" x-info="http://www.rsyslog.com"] rsyslogd was HUPed, type 'lightweight'.
May 18 15:19:49 mid rsyslogd: [origin software="rsyslogd" swVersion="4.6.4" x-pid="1279" x-info="http://www.rsyslog.com"] rsyslogd was HUPed, type 'lightweight'.
May 18 15:20:02 mid anacron[1307]: Job `cron.daily' terminated
May 18 15:20:02 mid anacron[1307]: Normal exit (1 job run)
May 18 15:31:38 mid shutdown[3803]: shutting down for system halt
May 18 15:31:40 mid init: Switching to runlevel: 0
May 18 15:31:48 mid acpid: exiting
May 18 15:31:48 mid kernel: ===> rt28xx_close
May 18 15:31:49 mid kernel: ---> RTMPFreeTxRxRingMemory
May 18 15:31:49 mid kernel: <--- RTMPFreeTxRxRingMemory
May 18 15:31:49 mid kernel: Kernel logging (proc) stopped.
May 18 15:31:49 mid rsyslogd: [origin software="rsyslogd" swVersion="4.6.4" x-pid="1279" x-info="http://www.rsyslog.com"] exiting on signal 15.
May 18 15:32:29 mid kernel: imklog 4.6.4, log source = /proc/kmsg started.
May 18 15:32:29 mid rsyslogd: [origin software="rsyslogd" swVersion="4.6.4" x-pid="1280" x-info="http://www.rsyslog.com"] (re)start
May 18 15:32:29 mid kernel: Linux version 2.6.32.9-default (hangyan@szmce12) (gcc version 4.5.1 (Sourcery G++ Lite 2010.09-50) ) #1 Wed Jul 13 09:56:43 HKT 2011
May 18 15:32:29 mid kernel: CPU: ARM926EJ-S [41069265] revision 5 (ARMv5TEJ), cr=00053177
May 18 15:32:29 mid kernel: CPU: VIVT data cache, VIVT instruction cache
May 18 15:32:29 mid kernel: Machine: WMT
May 18 15:32:29 mid kernel: Memory policy: ECC disabled, Data cache writeback
May 18 15:32:29 mid kernel: On node 0 totalpages: 54784
May 18 15:32:29 mid kernel: free_area_init_node: node 0, pgdat c05b5f3c, node_mem_map c0696000
May 18 15:32:29 mid kernel:  Normal zone: 428 pages used for memmap
May 18 15:32:29 mid kernel:  Normal zone: 0 pages reserved
May 18 15:32:29 mid kernel:  Normal zone: 54356 pages, LIFO batch:15
May 18 15:32:29 mid kernel: Built 1 zonelists in Zone order, mobility grouping on.  Total pages: 54356
May 18 15:32:30 mid kernel: Kernel command line: mem=214M root=/dev/mmcblk0p2 noinitrd rw rootfstype=ext2 console=ttyS0,115200n8 rootdelay=10
May 18 15:32:30 mid kernel: PID hash table entries: 1024 (order: 0, 4096 bytes)
May 18 15:32:30 mid kernel: Dentry cache hash table entries: 32768 (order: 5, 131072 bytes)
May 18 15:32:30 mid kernel: Inode-cache hash table entries: 16384 (order: 4, 65536 bytes)
May 18 15:32:30 mid kernel: Memory: 214MB = 214MB total
May 18 15:32:30 mid kernel: Memory: 210304KB available (5428K code, 1125K data, 148K init, 0K highmem)
May 18 15:32:30 mid kernel: Hierarchical RCU implementation.
May 18 15:32:30 mid kernel: NR_IRQS:128
May 18 15:32:30 mid kernel: Console: colour dummy device 80x30
May 18 15:32:30 mid kernel: console [ttyS0] enabled
May 18 15:32:30 mid kernel: Calibrating delay loop... 299.00 BogoMIPS (lpj=1495040)
May 18 15:32:30 mid kernel: Mount-cache hash table entries: 512
May 18 15:32:30 mid kernel: CPU: Testing write buffer coherency: ok
May 18 15:32:30 mid kernel: NET: Registered protocol family 16
May 18 15:32:30 mid kernel: wmt_pci_init
May 18 15:32:30 mid kernel: PCI: WonderMidia Technology PCI Bridge
May 18 15:32:30 mid kernel: pci 0000:00:01.0: reg 10 io port: [0xd8008100-0xd8008107]
May 18 15:32:30 mid kernel: pci 0000:00:01.0: reg 14 io port: [0xd8008144-0xd8008147]
May 18 15:32:30 mid kernel: pci 0000:00:01.0: reg 20 io port: [0xd8008180-0xd800818f]
May 18 15:32:30 mid kernel: pci 0000:00:02.0: reg 10 io port: [0xd8004000-0xd80040ff]
May 18 15:32:30 mid kernel: pci 0000:00:02.0: reg 14 32bit mmio: [0xd8004000-0xd80040ff]
May 18 15:32:30 mid kernel: pci 0000:00:04.0: reg 10 32bit mmio: [0xd8007900-0xd80079ff]
May 18 15:32:30 mid kernel: pci 0000:00:05.0: reg 20 io port: [0xd8007b00-0xd8007b1f]
May 18 15:32:30 mid kernel: pci 0000:00:06.0: reg 20 io port: [0xd8008d00-0xd8008d1f]
May 18 15:32:30 mid kernel: PCI: bus0: Fast back to back transfers disabled
May 18 15:32:30 mid kernel: [WMT-MB] Preparing VIDEO BUFFER (SIZE 32768 kB) ...
May 18 15:32:30 mid kernel: [WMT-MB] MAX MB Area size: Max 4096 Kbs Min 256 Kbs
May 18 15:32:30 mid kernel: [WMT-MB] prob /dev/Memory Block major 242, minor 0
May 18 15:32:30 mid kernel: bio: create slab <bio-0> at 0
May 18 15:32:30 mid kernel: vgaarb: loaded
May 18 15:32:30 mid kernel: SCSI subsystem initialized
May 18 15:32:30 mid kernel: usbcore: registered new interface driver usbfs
May 18 15:32:30 mid kernel: usbcore: registered new interface driver hub
May 18 15:32:30 mid kernel: usbcore: registered new device driver usb
May 18 15:32:30 mid kernel: NET: Registered protocol family 2
May 18 15:32:30 mid kernel: IP route cache hash table entries: 2048 (order: 1, 8192 bytes)
May 18 15:32:30 mid kernel: TCP established hash table entries: 8192 (order: 4, 65536 bytes)
May 18 15:32:30 mid kernel: TCP bind hash table entries: 8192 (order: 3, 32768 bytes)
May 18 15:32:30 mid kernel: TCP: Hash tables configured (established 8192 bind 8192)
May 18 15:32:30 mid kernel: TCP reno registered
May 18 15:32:30 mid kernel: NET: Registered protocol family 1
May 18 15:32:30 mid kernel: RPC: Registered udp transport module.
May 18 15:32:30 mid kernel: RPC: Registered tcp transport module.
May 18 15:32:30 mid kernel: RPC: Registered tcp NFSv4.1 backchannel transport module.
May 18 15:32:30 mid kernel: ashmem: initialized
May 18 15:32:30 mid kernel: NTFS driver 2.1.29 [Flags: R/W].
May 18 15:32:30 mid kernel: JFFS2 version 2.2. (NAND) © 2001-2006 Red Hat, Inc.
May 18 15:32:30 mid kernel: yaffs Jul 13 2011 09:56:24 Installing. 
May 18 15:32:30 mid kernel: msgmni has been set to 411
May 18 15:32:30 mid kernel: alg: No test for stdrng (krng)
May 18 15:32:30 mid kernel: io scheduler noop registered
May 18 15:32:30 mid kernel: io scheduler anticipatory registered
May 18 15:32:30 mid kernel: io scheduler deadline registered
May 18 15:32:30 mid kernel: io scheduler cfq registered (default)
May 18 15:32:30 mid kernel: un-know id = 0xc84013
May 18 15:32:30 mid kernel: un-know id = 0xffffff
May 18 15:32:30 mid kernel: wmt sf controller initial ok
May 18 15:32:30 mid kernel: Creating 6 MTD partitions on "mtdsf device":
May 18 15:32:30 mid kernel: 0x000000000000-0x000000d00000 : "filesystem-SF"
May 18 15:32:30 mid kernel: 0x000000d00000-0x000000f80000 : "kernel-SF"
May 18 15:32:30 mid kernel: 0x000000f80000-0x000000fd0000 : "u-boot-SF"
May 18 15:32:30 mid kernel: 0x000000fd0000-0x000000fe0000 : "u-boot env. cfg. 1-SF"
May 18 15:32:30 mid kernel: 0x000000fe0000-0x000000ff0000 : "u-boot env. cfg. 2-SF"
May 18 15:32:30 mid kernel: 0x000000ff0000-0x000001000000 : "w-load-SF"
May 18 15:32:30 mid kernel: 1PMNAND_ADDR=0x6 
May 18 15:32:30 mid kernel: kmalloc buffer env_ptr = 0xcd160000, env_ptr_nand = 0xcd160000
May 18 15:32:30 mid kernel: MTD dev0   size: 0x00d00000   : "filesystem-SF"
May 18 15:32:30 mid kernel: MTD dev1   size: 0x00280000   : "kernel-SF"
May 18 15:32:30 mid kernel: MTD dev2   size: 0x00050000   : "u-boot-SF"
May 18 15:32:30 mid kernel: MTD dev3   size: 0x00010000   : "u-boot env. cfg. 1-SF"
May 18 15:32:30 mid kernel: MTD dev4   size: 0x00010000   : "u-boot env. cfg. 2-SF"
May 18 15:32:30 mid kernel: MTD dev5   size: 0x00010000   : "w-load-SF"
May 18 15:32:30 mid kernel: MTD Dev3 isn't valid
May 18 15:32:30 mid kernel: ## Warning: "wmt.io.nand" not defined
May 18 15:32:30 mid kernel: NAND device: Manufacturer ID: 0xec, Chip ID: 0xd7947a (Samsung SAMSUNG_K9GBG08U0A)
May 18 15:32:30 mid kernel: PLLB=0xe, spec_clk=0x140a0cff
May 18 15:32:30 mid kernel: T1=2, clk1=17, div1=6, Thold=1, tREA=20+delay(9)
May 18 15:32:30 mid kernel: T2=1, clk2=31, div2=11, Thold2=1, comp=1
May 18 15:32:30 mid kernel: Tim1=417792 , Tim2=507904
May 18 15:32:30 mid kernel: T2 is greater and not use
May 18 15:32:30 mid kernel: T=2, clk=17, divisor=6, Thold=0x701
May 18 15:32:30 mid kernel: divisor PMNAND_ADDR is set 0x6, NFC_timing=0x2424
May 18 15:32:30 mid kernel: BCH ECC 24BIT
May 18 15:32:30 mid kernel: ## Warning: "wmt.io.nand" not defined
May 18 15:32:30 mid kernel: NAND device: Manufacturer ID: 0xec, Chip ID: 0xd7947a (Samsung SAMSUNG_K9GBG08U0A)
May 18 15:32:30 mid kernel: find bbt page is 524032
May 18 15:32:30 mid kernel: Bad block table found at page 524032, version 0x01
May 18 15:32:30 mid kernel: find bbt page is 523904
May 18 15:32:30 mid kernel: Bad block table found at page 523904, version 0x01
May 18 15:32:30 mid kernel: nand_read_bbt: Bad block at 0x000000400000
May 18 15:32:30 mid kernel: Bad block at 4
May 18 15:32:30 mid kernel: nand_read_bbt: Bad block at 0x000000500000
May 18 15:32:30 mid kernel: Bad block at 5
May 18 15:32:30 mid kernel: nand_read_bbt: Bad block at 0x000001000000
May 18 15:32:30 mid kernel: Bad block at 16
May 18 15:32:30 mid kernel: nand_read_bbt: Bad block at 0x000001100000
May 18 15:32:30 mid kernel: Bad block at 17
May 18 15:32:30 mid kernel: nand_read_bbt: Bad block at 0x00003b400000
May 18 15:32:30 mid kernel: Bad block at 948
May 18 15:32:30 mid kernel: nand_read_bbt: Bad block at 0x00003cc00000
May 18 15:32:30 mid kernel: Bad block at 972
May 18 15:32:30 mid kernel: nand_read_bbt: Bad block at 0x00003cd00000
May 18 15:32:30 mid kernel: Bad block at 973
May 18 15:32:30 mid kernel: nand_read_bbt: Bad block at 0x000049e00000
May 18 15:32:30 mid kernel: Bad block at 1182
May 18 15:32:30 mid kernel: nand_read_bbt: Bad block at 0x00004ac00000
May 18 15:32:30 mid kernel: Bad block at 1196
May 18 15:32:30 mid kernel: nand_read_bbt: Bad block at 0x00004ae00000
May 18 15:32:30 mid kernel: Bad block at 1198
May 18 15:32:30 mid kernel: WMT_nand: uboot no dynamic partitions defined, use default static
May 18 15:32:30 mid kernel: Creating 11 MTD partitions on "WMT.nand":
May 18 15:32:30 mid kernel: 0x000000000000-0x000000100000 : "w-load-NAND"
May 18 15:32:30 mid kernel: 0x000000100000-0x000000a00000 : "u-boot env. cfg. 1-NAND"
May 18 15:32:30 mid kernel: 0x000000a00000-0x000001300000 : "u-boot-NAND"
May 18 15:32:30 mid kernel: 0x000001300000-0x000001b00000 : "kernel-NAND"
May 18 15:32:30 mid kernel: 0x000001b00000-0x000002100000 : "initrd-NAND"
May 18 15:32:30 mid kernel: 0x000002100000-0x000022100000 : "filesystem-NAND"
May 18 15:32:30 mid kernel: 0x000022100000-0x000022500000 : "u-boot-logo"
May 18 15:32:30 mid kernel: 0x000022500000-0x000022900000 : "kernel-logo"
May 18 15:32:30 mid kernel: 0x000022900000-0x000086b00000 : "android-data"
May 18 15:32:30 mid kernel: 0x000086b00000-0x00008eb00000 : "android-cache"
May 18 15:32:30 mid kernel: 0x00008eb00000-0x000100000000 : "LocalDisk"
May 18 15:32:30 mid kernel: MTD dev0 size: 0x00100000     : "w-load-NAND"
May 18 15:32:30 mid kernel: MTD dev1 size: 0x00900000     : "u-boot env. cfg. 1-NAND"
May 18 15:32:30 mid kernel: MTD dev2 size: 0x00900000     : "u-boot-NAND"
May 18 15:32:30 mid kernel: MTD dev3 size: 0x00800000     : "kernel-NAND"
May 18 15:32:30 mid kernel: MTD dev4 size: 0x00600000     : "initrd-NAND"
May 18 15:32:30 mid kernel: MTD dev5 size: 0x20000000     : "filesystem-NAND"
May 18 15:32:30 mid kernel: MTD dev6 size: 0x00400000     : "u-boot-logo"
May 18 15:32:30 mid kernel: MTD dev0 size: 0x00100000     : "w-load-NAND"
May 18 15:32:30 mid kernel: MTD dev1 size: 0x00900000     : "u-boot env. cfg. 1-NAND"
May 18 15:32:30 mid kernel: MTD dev2 size: 0x00900000     : "u-boot-NAND"
May 18 15:32:30 mid kernel: MTD dev3 size: 0x00800000     : "kernel-NAND"
May 18 15:32:30 mid kernel: MTD dev4 size: 0x00600000     : "initrd-NAND"
May 18 15:32:30 mid kernel: MTD dev5 size: 0x20000000     : "filesystem-NAND"
May 18 15:32:30 mid kernel: MTD dev6 size: 0x00400000     : "u-boot-logo"
May 18 15:32:30 mid kernel: MTD dev7 size: 0x00400000     : "kernel-logo"
May 18 15:32:30 mid kernel: nand initialised ok
May 18 15:32:30 mid kernel: i2c /dev entries driver
May 18 15:32:30 mid kernel: I2C PORT0: Transfer Mode = 1; Speed Mode = 1
May 18 15:32:30 mid kernel: i2c: adding wmt_i2c_adapter0.
May 18 15:32:30 mid kernel: i2c: successfully added bus
May 18 15:32:30 mid kernel:
May 18 15:32:30 mid kernel: I2C PORT1: Transfer Mode = 1; Speed Mode = 1
May 18 15:32:30 mid kernel: i2c: adding wmt_i2c_adapter1.
May 18 15:32:30 mid kernel: i2c: successfully added bus
May 18 15:32:30 mid kernel: [wmt_i2c_api_i2c_init]
May 18 15:32:30 mid kernel: [wmt_i2c_api_init] wmt_i2c_api_init.
May 18 15:32:30 mid kernel: i2c: wmt algorithm module loaded.
May 18 15:32:30 mid kernel: ## Warning: "wmt.display.direct_path" not defined
May 18 15:32:30 mid kernel: vpp_init(boot logo 1)
May 18 15:32:30 mid kernel: [VPP] GOVW TG 0,vpu en 0,vpu path 0
May 18 15:32:30 mid kernel: div_addr_offs=0x35c PLL_NO=1 
May 18 15:32:30 mid kernel: [VPP] GOVW TG 0,vpu en 0,vpu path 0
May 18 15:32:30 mid kernel: [VPP] GOVW TG 1,vpu en 0,vpu path 0
May 18 15:32:30 mid kernel: [VPP] GOVW TG 1,vpu en 0,vpu path 0
May 18 15:32:30 mid kernel: [VO] vout_init: <1>vo_init_wm8435
May 18 15:32:30 mid kernel: vt1632 hw mode
May 18 15:32:30 mid kernel: [VOUT] ext dev : DVI
May 18 15:32:30 mid kernel: [VOUT] int dev : NO
May 18 15:32:30 mid kernel: ## Warning: "wmt.display.user_res" not defined
May 18 15:32:30 mid kernel: ## Warning: "wmt.display.regop" not defined
May 18 15:32:30 mid kernel: [VOUT] param 2:0:16:0:0:0
May 18 15:32:30 mid kernel: [VOUT] boot parm vo LCD opt 0,16, 0x0@0
May 18 15:32:30 mid kernel: ## Warning: "wmt.display.param2" not defined
May 18 15:32:30 mid kernel: ----------------------[VOUT] pwm 0:25:50:99 -------------------
May 18 15:32:30 mid kernel: [VOUT] blt 0,scalar 25,period 50,duty 99
May 18 15:32:30 mid kernel: [VOUT] tmr 40000:0:10:46:800:20:10:23:480:10
May 18 15:32:30 mid kernel: [VOUT] tmr pixclk 40000000,option 0x0,hsync 10,hbp 46,hpixel 800,hfp 20,vsync 10,vbp 23,vpixel 480,vfp 10
May 18 15:32:30 mid kernel: [VOUT] boot argument vo1 2,vo2 9
May 18 15:32:30 mid kernel: [VO] vo_boot_init: <7>vo_boot_init(0)
May 18 15:32:30 mid kernel: vo_init_wm8440 (BOOT 800x480,0)
May 18 15:32:30 mid kernel: gefb: framebuffer at 0f800000, mapped to d0000000, using 8192k, total 8192k
May 18 15:32:30 mid kernel: Console: switching to colour frame buffer device 100x30
May 18 15:32:30 mid kernel: fb0: wmtfb frame buffer device
May 18 15:32:30 mid kernel: loadtime = -3
May 18 15:32:30 mid kernel: start_boot_splash: screen xres = 800, yres = 480, info->var.bits_per_pixel =16
May 18 15:32:30 mid kernel: wmt.kernel.animation.addr = f600000, 0xf600000 map to 0xcda00000
May 18 15:32:30 mid kernel: It's not a valid Animation file at 0xcda00000, first 4 bytes: 0xffffffff
May 18 15:32:30 mid kernel: --> start progress bar
May 18 15:32:30 mid kernel: [VO] vo_boot_config: <7>vo_boot_config
May 18 15:32:30 mid kernel: [VO] vo_boot_config: <7>Exit vo_boot_config
May 18 15:32:30 mid kernel: div_addr_offs=0x35c PLL_NO=1 
May 18 15:32:30 mid kernel: [VPP] GOVW TG 0,vpu en 0,vpu path 0
May 18 15:32:30 mid kernel: [VPP] GOVW TG 1,vpu en 0,vpu path 0
May 18 15:32:30 mid kernel: [VPP] GOVW TG 1,vpu en 0,vpu path 0
May 18 15:32:30 mid kernel: fb1: WMT VPU frame buffer device
May 18 15:32:30 mid kernel: Enter pwm_init
May 18 15:32:30 mid kernel: mknod /dev/wmtgpio c 253 0
May 18 15:32:30 mid kernel: WMT vibrater driver load successfully!
May 18 15:32:30 mid kernel: uart.0: ttyS0 at MMIO 0xd8200000 (irq = 32) is a wmt serial
May 18 15:32:30 mid kernel: uart.1: ttyS1 at MMIO 0xd82b0000 (irq = 33) is a wmt serial
May 18 15:32:30 mid kernel: WMT Serial driver initialized: ok
May 18 15:32:30 mid kernel: brd: module loaded
May 18 15:32:30 mid kernel: loop: module loaded
May 18 15:32:30 mid kernel: nbd: registered device at major 43
May 18 15:32:30 mid kernel: pmem: 1 init
May 18 15:32:30 mid kernel: PPP generic driver version 2.4.2
May 18 15:32:30 mid kernel: PPP Deflate Compression module registered
May 18 15:32:30 mid kernel: PPP BSD Compression module registered
May 18 15:32:30 mid kernel: NET: Registered protocol family 24
May 18 15:32:30 mid kernel: disable wmt onboard eth mac
May 18 15:32:30 mid kernel: usbcore: registered new interface driver asix
May 18 15:32:30 mid kernel: Linux video capture interface: v2.00
May 18 15:32:30 mid kernel: WonderMedia CMOS camera register OK 
May 18 15:32:30 mid kernel: usbcore: registered new interface driver uvcvideo
May 18 15:32:30 mid kernel: USB Video Class driver (v0.1.0)
May 18 15:32:30 mid kernel: [wmt-vd] prob /dev/wmt-vd major 236, minor 0, prdt ffb03000/d1a0000, size 100 KB
May 18 15:32:30 mid kernel: [wmt-vd] WonderMedia HW decoder driver inited
May 18 15:32:30 mid kernel: [wmt-lock] init ok, major=242, minor=1
May 18 15:32:30 mid kernel: get the cmos gpio setting : 1:0:7:0xd8110040:0xd8110080:0xd81100c0:
May 18 15:32:30 mid kernel: Dean:spi_probe
May 18 15:32:30 mid kernel: spi irq num = 0x18
May 18 15:32:30 mid kernel: B:0
May 18 15:32:30 mid kernel: A:8
May 18 15:32:30 mid kernel: spi_probe: /dev/WMT_SPI major number 153, minor number 0, device number 1
May 18 15:32:30 mid kernel: WMT EVB SPI Controlor Driver OK!
May 18 15:32:30 mid kernel: uhci_hcd: USB Universal Host Controller Interface driver
May 18 15:32:30 mid kernel: PCI: enabling device 0000:00:05.0 (0000 -> 0001)
May 18 15:32:30 mid kernel: uhci_hcd 0000:00:05.0: UHCI Host Controller
May 18 15:32:30 mid kernel: drivers/usb/core/inode.c: creating file 'devices'
May 18 15:32:30 mid kernel: drivers/usb/core/inode.c: creating file '001'
May 18 15:32:30 mid kernel: uhci_hcd 0000:00:05.0: new USB bus registered, assigned bus number 1
May 18 15:32:30 mid kernel: uhci_hcd 0000:00:05.0: detected 2 ports
May 18 15:32:30 mid kernel: uhci_hcd 0000:00:05.0: uhci_check_and_reset_hc: cmd = 0x0000
May 18 15:32:30 mid kernel: uhci_hcd 0000:00:05.0: Performing full reset
May 18 15:32:30 mid kernel: uhci_hcd 0000:00:05.0: irq 43, io base 0xd8007b00
May 18 15:32:30 mid kernel: usb usb1: default language 0x0409
May 18 15:32:30 mid kernel: usb usb1: udev 1, busnum 1, minor = 0
May 18 15:32:30 mid kernel: usb usb1: New USB device found, idVendor=1d6b, idProduct=0001
May 18 15:32:30 mid kernel: usb usb1: New USB device strings: Mfr=3, Product=2, SerialNumber=1
May 18 15:32:30 mid kernel: usb usb1: Product: UHCI Host Controller
May 18 15:32:30 mid kernel: usb usb1: Manufacturer: Linux 2.6.32.9-default uhci_hcd
May 18 15:32:30 mid kernel: usb usb1: SerialNumber: 0000:00:05.0
May 18 15:32:30 mid kernel: usb usb1: uevent
May 18 15:32:30 mid kernel: usb usb1: usb_probe_device
May 18 15:32:30 mid kernel: usb usb1: configuration #1 chosen from 1 choice
May 18 15:32:30 mid kernel: usb usb1: adding 1-0:1.0 (config #1, interface 0)
May 18 15:32:30 mid kernel: usb 1-0:1.0: uevent
May 18 15:32:30 mid kernel: hub 1-0:1.0: usb_probe_interface
May 18 15:32:30 mid kernel: hub 1-0:1.0: usb_probe_interface - got id
May 18 15:32:30 mid kernel: hub 1-0:1.0: USB hub found
May 18 15:32:30 mid kernel: hub 1-0:1.0: 2 ports detected
May 18 15:32:30 mid kernel: hub 1-0:1.0: standalone hub
May 18 15:32:30 mid kernel: hub 1-0:1.0: no power switching (usb 1.0)
May 18 15:32:30 mid kernel: hub 1-0:1.0: individual port over-current protection
May 18 15:32:30 mid kernel: hub 1-0:1.0: power on to power good time: 2ms
May 18 15:32:30 mid kernel: hub 1-0:1.0: local power source is good
May 18 15:32:30 mid kernel: hub 1-0:1.0: trying to enable port power on non-switchable hub
May 18 15:32:30 mid kernel: drivers/usb/core/inode.c: creating file '001'
May 18 15:32:30 mid kernel: PCI: enabling device 0000:00:06.0 (0000 -> 0001)
May 18 15:32:30 mid kernel: uhci_hcd 0000:00:06.0: UHCI Host Controller
May 18 15:32:30 mid kernel: drivers/usb/core/inode.c: creating file '002'
May 18 15:32:30 mid kernel: uhci_hcd 0000:00:06.0: new USB bus registered, assigned bus number 2
May 18 15:32:30 mid kernel: uhci_hcd 0000:00:06.0: detected 2 ports
May 18 15:32:30 mid kernel: uhci_hcd 0000:00:06.0: uhci_check_and_reset_hc: cmd = 0x0000
May 18 15:32:30 mid kernel: uhci_hcd 0000:00:06.0: Performing full reset
May 18 15:32:30 mid kernel: uhci_hcd 0000:00:06.0: irq 43, io base 0xd8008d00
May 18 15:32:30 mid kernel: usb usb2: default language 0x0409
May 18 15:32:30 mid kernel: usb usb2: udev 1, busnum 2, minor = 128
May 18 15:32:30 mid kernel: usb usb2: New USB device found, idVendor=1d6b, idProduct=0001
May 18 15:32:30 mid kernel: usb usb2: New USB device strings: Mfr=3, Product=2, SerialNumber=1
May 18 15:32:30 mid kernel: usb usb2: Product: UHCI Host Controller
May 18 15:32:30 mid kernel: usb usb2: Manufacturer: Linux 2.6.32.9-default uhci_hcd
May 18 15:32:30 mid kernel: usb usb2: SerialNumber: 0000:00:06.0
May 18 15:32:30 mid kernel: usb usb2: uevent
May 18 15:32:30 mid kernel: usb usb2: usb_probe_device
May 18 15:32:30 mid kernel: usb usb2: configuration #1 chosen from 1 choice
May 18 15:32:30 mid kernel: usb usb2: adding 2-0:1.0 (config #1, interface 0)
May 18 15:32:30 mid kernel: usb 2-0:1.0: uevent
May 18 15:32:30 mid kernel: hub 2-0:1.0: usb_probe_interface
May 18 15:32:30 mid kernel: hub 2-0:1.0: usb_probe_interface - got id
May 18 15:32:30 mid kernel: hub 2-0:1.0: USB hub found
May 18 15:32:30 mid kernel: hub 2-0:1.0: 2 ports detected
May 18 15:32:30 mid kernel: hub 2-0:1.0: standalone hub
May 18 15:32:30 mid kernel: hub 2-0:1.0: no power switching (usb 1.0)
May 18 15:32:30 mid kernel: hub 2-0:1.0: individual port over-current protection
May 18 15:32:30 mid kernel: hub 2-0:1.0: power on to power good time: 2ms
May 18 15:32:30 mid kernel: hub 2-0:1.0: local power source is good
May 18 15:32:30 mid kernel: hub 2-0:1.0: trying to enable port power on non-switchable hub
May 18 15:32:30 mid kernel: drivers/usb/core/inode.c: creating file '001'
May 18 15:32:30 mid kernel: usbcore: registered new interface driver cdc_acm
May 18 15:32:30 mid kernel: cdc_acm: v0.26:USB Abstract Control Model driver for USB modems and ISDN adapters
May 18 15:32:30 mid kernel: Initializing USB Mass Storage driver...
May 18 15:32:30 mid kernel: usbcore: registered new interface driver usb-storage
May 18 15:32:30 mid kernel: USB Mass Storage support registered.
May 18 15:32:30 mid kernel: usbcore: registered new interface driver usbserial
May 18 15:32:30 mid kernel: debug:1 by rubbitxiao
May 18 15:32:30 mid kernel: drivers/usb/serial/usb-serial.c: Had to override the open usb serial operation with the generic one.
May 18 15:32:30 mid kernel: drivers/usb/serial/usb-serial.c: Had to override the write usb serial operation with the generic one.
May 18 15:32:30 mid kernel: drivers/usb/serial/usb-serial.c: Had to override the close usb serial operation with the generic one.
May 18 15:32:30 mid kernel: drivers/usb/serial/usb-serial.c: Had to override the write_room usb serial operation with the generic one.
May 18 15:32:30 mid kernel: drivers/usb/serial/usb-serial.c: Had to override the chars_in_buffer usb serial operation with the generic one.
May 18 15:32:30 mid kernel: drivers/usb/serial/usb-serial.c: Had to override the read_bulk_callback usb serial operation with the generic one.
May 18 15:32:30 mid kernel: drivers/usb/serial/usb-serial.c: Had to override the write_bulk_callback usb serial operation with the generic one.
May 18 15:32:30 mid kernel: USB Serial support registered for generic
May 18 15:32:30 mid kernel: usbcore: registered new interface driver usbserial_generic
May 18 15:32:30 mid kernel: usbserial: USB Serial Driver core
May 18 15:32:30 mid kernel: drivers/usb/serial/usb-serial.c: Had to override the read_bulk_callback usb serial operation with the generic one.
May 18 15:32:30 mid kernel: drivers/usb/serial/usb-serial.c: Had to override the write_bulk_callback usb serial operation with the generic one.
May 18 15:32:30 mid kernel: uhci_hcd 0000:00:05.0: port 1 portsc 008a,00
May 18 15:32:30 mid kernel: uhci_hcd 0000:00:05.0: port 2 portsc 008a,00
May 18 15:32:30 mid kernel: USB Serial support registered for GSM modem (1-port)
May 18 15:32:30 mid kernel: usbcore: registered new interface driver option
May 18 15:32:30 mid kernel: option: v0.7.2:USB Driver for GSM modems
May 18 15:32:30 mid kernel: usbcore: registered new interface driver VIAUSBModem
May 18 15:32:30 mid kernel: LinuxVIAUSBD1.0.4:VIA USB CDMA Modem
May 18 15:32:30 mid kernel: drivers/usb/serial/usb-serial.c: Had to override the disconnect usb serial operation with the generic one.
May 18 15:32:30 mid kernel: USB Serial support registered for pl2303
May 18 15:32:30 mid kernel: usbcore: registered new interface driver pl2303
May 18 15:32:30 mid kernel: pl2303: Prolific PL2303 USB to serial adaptor driver
May 18 15:32:30 mid kernel: drivers/usb/serial/usb-serial.c: Had to override the write usb serial operation with the generic one.
May 18 15:32:30 mid kernel: drivers/usb/serial/usb-serial.c: Had to override the close usb serial operation with the generic one.
May 18 15:32:30 mid kernel: drivers/usb/serial/usb-serial.c: Had to override the write_room usb serial operation with the generic one.
May 18 15:32:30 mid kernel: drivers/usb/serial/usb-serial.c: Had to override the chars_in_buffer usb serial operation with the generic one.
May 18 15:32:30 mid kernel: drivers/usb/serial/usb-serial.c: Had to override the read_bulk_callback usb serial operation with the generic one.
May 18 15:32:30 mid kernel: drivers/usb/serial/usb-serial.c: Had to override the write_bulk_callback usb serial operation with the generic one.
May 18 15:32:30 mid kernel: drivers/usb/serial/usb-serial.c: Had to override the disconnect usb serial operation with the generic one.
May 18 15:32:30 mid kernel: drivers/usb/serial/usb-serial.c: Had to override the release usb serial operation with the generic one.
May 18 15:32:30 mid kernel: USB Serial support registered for GobiSerial
May 18 15:32:30 mid kernel: usbcore: registered new interface driver GobiSerial
May 18 15:32:30 mid kernel: GobiSerial: 1.0.20
May 18 15:32:30 mid kernel: udc: VIA UDC driver, version: 3 December 2007 (dma)
May 18 15:32:30 mid kernel: uhci_hcd 0000:00:06.0: port 1 portsc 008a,00
May 18 15:32:30 mid kernel: uhci_hcd 0000:00:06.0: port 2 portsc 008a,00
May 18 15:32:30 mid kernel: udc: pullup_disable()
May 18 15:32:30 mid kernel: mount_thread
May 18 15:32:30 mid kernel: udc: wmt_udc_probe - request_irq(0x2B) pass!
May 18 15:32:30 mid kernel: mice: PS/2 mouse device common for all mice
May 18 15:32:30 mid kernel: ## Warning: "wmt.io.ts" not defined
May 18 15:32:30 mid kernel: p.x = 800, p.y = 480, gpio=0
May 18 15:32:30 mid kernel: ## Warning: "wmt.tsc.key" not defined
May 18 15:32:30 mid kernel: UTK:Read wmt.tsc.key Failed.
May 18 15:32:30 mid kernel: Tsc calibrate init data: [-83 29762 -6278833 22259 -52 -13696263 138634]
May 18 15:32:30 mid kernel: input: utk_touch as /devices/virtual/input/input0
May 18 15:32:30 mid kernel: UTK Touchscreen Driver Installed OK!
May 18 15:32:30 mid kernel: ===== VT1603 Touch Disabled!=====
May 18 15:32:30 mid kernel: vt1603_ts Touch Disabled!
May 18 15:32:30 mid kernel: wmt.audio.i2s[i2sbus] not valid. set i2c-bus-1
May 18 15:32:30 mid kernel: VT1603 Touch & Battery ADC Driver Installed!wmt_rtc on
May 18 15:32:30 mid kernel: using rtc device, wmt-rtc, for alarms
May 18 15:32:30 mid kernel: wmt-rtc wmt-rtc.0: rtc core: registered wmt-rtc as rtc0
May 18 15:32:30 mid kernel: WMT Real Time Clock driver v0.54 initialized: ok
May 18 15:32:30 mid kernel: device-mapper: ioctl: 4.15.0-ioctl (2009-04-01) initialised: dm-devel@redhat.com
May 18 15:32:30 mid kernel: device-mapper: multipath: version 1.1.0 loaded
May 18 15:32:30 mid kernel: device-mapper: multipath round-robin: version 1.0.0 loaded
May 18 15:32:30 mid kernel: device-mapper: multipath queue-length: version 0.1.0 loaded
May 18 15:32:30 mid kernel: device-mapper: multipath service-time: version 0.2.0 loaded
May 18 15:32:30 mid kernel: WMT ATSMB (AHB To SD/MMC Bus) controller registered!
May 18 15:32:30 mid kernel: ## Warning: "rootdev" not defined
May 18 15:32:30 mid kernel: Do not initialize mmc1 when boot from NandFlash.
May 18 15:32:30 mid kernel: [MMC/SD driver] ATSMB1 probe Failed!
May 18 15:32:30 mid kernel: sdmmc1: probe of sdmmc1.0 failed with error -22
May 18 15:32:30 mid kernel: ------------------ lcd_backlight_probe ---------------
May 18 15:32:30 mid kernel: Registered led device: lcd-backlight
May 18 15:32:30 mid kernel: usbcore: registered new interface driver hiddev
May 18 15:32:30 mid kernel: usbcore: registered new interface driver usbhid
May 18 15:32:30 mid kernel: usbhid: v2.6:USB HID core driver
May 18 15:32:30 mid kernel: logger: created 256K log 'log_main'
May 18 15:32:30 mid kernel: logger: created 256K log 'log_events'
May 18 15:32:30 mid kernel: logger: created 64K log 'log_radio'
May 18 15:32:30 mid kernel: Advanced Linux Sound Architecture Driver Version 1.0.21.
May 18 15:32:30 mid kernel: No device for DAI VT1603
May 18 15:32:30 mid kernel: No device for DAI HWDEC
May 18 15:32:30 mid kernel: i2c_transfer returned -5
May 18 15:32:30 mid kernel: WM8900 0-001b: Device is not a WM8900 - ID 0
May 18 15:32:30 mid kernel: ## Warning: "wmt.audio.echo.cancel" not defined
May 18 15:32:30 mid kernel: WMT_SOC: dai_name=i2s, codec_name=vt1603
May 18 15:32:30 mid kernel: No device for DAI wmt-i2s-dai
May 18 15:32:30 mid kernel: [VPP] set audio(fmt 16,rate 44100,ch 2)
May 18 15:32:30 mid kernel: VT1603 Audio Codec 0.10
May 18 15:32:30 mid kernel: wmt.audio.i2s = vt1603:f1:f2:ff:ff:80
May 18 15:32:30 mid kernel: [i2sbus] invalid. set i2c_bus->1
May 18 15:32:30 mid kernel: [mic/linein] invalid. set record->mic
May 18 15:32:30 mid kernel: playback volume percent[80%]
May 18 15:32:30 mid kernel: ## Warning: "wmt.vt1603.debug" not defined
May 18 15:32:30 mid kernel: ## Warning: "wmt.audio.fm34" not defined
May 18 15:32:30 mid kernel: asoc: VT1603 <-> wmt-i2s-dai mapping ok
May 18 15:32:30 mid kernel: ALSA device list:
May 18 15:32:30 mid kernel:  #0: WMT_SOC (VT1603)
May 18 15:32:30 mid kernel: TCP cubic registered
May 18 15:32:30 mid kernel: NET: Registered protocol family 17
May 18 15:32:30 mid kernel: lib80211: common routines for IEEE802.11 drivers
May 18 15:32:30 mid kernel: lib80211_crypt: registered algorithm 'NULL'
May 18 15:32:30 mid kernel: ## Warning: "wmt.io.pwkey" not defined
May 18 15:32:30 mid kernel: mount_thread
May 18 15:32:30 mid kernel: hub 1-0:1.0: state 7 ports 2 chg 0000 evt 0000
May 18 15:32:30 mid kernel: hub 2-0:1.0: state 7 ports 2 chg 0000 evt 0000
May 18 15:32:30 mid kernel: input: kpadPower as /devices/virtual/input/input1
May 18 15:32:30 mid kernel: [wmt_pm_init] battery_used = 3
May 18 15:32:30 mid kernel: PMC: WonderMedia Power Management driver
May 18 15:32:30 mid kernel: PMC: Power button is configured as soft power
May 18 15:32:30 mid kernel: [wmt_pm_init] power_on = 100 resume = 0 power_up = 500
May 18 15:32:30 mid kernel: registered taskstats version 1
May 18 15:32:30 mid kernel: wmt-rtc wmt-rtc.0: hctosys: invalid date/time
May 18 15:32:30 mid kernel: Waiting 10sec before mounting root device...
May 18 15:32:30 mid kernel: mmc0: new high speed SDHC card at address e624
May 18 15:32:30 mid kernel: mmcblk0: mmc0:e624 SU04G 3.69 GiB 
May 18 15:32:30 mid kernel: mmcblk0: p1 p2
May 18 15:32:30 mid kernel: usb usb1: suspend_rh (auto-stop)
May 18 15:32:30 mid kernel: usb usb2: suspend_rh (auto-stop)
May 18 15:32:30 mid kernel: VFS: Mounted root (ext2 filesystem) on device 179:2.
May 18 15:32:30 mid kernel: Freeing init memory: 148K
May 18 15:32:30 mid kernel: usb usb1: uevent
May 18 15:32:30 mid kernel: usb 1-0:1.0: uevent
May 18 15:32:30 mid kernel: usb usb2: uevent
May 18 15:32:30 mid kernel: usb 2-0:1.0: uevent
May 18 15:32:30 mid kernel: ## Warning: "wmt.camera.mirror" not defined
May 18 15:32:30 mid kernel: cmos_release() 
May 18 15:32:30 mid kernel: ++++++++++++++++++
May 18 15:32:30 mid kernel: ++++++++++++++++++
May 18 15:32:30 mid kernel: [VPP] GOVW TG 0,vpu en 0,vpu path 0
May 18 15:32:30 mid kernel: [CUR] set colfmt ARGB
May 18 15:32:30 mid kernel: [CUR] YUV444 --> ARGB chg fb 2
May 18 15:32:30 mid acpid: cannot open input layer
May 18 15:32:30 mid acpid: starting up with netlink and the input layer
May 18 15:32:30 mid acpid: 1 rule loaded
May 18 15:32:30 mid acpid: waiting for events: event logging is off
May 18 15:32:30 mid anacron[1309]: Anacron 2.3 started on 2015-05-18
May 18 15:32:30 mid anacron[1309]: Normal exit (0 jobs run)
May 18 15:32:31 mid bluetoothd[1342]: Bluetooth deamon 4.66
May 18 15:32:31 mid bluetoothd[1342]: Starting SDP server
May 18 15:32:31 mid bluetoothd[1342]: opening L2CAP socket: Address family not supported by protocol
May 18 15:32:31 mid bluetoothd[1342]: Server initialization failed
May 18 15:32:31 mid avahi-daemon[1352]: Found user 'avahi' (UID 104) and group 'avahi' (GID 107).
May 18 15:32:31 mid avahi-daemon[1352]: Successfully dropped root privileges.
May 18 15:32:31 mid avahi-daemon[1352]: avahi-daemon 0.6.27 starting up.
May 18 15:32:31 mid avahi-daemon[1352]: WARNING: No NSS support for mDNS detected, consider installing nss-mdns!
May 18 15:32:31 mid bluetoothd[1342]: Starting experimental netlink support
May 18 15:32:31 mid bluetoothd[1342]: Failed to find Bluetooth netlink family
May 18 15:32:31 mid bluetoothd[1342]: Failed to init netlink plugin
May 18 15:32:31 mid avahi-daemon[1352]: Successfully called chroot().
May 18 15:32:31 mid avahi-daemon[1352]: Successfully dropped remaining capabilities.
May 18 15:32:31 mid avahi-daemon[1352]: No service file found in /etc/avahi/services.
May 18 15:32:31 mid avahi-daemon[1352]: socket() failed: Permission denied
May 18 15:32:31 mid bluetoothd[1342]: Failed to open control socket: Address family not supported by protocol (97)
May 18 15:32:31 mid bluetoothd[1342]: Can't init bnep module
May 18 15:32:31 mid bluetoothd[1342]: Failed to init network plugin
May 18 15:32:31 mid avahi-daemon[1352]: socket() failed: Address family not supported by protocol
May 18 15:32:31 mid avahi-daemon[1352]: Failed to create server: No suitable network protocol available
May 18 15:32:31 mid avahi-daemon[1352]: avahi-daemon 0.6.27 exiting.
May 18 15:32:31 mid bluetoothd[1342]: Unable to start SCO server socket
May 18 15:32:31 mid bluetoothd[1342]: Failed to init audio plugin
May 18 15:32:31 mid bluetoothd[1342]: Can't open HCI socket: Address family not supported by protocol (97)
May 18 15:32:31 mid bluetoothd[1342]: adapter_ops_setup failed
May 18 15:32:32 mid /usr/sbin/cron[1390]: (CRON) INFO (pidfile fd = 3)
May 18 15:32:32 mid /usr/sbin/cron[1391]: (CRON) STARTUP (fork ok)
May 18 15:32:32 mid /usr/sbin/cron[1391]: (CRON) INFO (Running @reboot jobs)
May 18 15:32:33 mid kernel: Bow: wmt_batt_init  
May 18 15:32:33 mid kernel: ## Warning: "wmt.sys.dcin.batfull" not defined
May 18 15:32:33 mid kernel: Bow: Probe...0
May 18 15:32:33 mid kernel: [dump_kpad_devinfo]: ===================================================
May 18 15:32:33 mid kernel: [dump_kpad_devinfo]: kpad id:721   devnum:1
May 18 15:32:33 mid kernel: [dump_kpad_devinfo]: 	dev[0] type:rc_1
May 18 15:32:33 mid kernel: [dump_kpad_devinfo]: 	irq[0]:6,
May 18 15:32:33 mid kernel: [dump_kpad_devinfo]: 
May 18 15:32:33 mid kernel: [dump_kpad_devinfo]: 	key number:2
May 18 15:32:33 mid kernel: [dump_kpad_devinfo]: 	key0:9e(158),
May 18 15:32:33 mid kernel: [dump_kpad_devinfo]: 	key1:66(102),
May 18 15:32:33 mid kernel: [dump_kpad_devinfo]: 
May 18 15:32:33 mid kernel: [dump_kpad_devinfo]: 	longkey num:1
May 18 15:32:33 mid kernel: [dump_kpad_devinfo]: 	longkey0:9e_8b(158_139),
May 18 15:32:33 mid kernel: [dump_kpad_devinfo]: ===================================================
May 18 15:32:33 mid kernel: [kpadall_probe]: registered irq: 6 ***
May 18 15:32:33 mid kernel: input: keypad as /devices/virtual/input/input2
May 18 15:32:33 mid kernel: usbcore: registered new interface driver SR9700_android
May 18 15:32:33 mid kernel: rt3070sta driver V1.0.1
May 18 15:32:33 mid kernel: rtusb init --->
May 18 15:32:33 mid kernel: wifi_power_ctrl 1
May 18 15:32:33 mid kernel: wifi power up
May 18 15:32:33 mid kernel: usb usb2: wakeup_rh (auto-start)
May 18 15:32:33 mid kernel: hub 2-0:1.0: state 7 ports 2 chg 0000 evt 0004
May 18 15:32:33 mid kernel: uhci_hcd 0000:00:06.0: port 2 portsc 0093,00
May 18 15:32:33 mid kernel: hub 2-0:1.0: port 2, status 0101, change 0001, 12 Mb/s
May 18 15:32:34 mid kernel: hub 2-0:1.0: debounce: port 2: total 100ms stable 100ms status 0x101
May 18 15:32:34 mid kernel: usb 2-2: new full speed USB device using uhci_hcd and address 2
May 18 15:32:34 mid kernel: usb 2-2: default language 0x0409
May 18 15:32:34 mid kernel: usb 2-2: udev 2, busnum 2, minor = 129
May 18 15:32:34 mid kernel: usb 2-2: New USB device found, idVendor=148f, idProduct=3070
May 18 15:32:34 mid kernel: usb 2-2: New USB device strings: Mfr=1, Product=2, SerialNumber=3
May 18 15:32:34 mid kernel: usb 2-2: Product: 802.11 n WLAN
May 18 15:32:34 mid kernel: usb 2-2: Manufacturer: Ralink
May 18 15:32:34 mid kernel: usb 2-2: SerialNumber: 1.0
May 18 15:32:34 mid kernel: usb 2-2: uevent
May 18 15:32:34 mid kernel: usb 2-2: usb_probe_device
May 18 15:32:34 mid kernel: usb 2-2: configuration #1 chosen from 1 choice
May 18 15:32:34 mid kernel: usb 2-2: adding 2-2:1.0 (config #1, interface 0)
May 18 15:32:34 mid kernel: usb 2-2:1.0: uevent
May 18 15:32:34 mid kernel: usbserial_generic 2-2:1.0: usb_probe_interface
May 18 15:32:34 mid kernel: usbserial_generic 2-2:1.0: usb_probe_interface - got id
May 18 15:32:34 mid kernel: drivers/usb/core/inode.c: creating file '002'
May 18 15:32:34 mid kernel: rt2870 2-2:1.0: usb_probe_interface
May 18 15:32:34 mid kernel: rt2870 2-2:1.0: usb_probe_interface - got id
May 18 15:32:34 mid kernel:
May 18 15:32:34 mid kernel:
May 18 15:32:34 mid kernel: === pAd = cdeb9000, size = 503224 ===
May 18 15:32:34 mid kernel:
May 18 15:32:34 mid kernel: <-- RTMPAllocAdapterBlock, Status=0
May 18 15:32:34 mid kernel: usb 2-2: uevent
May 18 15:32:34 mid kernel: usb usb2: uevent
May 18 15:32:34 mid kernel: usbcore: registered new interface driver rt2870
May 18 15:32:34 mid kernel: usb 2-2: uevent
May 18 15:32:35 mid kernel: vgaarb: this pci device is not a vga device
May 18 15:32:35 mid kernel: vgaarb: this pci device is not a vga device
May 18 15:32:37 mid kernel: <-- RTMPAllocTxRxRingMemory, Status=0
May 18 15:32:37 mid kernel: -->RTUSBVenderReset
May 18 15:32:37 mid kernel: <--RTUSBVenderReset
May 18 15:32:38 mid kernel: usb usb1: uevent
May 18 15:32:38 mid kernel: usb 1-0:1.0: uevent
May 18 15:32:38 mid kernel: usb usb2: uevent
May 18 15:32:38 mid kernel: usb 2-0:1.0: uevent
May 18 15:32:38 mid kernel: usb 2-2: uevent
May 18 15:32:38 mid kernel: usb 2-2:1.0: uevent
May 18 15:32:39 mid kernel: Key1Str is Invalid key length(0) or Type(0)
May 18 15:32:39 mid kernel: Key2Str is Invalid key length(0) or Type(0)
May 18 15:32:39 mid kernel: Key3Str is Invalid key length(0) or Type(0)
May 18 15:32:39 mid kernel: Key4Str is Invalid key length(0) or Type(0)
May 18 15:32:39 mid kernel: 1. Phy Mode = 9
May 18 15:32:39 mid kernel: 2. Phy Mode = 9
May 18 15:32:39 mid kernel: NVM is Efuse and its size =2d[2d0-2fc] 
May 18 15:32:40 mid kernel: 3. Phy Mode = 9
May 18 15:32:40 mid kernel: RTMPSetPhyMode: channel is out of range, use first channel=1 
May 18 15:32:40 mid kernel: MCS Set = ff 00 00 00 01
May 18 15:32:40 mid kernel: <==== rt28xx_init, Status=0
May 18 15:32:40 mid kernel: 0x1300 = 00064300
May 18 15:32:46 mid kernel: ==>rt_ioctl_siwfreq::SIOCSIWFREQ[cmd=0x8b04] (Channel=1)
May 18 15:32:54 mid kernel: usb usb1: uevent
May 18 15:32:54 mid kernel: usb 1-0:1.0: uevent
May 18 15:32:54 mid kernel: usb usb2: uevent
May 18 15:32:54 mid kernel: usb 2-0:1.0: uevent
May 18 15:32:54 mid kernel: usb 2-2: uevent
May 18 15:32:54 mid kernel: usb 2-2:1.0: uevent
May 18 15:32:56 mid polkitd[1696]: started daemon version 0.96 using authority implementation `local' version `0.96'
May 18 15:33:12 mid kernel: WMT_I2S: *** stream_id=0, rate=44100, format=0x1 channels=2 ***
May 18 15:33:12 mid kernel: [VPP] set audio(fmt 16,rate 8000,ch 2)
May 18 15:33:13 mid kernel: WMT_I2S: *** stream_id=0, rate=44100, format=0x2 channels=2 ***
May 18 15:33:13 mid kernel: [VPP] set audio(fmt 16,rate 44100,ch 2)
May 18 15:33:13 mid kernel: WMT_I2S: *** stream_id=0, rate=44100, format=0x2 channels=1 ***
May 18 15:33:26 mid kernel: usb usb1: uevent
May 18 15:33:26 mid kernel: usb 1-0:1.0: uevent
May 18 15:33:26 mid kernel: usb usb2: uevent
May 18 15:33:26 mid kernel: usb 2-0:1.0: uevent
May 18 15:33:26 mid kernel: usb 2-2: uevent
May 18 15:33:26 mid kernel: usb 2-2:1.0: uevent
May 18 15:34:32 mid kernel: Rcv Wcid(1) AddBAReq
May 18 15:34:32 mid kernel: Start Seq = 00000000
May 18 15:48:54 mid gnome-session[1606]: WARNING: Failed to send buffer
May 18 15:48:55 mid bonobo-activation-server (ira-1778): could not associate with desktop session: Failed to connect to socket /tmp/dbus-U1zcfTakg2: Connection refused
May 18 15:48:57 mid kernel: vgaarb: this pci device is not a vga device
May 18 15:48:57 mid kernel: vgaarb: this pci device is not a vga device
May 18 15:48:59 mid kernel: usb usb1: uevent
May 18 15:48:59 mid kernel: usb 1-0:1.0: uevent
May 18 15:48:59 mid kernel: usb usb2: uevent
May 18 15:48:59 mid kernel: usb 2-0:1.0: uevent
May 18 15:48:59 mid kernel: usb 2-2: uevent
May 18 15:48:59 mid kernel: usb 2-2:1.0: uevent
May 18 15:49:28 mid kernel: WMT_I2S: *** stream_id=1, rate=44100, format=0x2 channels=2 ***
May 18 15:49:28 mid kernel: WMT_I2S: *** stream_id=0, rate=44100, format=0x1 channels=2 ***
May 18 15:49:28 mid kernel: [VPP] set audio(fmt 16,rate 8000,ch 2)
May 18 15:49:29 mid kernel: WMT_I2S: *** stream_id=0, rate=44100, format=0x2 channels=2 ***
May 18 15:49:29 mid kernel: [VPP] set audio(fmt 16,rate 44100,ch 2)
May 18 15:49:29 mid kernel: WMT_I2S: *** stream_id=0, rate=44100, format=0x2 channels=1 ***
May 18 15:49:41 mid kernel: usb usb1: uevent
May 18 15:49:41 mid kernel: usb 1-0:1.0: uevent
May 18 15:49:41 mid kernel: usb usb2: uevent
May 18 15:49:41 mid kernel: usb 2-0:1.0: uevent
May 18 15:49:41 mid kernel: usb 2-2: uevent
May 18 15:49:41 mid kernel: usb 2-2:1.0: uevent
May 18 16:17:01 mid /USR/SBIN/CRON[1972]: (root) CMD (   cd / && run-parts --report /etc/cron.hourly)
May 18 16:53:13 mid shutdown[1977]: shutting down for system halt
May 18 16:53:14 mid init: Switching to runlevel: 0
May 18 16:53:16 mid acpid: exiting
May 18 16:53:17 mid kernel: UsbVendorReq_semaphore get failed
May 18 16:53:17 mid kernel: UsbVendorReq_semaphore get failed
May 18 16:53:17 mid kernel: UsbVendorReq_semaphore get failed
May 18 16:53:17 mid kernel: UsbVendorReq_semaphore get failed
May 18 16:53:17 mid kernel: UsbVendorReq_semaphore get failed
May 18 16:53:17 mid kernel: UsbVendorReq_semaphore get failed
May 18 16:53:17 mid kernel: UsbVendorReq_semaphore get failed
May 18 16:53:17 mid kernel: UsbVendorReq_semaphore get failed
May 18 16:53:17 mid kernel: UsbVendorReq_semaphore get failed
May 18 16:53:17 mid kernel: UsbVendorReq_semaphore get failed
May 18 16:53:17 mid kernel: UsbVendorReq_semaphore get failed
May 18 16:53:17 mid kernel: UsbVendorReq_semaphore get failed
May 18 16:53:17 mid kernel: UsbVendorReq_semaphore get failed
May 18 16:53:17 mid kernel: ===> rt28xx_close
May 18 16:53:17 mid kernel: ---> RTMPFreeTxRxRingMemory
May 18 16:53:17 mid kernel: <--- RTMPFreeTxRxRingMemory
May 18 16:53:18 mid kernel: Kernel logging (proc) stopped.
May 18 16:53:18 mid rsyslogd: [origin software="rsyslogd" swVersion="4.6.4" x-pid="1280" x-info="http://www.rsyslog.com"] exiting on signal 15.
May 18 18:55:11 mid kernel: imklog 4.6.4, log source = /proc/kmsg started.
May 18 18:55:11 mid rsyslogd: [origin software="rsyslogd" swVersion="4.6.4" x-pid="1281" x-info="http://www.rsyslog.com"] (re)start
May 18 18:55:11 mid kernel: Linux version 2.6.32.9-default (hangyan@szmce12) (gcc version 4.5.1 (Sourcery G++ Lite 2010.09-50) ) #1 Wed Jul 13 09:56:43 HKT 2011
May 18 18:55:11 mid kernel: CPU: ARM926EJ-S [41069265] revision 5 (ARMv5TEJ), cr=00053177
May 18 18:55:11 mid kernel: CPU: VIVT data cache, VIVT instruction cache
May 18 18:55:11 mid kernel: Machine: WMT
May 18 18:55:11 mid kernel: Memory policy: ECC disabled, Data cache writeback
May 18 18:55:11 mid kernel: On node 0 totalpages: 54784
May 18 18:55:11 mid kernel: free_area_init_node: node 0, pgdat c05b5f3c, node_mem_map c0696000
May 18 18:55:12 mid kernel:  Normal zone: 428 pages used for memmap
May 18 18:55:12 mid kernel:  Normal zone: 0 pages reserved
May 18 18:55:12 mid kernel:  Normal zone: 54356 pages, LIFO batch:15
May 18 18:55:12 mid kernel: Built 1 zonelists in Zone order, mobility grouping on.  Total pages: 54356
May 18 18:55:12 mid kernel: Kernel command line: mem=214M root=/dev/mmcblk0p2 noinitrd rw rootfstype=ext2 console=ttyS0,115200n8 rootdelay=10
May 18 18:55:12 mid kernel: PID hash table entries: 1024 (order: 0, 4096 bytes)
May 18 18:55:12 mid kernel: Dentry cache hash table entries: 32768 (order: 5, 131072 bytes)
May 18 18:55:12 mid kernel: Inode-cache hash table entries: 16384 (order: 4, 65536 bytes)
May 18 18:55:12 mid kernel: Memory: 214MB = 214MB total
May 18 18:55:12 mid kernel: Memory: 210304KB available (5428K code, 1125K data, 148K init, 0K highmem)
May 18 18:55:12 mid kernel: Hierarchical RCU implementation.
May 18 18:55:12 mid kernel: NR_IRQS:128
May 18 18:55:12 mid kernel: Console: colour dummy device 80x30
May 18 18:55:12 mid kernel: console [ttyS0] enabled
May 18 18:55:12 mid kernel: Calibrating delay loop... 299.00 BogoMIPS (lpj=1495040)
May 18 18:55:12 mid kernel: Mount-cache hash table entries: 512
May 18 18:55:12 mid kernel: CPU: Testing write buffer coherency: ok
May 18 18:55:12 mid kernel: NET: Registered protocol family 16
May 18 18:55:12 mid kernel: wmt_pci_init
May 18 18:55:12 mid kernel: PCI: WonderMidia Technology PCI Bridge
May 18 18:55:12 mid kernel: pci 0000:00:01.0: reg 10 io port: [0xd8008100-0xd8008107]
May 18 18:55:12 mid kernel: pci 0000:00:01.0: reg 14 io port: [0xd8008144-0xd8008147]
May 18 18:55:12 mid kernel: pci 0000:00:01.0: reg 20 io port: [0xd8008180-0xd800818f]
May 18 18:55:12 mid kernel: pci 0000:00:02.0: reg 10 io port: [0xd8004000-0xd80040ff]
May 18 18:55:12 mid kernel: pci 0000:00:02.0: reg 14 32bit mmio: [0xd8004000-0xd80040ff]
May 18 18:55:12 mid kernel: pci 0000:00:04.0: reg 10 32bit mmio: [0xd8007900-0xd80079ff]
May 18 18:55:12 mid kernel: pci 0000:00:05.0: reg 20 io port: [0xd8007b00-0xd8007b1f]
May 18 18:55:12 mid kernel: pci 0000:00:06.0: reg 20 io port: [0xd8008d00-0xd8008d1f]
May 18 18:55:12 mid kernel: PCI: bus0: Fast back to back transfers disabled
May 18 18:55:12 mid kernel: [WMT-MB] Preparing VIDEO BUFFER (SIZE 32768 kB) ...
May 18 18:55:12 mid kernel: [WMT-MB] MAX MB Area size: Max 4096 Kbs Min 256 Kbs
May 18 18:55:12 mid kernel: [WMT-MB] prob /dev/Memory Block major 242, minor 0
May 18 18:55:12 mid kernel: bio: create slab <bio-0> at 0
May 18 18:55:12 mid kernel: vgaarb: loaded
May 18 18:55:12 mid kernel: SCSI subsystem initialized
May 18 18:55:12 mid kernel: usbcore: registered new interface driver usbfs
May 18 18:55:12 mid kernel: usbcore: registered new interface driver hub
May 18 18:55:12 mid kernel: usbcore: registered new device driver usb
May 18 18:55:12 mid kernel: NET: Registered protocol family 2
May 18 18:55:12 mid kernel: IP route cache hash table entries: 2048 (order: 1, 8192 bytes)
May 18 18:55:12 mid kernel: TCP established hash table entries: 8192 (order: 4, 65536 bytes)
May 18 18:55:12 mid kernel: TCP bind hash table entries: 8192 (order: 3, 32768 bytes)
May 18 18:55:12 mid kernel: TCP: Hash tables configured (established 8192 bind 8192)
May 18 18:55:12 mid kernel: TCP reno registered
May 18 18:55:12 mid kernel: NET: Registered protocol family 1
May 18 18:55:12 mid kernel: RPC: Registered udp transport module.
May 18 18:55:12 mid kernel: RPC: Registered tcp transport module.
May 18 18:55:12 mid kernel: RPC: Registered tcp NFSv4.1 backchannel transport module.
May 18 18:55:12 mid kernel: ashmem: initialized
May 18 18:55:12 mid kernel: NTFS driver 2.1.29 [Flags: R/W].
May 18 18:55:12 mid kernel: JFFS2 version 2.2. (NAND) © 2001-2006 Red Hat, Inc.
May 18 18:55:12 mid kernel: yaffs Jul 13 2011 09:56:24 Installing. 
May 18 18:55:12 mid kernel: msgmni has been set to 411
May 18 18:55:12 mid kernel: alg: No test for stdrng (krng)
May 18 18:55:12 mid kernel: io scheduler noop registered
May 18 18:55:12 mid kernel: io scheduler anticipatory registered
May 18 18:55:12 mid kernel: io scheduler deadline registered
May 18 18:55:12 mid kernel: io scheduler cfq registered (default)
May 18 18:55:12 mid kernel: un-know id = 0xc84013
May 18 18:55:12 mid kernel: un-know id = 0xffffff
May 18 18:55:12 mid kernel: wmt sf controller initial ok
May 18 18:55:12 mid kernel: Creating 6 MTD partitions on "mtdsf device":
May 18 18:55:12 mid kernel: 0x000000000000-0x000000d00000 : "filesystem-SF"
May 18 18:55:12 mid kernel: 0x000000d00000-0x000000f80000 : "kernel-SF"
May 18 18:55:12 mid kernel: 0x000000f80000-0x000000fd0000 : "u-boot-SF"
May 18 18:55:12 mid kernel: 0x000000fd0000-0x000000fe0000 : "u-boot env. cfg. 1-SF"
May 18 18:55:12 mid kernel: 0x000000fe0000-0x000000ff0000 : "u-boot env. cfg. 2-SF"
May 18 18:55:12 mid kernel: 0x000000ff0000-0x000001000000 : "w-load-SF"
May 18 18:55:12 mid kernel: 1PMNAND_ADDR=0x6 
May 18 18:55:12 mid kernel: kmalloc buffer env_ptr = 0xcd160000, env_ptr_nand = 0xcd160000
May 18 18:55:12 mid kernel: MTD dev0   size: 0x00d00000   : "filesystem-SF"
May 18 18:55:12 mid kernel: MTD dev1   size: 0x00280000   : "kernel-SF"
May 18 18:55:12 mid kernel: MTD dev2   size: 0x00050000   : "u-boot-SF"
May 18 18:55:12 mid kernel: MTD dev3   size: 0x00010000   : "u-boot env. cfg. 1-SF"
May 18 18:55:12 mid kernel: MTD dev4   size: 0x00010000   : "u-boot env. cfg. 2-SF"
May 18 18:55:12 mid kernel: MTD dev5   size: 0x00010000   : "w-load-SF"
May 18 18:55:12 mid kernel: MTD Dev3 isn't valid
May 18 18:55:12 mid kernel: ## Warning: "wmt.io.nand" not defined
May 18 18:55:12 mid kernel: NAND device: Manufacturer ID: 0xec, Chip ID: 0xd7947a (Samsung SAMSUNG_K9GBG08U0A)
May 18 18:55:12 mid kernel: PLLB=0xe, spec_clk=0x140a0cff
May 18 18:55:12 mid kernel: T1=2, clk1=17, div1=6, Thold=1, tREA=20+delay(9)
May 18 18:55:12 mid kernel: T2=1, clk2=31, div2=11, Thold2=1, comp=1
May 18 18:55:12 mid kernel: Tim1=417792 , Tim2=507904
May 18 18:55:12 mid kernel: T2 is greater and not use
May 18 18:55:12 mid kernel: T=2, clk=17, divisor=6, Thold=0x701
May 18 18:55:12 mid kernel: divisor PMNAND_ADDR is set 0x6, NFC_timing=0x2424
May 18 18:55:12 mid kernel: BCH ECC 24BIT
May 18 18:55:12 mid kernel: ## Warning: "wmt.io.nand" not defined
May 18 18:55:12 mid kernel: NAND device: Manufacturer ID: 0xec, Chip ID: 0xd7947a (Samsung SAMSUNG_K9GBG08U0A)
May 18 18:55:12 mid kernel: find bbt page is 524032
May 18 18:55:12 mid kernel: Bad block table found at page 524032, version 0x01
May 18 18:55:12 mid kernel: find bbt page is 523904
May 18 18:55:12 mid kernel: Bad block table found at page 523904, version 0x01
May 18 18:55:12 mid kernel: nand_read_bbt: Bad block at 0x000000400000
May 18 18:55:12 mid kernel: Bad block at 4
May 18 18:55:12 mid kernel: nand_read_bbt: Bad block at 0x000000500000
May 18 18:55:12 mid kernel: Bad block at 5
May 18 18:55:12 mid kernel: nand_read_bbt: Bad block at 0x000001000000
May 18 18:55:12 mid kernel: Bad block at 16
May 18 18:55:12 mid kernel: nand_read_bbt: Bad block at 0x000001100000
May 18 18:55:12 mid kernel: Bad block at 17
May 18 18:55:12 mid kernel: nand_read_bbt: Bad block at 0x00003b400000
May 18 18:55:12 mid kernel: Bad block at 948
May 18 18:55:12 mid kernel: nand_read_bbt: Bad block at 0x00003cc00000
May 18 18:55:12 mid kernel: Bad block at 972
May 18 18:55:12 mid kernel: nand_read_bbt: Bad block at 0x00003cd00000
May 18 18:55:12 mid kernel: Bad block at 973
May 18 18:55:12 mid kernel: nand_read_bbt: Bad block at 0x000049e00000
May 18 18:55:12 mid kernel: Bad block at 1182
May 18 18:55:12 mid kernel: nand_read_bbt: Bad block at 0x00004ac00000
May 18 18:55:12 mid kernel: Bad block at 1196
May 18 18:55:12 mid kernel: nand_read_bbt: Bad block at 0x00004ae00000
May 18 18:55:12 mid kernel: Bad block at 1198
May 18 18:55:12 mid kernel: WMT_nand: uboot no dynamic partitions defined, use default static
May 18 18:55:12 mid kernel: Creating 11 MTD partitions on "WMT.nand":
May 18 18:55:12 mid kernel: 0x000000000000-0x000000100000 : "w-load-NAND"
May 18 18:55:12 mid kernel: 0x000000100000-0x000000a00000 : "u-boot env. cfg. 1-NAND"
May 18 18:55:12 mid kernel: 0x000000a00000-0x000001300000 : "u-boot-NAND"
May 18 18:55:12 mid kernel: 0x000001300000-0x000001b00000 : "kernel-NAND"
May 18 18:55:12 mid kernel: 0x000001b00000-0x000002100000 : "initrd-NAND"
May 18 18:55:12 mid kernel: 0x000002100000-0x000022100000 : "filesystem-NAND"
May 18 18:55:12 mid kernel: 0x000022100000-0x000022500000 : "u-boot-logo"
May 18 18:55:12 mid kernel: 0x000022500000-0x000022900000 : "kernel-logo"
May 18 18:55:12 mid kernel: 0x000022900000-0x000086b00000 : "android-data"
May 18 18:55:12 mid kernel: 0x000086b00000-0x00008eb00000 : "android-cache"
May 18 18:55:12 mid kernel: 0x00008eb00000-0x000100000000 : "LocalDisk"
May 18 18:55:12 mid kernel: MTD dev0 size: 0x00100000     : "w-load-NAND"
May 18 18:55:12 mid kernel: MTD dev1 size: 0x00900000     : "u-boot env. cfg. 1-NAND"
May 18 18:55:12 mid kernel: MTD dev2 size: 0x00900000     : "u-boot-NAND"
May 18 18:55:12 mid kernel: MTD dev3 size: 0x00800000     : "kernel-NAND"
May 18 18:55:12 mid kernel: MTD dev4 size: 0x00600000     : "initrd-NAND"
May 18 18:55:12 mid kernel: MTD dev5 size: 0x20000000     : "filesystem-NAND"
May 18 18:55:12 mid kernel: MTD dev6 size: 0x00400000     : "u-boot-logo"
May 18 18:55:12 mid kernel: MTD dev0 size: 0x00100000     : "w-load-NAND"
May 18 18:55:12 mid kernel: MTD dev1 size: 0x00900000     : "u-boot env. cfg. 1-NAND"
May 18 18:55:12 mid kernel: MTD dev2 size: 0x00900000     : "u-boot-NAND"
May 18 18:55:12 mid kernel: MTD dev3 size: 0x00800000     : "kernel-NAND"
May 18 18:55:12 mid kernel: MTD dev4 size: 0x00600000     : "initrd-NAND"
May 18 18:55:12 mid kernel: MTD dev5 size: 0x20000000     : "filesystem-NAND"
May 18 18:55:12 mid kernel: MTD dev6 size: 0x00400000     : "u-boot-logo"
May 18 18:55:12 mid kernel: MTD dev7 size: 0x00400000     : "kernel-logo"
May 18 18:55:12 mid kernel: nand initialised ok
May 18 18:55:12 mid kernel: i2c /dev entries driver
May 18 18:55:12 mid kernel: I2C PORT0: Transfer Mode = 1; Speed Mode = 1
May 18 18:55:12 mid kernel: i2c: adding wmt_i2c_adapter0.
May 18 18:55:12 mid kernel: i2c: successfully added bus
May 18 18:55:12 mid kernel:
May 18 18:55:12 mid kernel: I2C PORT1: Transfer Mode = 1; Speed Mode = 1
May 18 18:55:12 mid kernel: i2c: adding wmt_i2c_adapter1.
May 18 18:55:12 mid kernel: i2c: successfully added bus
May 18 18:55:12 mid kernel: [wmt_i2c_api_i2c_init]
May 18 18:55:12 mid kernel: [wmt_i2c_api_init] wmt_i2c_api_init.
May 18 18:55:12 mid kernel: i2c: wmt algorithm module loaded.
May 18 18:55:12 mid kernel: ## Warning: "wmt.display.direct_path" not defined
May 18 18:55:12 mid kernel: vpp_init(boot logo 1)
May 18 18:55:12 mid kernel: [VPP] GOVW TG 0,vpu en 0,vpu path 0
May 18 18:55:12 mid kernel: div_addr_offs=0x35c PLL_NO=1 
May 18 18:55:12 mid kernel: [VPP] GOVW TG 0,vpu en 0,vpu path 0
May 18 18:55:12 mid kernel: [VPP] GOVW TG 1,vpu en 0,vpu path 0
May 18 18:55:12 mid kernel: [VPP] GOVW TG 1,vpu en 0,vpu path 0
May 18 18:55:12 mid kernel: [VO] vout_init: <1>vo_init_wm8435
May 18 18:55:12 mid kernel: vt1632 hw mode
May 18 18:55:12 mid kernel: [VOUT] ext dev : DVI
May 18 18:55:12 mid kernel: [VOUT] int dev : NO
May 18 18:55:12 mid kernel: ## Warning: "wmt.display.user_res" not defined
May 18 18:55:12 mid kernel: ## Warning: "wmt.display.regop" not defined
May 18 18:55:12 mid kernel: [VOUT] param 2:0:16:0:0:0
May 18 18:55:12 mid kernel: [VOUT] boot parm vo LCD opt 0,16, 0x0@0
May 18 18:55:12 mid kernel: ## Warning: "wmt.display.param2" not defined
May 18 18:55:12 mid kernel: ----------------------[VOUT] pwm 0:25:50:99 -------------------
May 18 18:55:12 mid kernel: [VOUT] blt 0,scalar 25,period 50,duty 99
May 18 18:55:12 mid kernel: [VOUT] tmr 40000:0:10:46:800:20:10:23:480:10
May 18 18:55:12 mid kernel: [VOUT] tmr pixclk 40000000,option 0x0,hsync 10,hbp 46,hpixel 800,hfp 20,vsync 10,vbp 23,vpixel 480,vfp 10
May 18 18:55:12 mid kernel: [VOUT] boot argument vo1 2,vo2 9
May 18 18:55:12 mid kernel: [VO] vo_boot_init: <7>vo_boot_init(0)
May 18 18:55:12 mid kernel: vo_init_wm8440 (BOOT 800x480,0)
May 18 18:55:12 mid kernel: gefb: framebuffer at 0f800000, mapped to d0000000, using 8192k, total 8192k
May 18 18:55:12 mid kernel: Console: switching to colour frame buffer device 100x30
May 18 18:55:12 mid kernel: fb0: wmtfb frame buffer device
May 18 18:55:12 mid kernel: loadtime = -3
May 18 18:55:12 mid kernel: start_boot_splash: screen xres = 800, yres = 480, info->var.bits_per_pixel =16
May 18 18:55:12 mid kernel: wmt.kernel.animation.addr = f600000, 0xf600000 map to 0xcda00000
May 18 18:55:12 mid kernel: It's not a valid Animation file at 0xcda00000, first 4 bytes: 0xffffffff
May 18 18:55:12 mid kernel: --> start progress bar
May 18 18:55:12 mid kernel: [VO] vo_boot_config: <7>vo_boot_config
May 18 18:55:12 mid kernel: [VO] vo_boot_config: <7>Exit vo_boot_config
May 18 18:55:12 mid kernel: div_addr_offs=0x35c PLL_NO=1 
May 18 18:55:12 mid kernel: [VPP] GOVW TG 0,vpu en 0,vpu path 0
May 18 18:55:12 mid kernel: [VPP] GOVW TG 1,vpu en 0,vpu path 0
May 18 18:55:12 mid kernel: [VPP] GOVW TG 1,vpu en 0,vpu path 0
May 18 18:55:12 mid kernel: fb1: WMT VPU frame buffer device
May 18 18:55:12 mid kernel: Enter pwm_init
May 18 18:55:12 mid kernel: mknod /dev/wmtgpio c 253 0
May 18 18:55:12 mid kernel: WMT vibrater driver load successfully!
May 18 18:55:12 mid kernel: uart.0: ttyS0 at MMIO 0xd8200000 (irq = 32) is a wmt serial
May 18 18:55:12 mid kernel: uart.1: ttyS1 at MMIO 0xd82b0000 (irq = 33) is a wmt serial
May 18 18:55:12 mid kernel: WMT Serial driver initialized: ok
May 18 18:55:12 mid kernel: brd: module loaded
May 18 18:55:12 mid kernel: loop: module loaded
May 18 18:55:12 mid kernel: nbd: registered device at major 43
May 18 18:55:12 mid kernel: pmem: 1 init
May 18 18:55:12 mid kernel: PPP generic driver version 2.4.2
May 18 18:55:12 mid kernel: PPP Deflate Compression module registered
May 18 18:55:12 mid kernel: PPP BSD Compression module registered
May 18 18:55:12 mid kernel: NET: Registered protocol family 24
May 18 18:55:12 mid kernel: disable wmt onboard eth mac
May 18 18:55:12 mid kernel: usbcore: registered new interface driver asix
May 18 18:55:12 mid kernel: Linux video capture interface: v2.00
May 18 18:55:12 mid kernel: WonderMedia CMOS camera register OK 
May 18 18:55:12 mid kernel: usbcore: registered new interface driver uvcvideo
May 18 18:55:12 mid kernel: USB Video Class driver (v0.1.0)
May 18 18:55:12 mid kernel: [wmt-vd] prob /dev/wmt-vd major 236, minor 0, prdt ffb03000/d1a0000, size 100 KB
May 18 18:55:12 mid kernel: [wmt-vd] WonderMedia HW decoder driver inited
May 18 18:55:12 mid kernel: [wmt-lock] init ok, major=242, minor=1
May 18 18:55:12 mid kernel: get the cmos gpio setting : 1:0:7:0xd8110040:0xd8110080:0xd81100c0:
May 18 18:55:12 mid kernel: Dean:spi_probe
May 18 18:55:12 mid kernel: spi irq num = 0x18
May 18 18:55:12 mid kernel: B:0
May 18 18:55:12 mid kernel: A:8
May 18 18:55:12 mid kernel: spi_probe: /dev/WMT_SPI major number 153, minor number 0, device number 1
May 18 18:55:12 mid kernel: WMT EVB SPI Controlor Driver OK!
May 18 18:55:12 mid kernel: uhci_hcd: USB Universal Host Controller Interface driver
May 18 18:55:12 mid kernel: PCI: enabling device 0000:00:05.0 (0000 -> 0001)
May 18 18:55:12 mid kernel: uhci_hcd 0000:00:05.0: UHCI Host Controller
May 18 18:55:12 mid kernel: drivers/usb/core/inode.c: creating file 'devices'
May 18 18:55:12 mid kernel: drivers/usb/core/inode.c: creating file '001'
May 18 18:55:12 mid kernel: uhci_hcd 0000:00:05.0: new USB bus registered, assigned bus number 1
May 18 18:55:12 mid kernel: uhci_hcd 0000:00:05.0: detected 2 ports
May 18 18:55:12 mid kernel: uhci_hcd 0000:00:05.0: uhci_check_and_reset_hc: cmd = 0x0000
May 18 18:55:12 mid kernel: uhci_hcd 0000:00:05.0: Performing full reset
May 18 18:55:12 mid kernel: uhci_hcd 0000:00:05.0: irq 43, io base 0xd8007b00
May 18 18:55:12 mid kernel: usb usb1: default language 0x0409
May 18 18:55:12 mid kernel: usb usb1: udev 1, busnum 1, minor = 0
May 18 18:55:12 mid kernel: usb usb1: New USB device found, idVendor=1d6b, idProduct=0001
May 18 18:55:12 mid kernel: usb usb1: New USB device strings: Mfr=3, Product=2, SerialNumber=1
May 18 18:55:12 mid kernel: usb usb1: Product: UHCI Host Controller
May 18 18:55:12 mid kernel: usb usb1: Manufacturer: Linux 2.6.32.9-default uhci_hcd
May 18 18:55:12 mid kernel: usb usb1: SerialNumber: 0000:00:05.0
May 18 18:55:12 mid kernel: usb usb1: uevent
May 18 18:55:12 mid kernel: usb usb1: usb_probe_device
May 18 18:55:12 mid kernel: usb usb1: configuration #1 chosen from 1 choice
May 18 18:55:12 mid kernel: usb usb1: adding 1-0:1.0 (config #1, interface 0)
May 18 18:55:12 mid kernel: usb 1-0:1.0: uevent
May 18 18:55:12 mid kernel: hub 1-0:1.0: usb_probe_interface
May 18 18:55:12 mid kernel: hub 1-0:1.0: usb_probe_interface - got id
May 18 18:55:12 mid kernel: hub 1-0:1.0: USB hub found
May 18 18:55:12 mid kernel: hub 1-0:1.0: 2 ports detected
May 18 18:55:12 mid kernel: hub 1-0:1.0: standalone hub
May 18 18:55:12 mid kernel: hub 1-0:1.0: no power switching (usb 1.0)
May 18 18:55:12 mid kernel: hub 1-0:1.0: individual port over-current protection
May 18 18:55:12 mid kernel: hub 1-0:1.0: power on to power good time: 2ms
May 18 18:55:12 mid kernel: hub 1-0:1.0: local power source is good
May 18 18:55:12 mid kernel: hub 1-0:1.0: trying to enable port power on non-switchable hub
May 18 18:55:12 mid kernel: drivers/usb/core/inode.c: creating file '001'
May 18 18:55:12 mid kernel: PCI: enabling device 0000:00:06.0 (0000 -> 0001)
May 18 18:55:12 mid kernel: uhci_hcd 0000:00:06.0: UHCI Host Controller
May 18 18:55:12 mid kernel: drivers/usb/core/inode.c: creating file '002'
May 18 18:55:12 mid kernel: uhci_hcd 0000:00:06.0: new USB bus registered, assigned bus number 2
May 18 18:55:12 mid kernel: uhci_hcd 0000:00:06.0: detected 2 ports
May 18 18:55:12 mid kernel: uhci_hcd 0000:00:06.0: uhci_check_and_reset_hc: cmd = 0x0000
May 18 18:55:12 mid kernel: uhci_hcd 0000:00:06.0: Performing full reset
May 18 18:55:12 mid kernel: uhci_hcd 0000:00:06.0: irq 43, io base 0xd8008d00
May 18 18:55:12 mid kernel: usb usb2: default language 0x0409
May 18 18:55:12 mid kernel: usb usb2: udev 1, busnum 2, minor = 128
May 18 18:55:12 mid kernel: usb usb2: New USB device found, idVendor=1d6b, idProduct=0001
May 18 18:55:12 mid kernel: usb usb2: New USB device strings: Mfr=3, Product=2, SerialNumber=1
May 18 18:55:12 mid kernel: usb usb2: Product: UHCI Host Controller
May 18 18:55:12 mid kernel: usb usb2: Manufacturer: Linux 2.6.32.9-default uhci_hcd
May 18 18:55:12 mid kernel: usb usb2: SerialNumber: 0000:00:06.0
May 18 18:55:12 mid kernel: usb usb2: uevent
May 18 18:55:12 mid kernel: usb usb2: usb_probe_device
May 18 18:55:12 mid kernel: usb usb2: configuration #1 chosen from 1 choice
May 18 18:55:12 mid kernel: usb usb2: adding 2-0:1.0 (config #1, interface 0)
May 18 18:55:12 mid kernel: usb 2-0:1.0: uevent
May 18 18:55:12 mid kernel: hub 2-0:1.0: usb_probe_interface
May 18 18:55:12 mid kernel: hub 2-0:1.0: usb_probe_interface - got id
May 18 18:55:12 mid kernel: hub 2-0:1.0: USB hub found
May 18 18:55:12 mid kernel: hub 2-0:1.0: 2 ports detected
May 18 18:55:12 mid kernel: hub 2-0:1.0: standalone hub
May 18 18:55:12 mid kernel: hub 2-0:1.0: no power switching (usb 1.0)
May 18 18:55:12 mid kernel: hub 2-0:1.0: individual port over-current protection
May 18 18:55:12 mid kernel: hub 2-0:1.0: power on to power good time: 2ms
May 18 18:55:12 mid kernel: hub 2-0:1.0: local power source is good
May 18 18:55:12 mid kernel: hub 2-0:1.0: trying to enable port power on non-switchable hub
May 18 18:55:12 mid kernel: drivers/usb/core/inode.c: creating file '001'
May 18 18:55:12 mid kernel: usbcore: registered new interface driver cdc_acm
May 18 18:55:12 mid kernel: cdc_acm: v0.26:USB Abstract Control Model driver for USB modems and ISDN adapters
May 18 18:55:12 mid kernel: Initializing USB Mass Storage driver...
May 18 18:55:12 mid kernel: usbcore: registered new interface driver usb-storage
May 18 18:55:12 mid kernel: USB Mass Storage support registered.
May 18 18:55:12 mid kernel: usbcore: registered new interface driver usbserial
May 18 18:55:12 mid kernel: debug:1 by rubbitxiao
May 18 18:55:12 mid kernel: drivers/usb/serial/usb-serial.c: Had to override the open usb serial operation with the generic one.
May 18 18:55:12 mid kernel: drivers/usb/serial/usb-serial.c: Had to override the write usb serial operation with the generic one.
May 18 18:55:12 mid kernel: drivers/usb/serial/usb-serial.c: Had to override the close usb serial operation with the generic one.
May 18 18:55:12 mid kernel: drivers/usb/serial/usb-serial.c: Had to override the write_room usb serial operation with the generic one.
May 18 18:55:12 mid kernel: drivers/usb/serial/usb-serial.c: Had to override the chars_in_buffer usb serial operation with the generic one.
May 18 18:55:12 mid kernel: drivers/usb/serial/usb-serial.c: Had to override the read_bulk_callback usb serial operation with the generic one.
May 18 18:55:12 mid kernel: drivers/usb/serial/usb-serial.c: Had to override the write_bulk_callback usb serial operation with the generic one.
May 18 18:55:12 mid kernel: USB Serial support registered for generic
May 18 18:55:12 mid kernel: usbcore: registered new interface driver usbserial_generic
May 18 18:55:12 mid kernel: usbserial: USB Serial Driver core
May 18 18:55:12 mid kernel: drivers/usb/serial/usb-serial.c: Had to override the read_bulk_callback usb serial operation with the generic one.
May 18 18:55:12 mid kernel: drivers/usb/serial/usb-serial.c: Had to override the write_bulk_callback usb serial operation with the generic one.
May 18 18:55:12 mid kernel: uhci_hcd 0000:00:05.0: port 1 portsc 008a,00
May 18 18:55:12 mid kernel: uhci_hcd 0000:00:05.0: port 2 portsc 008a,00
May 18 18:55:12 mid kernel: USB Serial support registered for GSM modem (1-port)
May 18 18:55:12 mid kernel: usbcore: registered new interface driver option
May 18 18:55:12 mid kernel: option: v0.7.2:USB Driver for GSM modems
May 18 18:55:12 mid kernel: usbcore: registered new interface driver VIAUSBModem
May 18 18:55:12 mid kernel: LinuxVIAUSBD1.0.4:VIA USB CDMA Modem
May 18 18:55:12 mid kernel: drivers/usb/serial/usb-serial.c: Had to override the disconnect usb serial operation with the generic one.
May 18 18:55:12 mid kernel: USB Serial support registered for pl2303
May 18 18:55:12 mid kernel: usbcore: registered new interface driver pl2303
May 18 18:55:12 mid kernel: pl2303: Prolific PL2303 USB to serial adaptor driver
May 18 18:55:12 mid kernel: drivers/usb/serial/usb-serial.c: Had to override the write usb serial operation with the generic one.
May 18 18:55:12 mid kernel: drivers/usb/serial/usb-serial.c: Had to override the close usb serial operation with the generic one.
May 18 18:55:12 mid kernel: drivers/usb/serial/usb-serial.c: Had to override the write_room usb serial operation with the generic one.
May 18 18:55:12 mid kernel: drivers/usb/serial/usb-serial.c: Had to override the chars_in_buffer usb serial operation with the generic one.
May 18 18:55:12 mid kernel: drivers/usb/serial/usb-serial.c: Had to override the read_bulk_callback usb serial operation with the generic one.
May 18 18:55:12 mid kernel: drivers/usb/serial/usb-serial.c: Had to override the write_bulk_callback usb serial operation with the generic one.
May 18 18:55:12 mid kernel: drivers/usb/serial/usb-serial.c: Had to override the disconnect usb serial operation with the generic one.
May 18 18:55:12 mid kernel: drivers/usb/serial/usb-serial.c: Had to override the release usb serial operation with the generic one.
May 18 18:55:12 mid kernel: USB Serial support registered for GobiSerial
May 18 18:55:12 mid kernel: usbcore: registered new interface driver GobiSerial
May 18 18:55:12 mid kernel: GobiSerial: 1.0.20
May 18 18:55:12 mid kernel: udc: VIA UDC driver, version: 3 December 2007 (dma)
May 18 18:55:12 mid kernel: udc: pullup_disable()
May 18 18:55:12 mid kernel: mount_thread
May 18 18:55:12 mid kernel: udc: wmt_udc_probe - request_irq(0x2B) pass!
May 18 18:55:12 mid kernel: uhci_hcd 0000:00:06.0: port 1 portsc 008a,00
May 18 18:55:12 mid kernel: uhci_hcd 0000:00:06.0: port 2 portsc 008a,00
May 18 18:55:12 mid kernel: mice: PS/2 mouse device common for all mice
May 18 18:55:12 mid kernel: ## Warning: "wmt.io.ts" not defined
May 18 18:55:12 mid kernel: p.x = 800, p.y = 480, gpio=0
May 18 18:55:12 mid kernel: ## Warning: "wmt.tsc.key" not defined
May 18 18:55:12 mid kernel: UTK:Read wmt.tsc.key Failed.
May 18 18:55:12 mid kernel: Tsc calibrate init data: [-83 29762 -6278833 22259 -52 -13696263 138634]
May 18 18:55:12 mid kernel: input: utk_touch as /devices/virtual/input/input0
May 18 18:55:12 mid kernel: UTK Touchscreen Driver Installed OK!
May 18 18:55:12 mid kernel: ===== VT1603 Touch Disabled!=====
May 18 18:55:12 mid kernel: vt1603_ts Touch Disabled!
May 18 18:55:12 mid kernel: wmt.audio.i2s[i2sbus] not valid. set i2c-bus-1
May 18 18:55:12 mid kernel: VT1603 Touch & Battery ADC Driver Installed!wmt_rtc on
May 18 18:55:12 mid kernel: using rtc device, wmt-rtc, for alarms
May 18 18:55:12 mid kernel: wmt-rtc wmt-rtc.0: rtc core: registered wmt-rtc as rtc0
May 18 18:55:12 mid kernel: WMT Real Time Clock driver v0.54 initialized: ok
May 18 18:55:12 mid kernel: device-mapper: ioctl: 4.15.0-ioctl (2009-04-01) initialised: dm-devel@redhat.com
May 18 18:55:12 mid kernel: device-mapper: multipath: version 1.1.0 loaded
May 18 18:55:12 mid kernel: device-mapper: multipath round-robin: version 1.0.0 loaded
May 18 18:55:12 mid kernel: device-mapper: multipath queue-length: version 0.1.0 loaded
May 18 18:55:12 mid kernel: device-mapper: multipath service-time: version 0.2.0 loaded
May 18 18:55:12 mid kernel: WMT ATSMB (AHB To SD/MMC Bus) controller registered!
May 18 18:55:12 mid kernel: ## Warning: "rootdev" not defined
May 18 18:55:12 mid kernel: Do not initialize mmc1 when boot from NandFlash.
May 18 18:55:12 mid kernel: [MMC/SD driver] ATSMB1 probe Failed!
May 18 18:55:12 mid kernel: sdmmc1: probe of sdmmc1.0 failed with error -22
May 18 18:55:12 mid kernel: ------------------ lcd_backlight_probe ---------------
May 18 18:55:12 mid kernel: Registered led device: lcd-backlight
May 18 18:55:12 mid kernel: usbcore: registered new interface driver hiddev
May 18 18:55:12 mid kernel: usbcore: registered new interface driver usbhid
May 18 18:55:12 mid kernel: usbhid: v2.6:USB HID core driver
May 18 18:55:12 mid kernel: logger: created 256K log 'log_main'
May 18 18:55:12 mid kernel: logger: created 256K log 'log_events'
May 18 18:55:12 mid kernel: logger: created 64K log 'log_radio'
May 18 18:55:12 mid kernel: Advanced Linux Sound Architecture Driver Version 1.0.21.
May 18 18:55:12 mid kernel: No device for DAI VT1603
May 18 18:55:12 mid kernel: No device for DAI HWDEC
May 18 18:55:12 mid kernel: i2c_transfer returned -5
May 18 18:55:12 mid kernel: WM8900 0-001b: Device is not a WM8900 - ID 0
May 18 18:55:12 mid kernel: ## Warning: "wmt.audio.echo.cancel" not defined
May 18 18:55:12 mid kernel: WMT_SOC: dai_name=i2s, codec_name=vt1603
May 18 18:55:12 mid kernel: No device for DAI wmt-i2s-dai
May 18 18:55:12 mid kernel: [VPP] set audio(fmt 16,rate 44100,ch 2)
May 18 18:55:12 mid kernel: VT1603 Audio Codec 0.10
May 18 18:55:12 mid kernel: wmt.audio.i2s = vt1603:f1:f2:ff:ff:80
May 18 18:55:12 mid kernel: [i2sbus] invalid. set i2c_bus->1
May 18 18:55:12 mid kernel: [mic/linein] invalid. set record->mic
May 18 18:55:12 mid kernel: playback volume percent[80%]
May 18 18:55:12 mid kernel: ## Warning: "wmt.vt1603.debug" not defined
May 18 18:55:12 mid kernel: ## Warning: "wmt.audio.fm34" not defined
May 18 18:55:12 mid kernel: asoc: VT1603 <-> wmt-i2s-dai mapping ok
May 18 18:55:12 mid kernel: ALSA device list:
May 18 18:55:12 mid kernel:  #0: WMT_SOC (VT1603)
May 18 18:55:12 mid kernel: TCP cubic registered
May 18 18:55:12 mid kernel: NET: Registered protocol family 17
May 18 18:55:12 mid kernel: lib80211: common routines for IEEE802.11 drivers
May 18 18:55:12 mid kernel: lib80211_crypt: registered algorithm 'NULL'
May 18 18:55:12 mid kernel: ## Warning: "wmt.io.pwkey" not defined
May 18 18:55:12 mid kernel: mount_thread
May 18 18:55:12 mid kernel: hub 1-0:1.0: state 7 ports 2 chg 0000 evt 0000
May 18 18:55:12 mid kernel: hub 2-0:1.0: state 7 ports 2 chg 0000 evt 0000
May 18 18:55:12 mid kernel: input: kpadPower as /devices/virtual/input/input1
May 18 18:55:12 mid kernel: [wmt_pm_init] battery_used = 3
May 18 18:55:12 mid kernel: PMC: WonderMedia Power Management driver
May 18 18:55:12 mid kernel: PMC: Power button is configured as soft power
May 18 18:55:12 mid kernel: [wmt_pm_init] power_on = 100 resume = 0 power_up = 500
May 18 18:55:12 mid kernel: registered taskstats version 1
May 18 18:55:12 mid kernel: wmt-rtc wmt-rtc.0: hctosys: invalid date/time
May 18 18:55:12 mid kernel: Waiting 10sec before mounting root device...
May 18 18:55:12 mid kernel: mmc0: new high speed SDHC card at address e624
May 18 18:55:12 mid kernel: mmcblk0: mmc0:e624 SU04G 3.69 GiB 
May 18 18:55:12 mid kernel: mmcblk0: p1 p2
May 18 18:55:12 mid kernel: usb usb1: suspend_rh (auto-stop)
May 18 18:55:12 mid kernel: usb usb2: suspend_rh (auto-stop)
May 18 18:55:12 mid kernel: VFS: Mounted root (ext2 filesystem) on device 179:2.
May 18 18:55:12 mid kernel: Freeing init memory: 148K
May 18 18:55:12 mid kernel: usb usb1: uevent
May 18 18:55:12 mid kernel: usb 1-0:1.0: uevent
May 18 18:55:12 mid kernel: usb usb2: uevent
May 18 18:55:12 mid kernel: usb 2-0:1.0: uevent
May 18 18:55:12 mid kernel: ## Warning: "wmt.camera.mirror" not defined
May 18 18:55:12 mid kernel: cmos_release() 
May 18 18:55:12 mid kernel: ++++++++++++++++++
May 18 18:55:12 mid kernel: ++++++++++++++++++
May 18 18:55:12 mid kernel: [VPP] GOVW TG 0,vpu en 0,vpu path 0
May 18 18:55:12 mid kernel: [CUR] set colfmt ARGB
May 18 18:55:12 mid kernel: [CUR] YUV444 --> ARGB chg fb 2
May 18 18:55:12 mid acpid: cannot open input layer
May 18 18:55:12 mid acpid: starting up with netlink and the input layer
May 18 18:55:12 mid acpid: 1 rule loaded
May 18 18:55:12 mid acpid: waiting for events: event logging is off
May 18 18:55:12 mid anacron[1308]: Anacron 2.3 started on 2015-05-18
May 18 18:55:12 mid anacron[1308]: Normal exit (0 jobs run)
May 18 18:55:13 mid avahi-daemon[1388]: Found user 'avahi' (UID 104) and group 'avahi' (GID 107).
May 18 18:55:13 mid avahi-daemon[1388]: Successfully dropped root privileges.
May 18 18:55:13 mid avahi-daemon[1388]: avahi-daemon 0.6.27 starting up.
May 18 18:55:13 mid avahi-daemon[1388]: WARNING: No NSS support for mDNS detected, consider installing nss-mdns!
May 18 18:55:13 mid avahi-daemon[1388]: Successfully called chroot().
May 18 18:55:13 mid avahi-daemon[1388]: Successfully dropped remaining capabilities.
May 18 18:55:13 mid avahi-daemon[1388]: No service file found in /etc/avahi/services.
May 18 18:55:13 mid avahi-daemon[1388]: socket() failed: Permission denied
May 18 18:55:13 mid avahi-daemon[1388]: socket() failed: Address family not supported by protocol
May 18 18:55:13 mid avahi-daemon[1388]: Failed to create server: No suitable network protocol available
May 18 18:55:13 mid avahi-daemon[1388]: avahi-daemon 0.6.27 exiting.
May 18 18:55:13 mid /usr/sbin/cron[1384]: (CRON) INFO (pidfile fd = 3)
May 18 18:55:13 mid /usr/sbin/cron[1393]: (CRON) STARTUP (fork ok)
May 18 18:55:13 mid /usr/sbin/cron[1393]: (CRON) INFO (Running @reboot jobs)
May 18 18:55:14 mid bluetoothd[1415]: Bluetooth deamon 4.66
May 18 18:55:14 mid bluetoothd[1415]: Starting SDP server
May 18 18:55:14 mid bluetoothd[1415]: opening L2CAP socket: Address family not supported by protocol
May 18 18:55:14 mid bluetoothd[1415]: Server initialization failed
May 18 18:55:14 mid bluetoothd[1415]: Starting experimental netlink support
May 18 18:55:14 mid bluetoothd[1415]: Failed to find Bluetooth netlink family
May 18 18:55:14 mid bluetoothd[1415]: Failed to init netlink plugin
May 18 18:55:14 mid bluetoothd[1415]: Failed to open control socket: Address family not supported by protocol (97)
May 18 18:55:14 mid bluetoothd[1415]: Can't init bnep module
May 18 18:55:14 mid bluetoothd[1415]: Failed to init network plugin
May 18 18:55:14 mid bluetoothd[1415]: Unable to start SCO server socket
May 18 18:55:14 mid bluetoothd[1415]: Failed to init audio plugin
May 18 18:55:14 mid bluetoothd[1415]: Can't open HCI socket: Address family not supported by protocol (97)
May 18 18:55:14 mid bluetoothd[1415]: adapter_ops_setup failed
May 18 18:55:14 mid kernel: Bow: wmt_batt_init  
May 18 18:55:14 mid kernel: ## Warning: "wmt.sys.dcin.batfull" not defined
May 18 18:55:14 mid kernel: Bow: Probe...0
May 18 18:55:14 mid kernel: [dump_kpad_devinfo]: ===================================================
May 18 18:55:14 mid kernel: [dump_kpad_devinfo]: kpad id:721   devnum:1
May 18 18:55:14 mid kernel: [dump_kpad_devinfo]: 	dev[0] type:rc_1
May 18 18:55:14 mid kernel: [dump_kpad_devinfo]: 	irq[0]:6,
May 18 18:55:14 mid kernel: [dump_kpad_devinfo]: 
May 18 18:55:14 mid kernel: [dump_kpad_devinfo]: 	key number:2
May 18 18:55:14 mid kernel: [dump_kpad_devinfo]: 	key0:9e(158),
May 18 18:55:14 mid kernel: [dump_kpad_devinfo]: 	key1:66(102),
May 18 18:55:14 mid kernel: [dump_kpad_devinfo]: 
May 18 18:55:14 mid kernel: [dump_kpad_devinfo]: 	longkey num:1
May 18 18:55:14 mid kernel: [dump_kpad_devinfo]: 	longkey0:9e_8b(158_139),
May 18 18:55:14 mid kernel: [dump_kpad_devinfo]: ===================================================
May 18 18:55:14 mid kernel: [kpadall_probe]: registered irq: 6 ***
May 18 18:55:14 mid kernel: input: keypad as /devices/virtual/input/input2
May 18 18:55:15 mid kernel: usbcore: registered new interface driver SR9700_android
May 18 18:55:15 mid kernel: rt3070sta driver V1.0.1
May 18 18:55:15 mid kernel: rtusb init --->
May 18 18:55:15 mid kernel: wifi_power_ctrl 1
May 18 18:55:15 mid kernel: wifi power up
May 18 18:55:15 mid kernel: usb usb2: wakeup_rh (auto-start)
May 18 18:55:15 mid kernel: hub 2-0:1.0: state 7 ports 2 chg 0000 evt 0004
May 18 18:55:15 mid kernel: uhci_hcd 0000:00:06.0: port 2 portsc 0093,00
May 18 18:55:15 mid kernel: hub 2-0:1.0: port 2, status 0101, change 0001, 12 Mb/s
May 18 18:55:15 mid kernel: hub 2-0:1.0: debounce: port 2: total 100ms stable 100ms status 0x101
May 18 18:55:15 mid kernel: usb 2-2: new full speed USB device using uhci_hcd and address 2
May 18 18:55:15 mid kernel: usb 2-2: default language 0x0409
May 18 18:55:15 mid kernel: usb 2-2: udev 2, busnum 2, minor = 129
May 18 18:55:15 mid kernel: usb 2-2: New USB device found, idVendor=148f, idProduct=3070
May 18 18:55:15 mid kernel: usb 2-2: New USB device strings: Mfr=1, Product=2, SerialNumber=3
May 18 18:55:15 mid kernel: usb 2-2: Product: 802.11 n WLAN
May 18 18:55:15 mid kernel: usb 2-2: Manufacturer: Ralink
May 18 18:55:15 mid kernel: usb 2-2: SerialNumber: 1.0
May 18 18:55:15 mid kernel: usb 2-2: uevent
May 18 18:55:15 mid kernel: usb 2-2: usb_probe_device
May 18 18:55:15 mid kernel: usb 2-2: configuration #1 chosen from 1 choice
May 18 18:55:16 mid kernel: usb 2-2: adding 2-2:1.0 (config #1, interface 0)
May 18 18:55:16 mid kernel: usb 2-2:1.0: uevent
May 18 18:55:16 mid kernel: usbserial_generic 2-2:1.0: usb_probe_interface
May 18 18:55:16 mid kernel: usbserial_generic 2-2:1.0: usb_probe_interface - got id
May 18 18:55:16 mid kernel: drivers/usb/core/inode.c: creating file '002'
May 18 18:55:16 mid kernel: rt2870 2-2:1.0: usb_probe_interface
May 18 18:55:16 mid kernel: rt2870 2-2:1.0: usb_probe_interface - got id
May 18 18:55:16 mid kernel:
May 18 18:55:16 mid kernel:
May 18 18:55:16 mid kernel: === pAd = cdeb9000, size = 503224 ===
May 18 18:55:16 mid kernel:
May 18 18:55:16 mid kernel: <-- RTMPAllocAdapterBlock, Status=0
May 18 18:55:16 mid kernel: usb 2-2: uevent
May 18 18:55:16 mid kernel: usb usb2: uevent
May 18 18:55:16 mid kernel: usbcore: registered new interface driver rt2870
May 18 18:55:16 mid kernel: usb 2-2: uevent
May 18 18:55:17 mid kernel: vgaarb: this pci device is not a vga device
May 18 18:55:17 mid kernel: vgaarb: this pci device is not a vga device
May 18 18:55:18 mid kernel: <-- RTMPAllocTxRxRingMemory, Status=0
May 18 18:55:18 mid kernel: -->RTUSBVenderReset
May 18 18:55:18 mid kernel: <--RTUSBVenderReset
May 18 18:55:20 mid kernel: usb usb1: uevent
May 18 18:55:20 mid kernel: usb 1-0:1.0: uevent
May 18 18:55:20 mid kernel: usb usb2: uevent
May 18 18:55:20 mid kernel: usb 2-0:1.0: uevent
May 18 18:55:20 mid kernel: usb 2-2: uevent
May 18 18:55:20 mid kernel: usb 2-2:1.0: uevent
May 18 18:55:21 mid kernel: Key1Str is Invalid key length(0) or Type(0)
May 18 18:55:21 mid kernel: Key2Str is Invalid key length(0) or Type(0)
May 18 18:55:21 mid kernel: Key3Str is Invalid key length(0) or Type(0)
May 18 18:55:21 mid kernel: Key4Str is Invalid key length(0) or Type(0)
May 18 18:55:21 mid kernel: 1. Phy Mode = 9
May 18 18:55:21 mid kernel: 2. Phy Mode = 9
May 18 18:55:21 mid kernel: NVM is Efuse and its size =2d[2d0-2fc] 
May 18 18:55:21 mid kernel: 3. Phy Mode = 9
May 18 18:55:22 mid kernel: RTMPSetPhyMode: channel is out of range, use first channel=1 
May 18 18:55:22 mid kernel: MCS Set = ff 00 00 00 01
May 18 18:55:22 mid kernel: <==== rt28xx_init, Status=0
May 18 18:55:22 mid kernel: 0x1300 = 00064300
May 18 18:55:27 mid kernel: ==>rt_ioctl_siwfreq::SIOCSIWFREQ[cmd=0x8b04] (Channel=1)
May 18 18:55:36 mid kernel: usb usb1: uevent
May 18 18:55:36 mid kernel: usb 1-0:1.0: uevent
May 18 18:55:36 mid kernel: usb usb2: uevent
May 18 18:55:36 mid kernel: usb 2-0:1.0: uevent
May 18 18:55:36 mid kernel: usb 2-2: uevent
May 18 18:55:36 mid kernel: usb 2-2:1.0: uevent
May 18 18:55:38 mid polkitd[1695]: started daemon version 0.96 using authority implementation `local' version `0.96'
May 18 18:55:54 mid kernel: WMT_I2S: *** stream_id=0, rate=44100, format=0x1 channels=2 ***
May 18 18:55:54 mid kernel: [VPP] set audio(fmt 16,rate 8000,ch 2)
May 18 18:55:55 mid kernel: WMT_I2S: *** stream_id=0, rate=44100, format=0x2 channels=2 ***
May 18 18:55:55 mid kernel: [VPP] set audio(fmt 16,rate 44100,ch 2)
May 18 18:55:55 mid kernel: WMT_I2S: *** stream_id=0, rate=44100, format=0x2 channels=1 ***
May 18 18:56:03 mid kernel: usb usb1: uevent
May 18 18:56:03 mid kernel: usb 1-0:1.0: uevent
May 18 18:56:03 mid kernel: usb usb2: uevent
May 18 18:56:03 mid kernel: usb 2-0:1.0: uevent
May 18 18:56:03 mid kernel: usb 2-2: uevent
May 18 18:56:03 mid kernel: usb 2-2:1.0: uevent
May 18 18:56:44 mid kernel: Rcv Wcid(1) AddBAReq
May 18 18:56:44 mid kernel: Start Seq = 00000000
May 18 18:56:44 mid kernel: Rcv Wcid(1) AddBAReq
May 18 18:56:44 mid kernel: Start Seq = 00000001
May 18 19:17:01 mid /USR/SBIN/CRON[1773]: (root) CMD (   cd / && run-parts --report /etc/cron.hourly)
May 18 19:45:53 mid kernel: Rcv Wcid(1) AddBAReq
May 18 19:45:53 mid kernel: Start Seq = 000008eb
May 18 19:52:53 mid hildon-background-manager: osso_mem 12797952 = 270336 + 0 + 82172928 - 69645312
May 18 19:55:24 mid kernel: vgaarb: this pci device is not a vga device
May 18 19:55:24 mid kernel: vgaarb: this pci device is not a vga device
May 18 19:55:26 mid kernel: usb usb1: uevent
May 18 19:55:26 mid kernel: usb 1-0:1.0: uevent
May 18 19:55:26 mid kernel: usb usb2: uevent
May 18 19:55:26 mid kernel: usb 2-0:1.0: uevent
May 18 19:55:26 mid kernel: usb 2-2: uevent
May 18 19:55:26 mid kernel: usb 2-2:1.0: uevent
May 18 19:55:33 mid gnome-session[3235]: atk-bridge-WARNING: AT_SPI_REGISTRY was not started at session startup.
May 18 19:55:33 mid gnome-session[3235]: atk-bridge-WARNING: IOR not set.
May 18 19:55:33 mid gnome-session[3235]: atk-bridge-WARNING: Could not locate registry
May 18 19:55:43 mid gdm-simple-greeter[3254]: Gtk-WARNING: /build/buildd-gtk+2.0_2.20.1-2-armel-VLYQ8c/gtk+2.0-2.20.1/gtk/gtkwidget.c:5628: widget not within a GtkWindow
May 18 19:57:31 mid kernel: usb usb1: wakeup_rh (auto-start)
May 18 19:57:31 mid kernel: hub 1-0:1.0: state 7 ports 2 chg 0000 evt 0004
May 18 19:57:31 mid kernel: uhci_hcd 0000:00:05.0: port 2 portsc 01a3,00
May 18 19:57:31 mid kernel: hub 1-0:1.0: port 2, status 0301, change 0001, 1.5 Mb/s
May 18 19:57:31 mid kernel: uhci_hcd 0000:00:05.0: port 2 portsc 01ab,00
May 18 19:57:31 mid kernel: uhci_hcd 0000:00:05.0: port 2 portsc 01a9,00
May 18 19:57:31 mid kernel: uhci_hcd 0000:00:05.0: port 2 portsc 01a9,00
May 18 19:57:31 mid kernel: uhci_hcd 0000:00:05.0: port 2 portsc 01a9,00
May 18 19:57:31 mid kernel: uhci_hcd 0000:00:05.0: port 2 portsc 01a9,00
May 18 19:57:31 mid kernel: hub 1-0:1.0: debounce: port 2: total 125ms stable 100ms status 0x301
May 18 19:57:31 mid kernel: usb 1-2: new low speed USB device using uhci_hcd and address 2
May 18 19:57:31 mid kernel: usb 1-2: skipped 1 descriptor after interface
May 18 19:57:31 mid kernel: usb 1-2: skipped 1 descriptor after interface
May 18 19:57:31 mid kernel: usb 1-2: default language 0x0409
May 18 19:57:31 mid kernel: usb 1-2: udev 2, busnum 1, minor = 1
May 18 19:57:31 mid kernel: usb 1-2: New USB device found, idVendor=0e8f, idProduct=0022
May 18 19:57:31 mid kernel: usb 1-2: New USB device strings: Mfr=1, Product=2, SerialNumber=0
May 18 19:57:31 mid kernel: usb 1-2: Product: USB KB V11
May 18 19:57:31 mid kernel: usb 1-2: Manufacturer: GASIA
May 18 19:57:31 mid kernel: usb 1-2: uevent
May 18 19:57:31 mid kernel: usb 1-2: usb_probe_device
May 18 19:57:31 mid kernel: usb 1-2: configuration #1 chosen from 1 choice
May 18 19:57:31 mid kernel: usb 1-2: adding 1-2:1.0 (config #1, interface 0)
May 18 19:57:31 mid kernel: usb 1-2:1.0: uevent
May 18 19:57:31 mid kernel: usbserial_generic 1-2:1.0: usb_probe_interface
May 18 19:57:31 mid kernel: usbserial_generic 1-2:1.0: usb_probe_interface - got id
May 18 19:57:31 mid kernel: usbhid 1-2:1.0: usb_probe_interface
May 18 19:57:31 mid kernel: usbhid 1-2:1.0: usb_probe_interface - got id
May 18 19:57:31 mid kernel: input: GASIA USB KB V11 as /devices/pci0000:00/0000:00:05.0/usb1/1-2/1-2:1.0/input/input3
May 18 19:57:31 mid kernel: uhci_hcd 0000:00:05.0: reserve dev 2 ep81-INT, period 8, phase 4, 118 us
May 18 19:57:31 mid kernel: generic-usb 0003:0E8F:0022.0001: input: USB HID v1.10 Keyboard [GASIA USB KB V11] on usb-0000:00:05.0-2/input0
May 18 19:57:31 mid kernel: usb 1-2: adding 1-2:1.1 (config #1, interface 1)
May 18 19:57:31 mid kernel: usb 1-2:1.1: uevent
May 18 19:57:31 mid kernel: usbserial_generic 1-2:1.1: usb_probe_interface
May 18 19:57:31 mid kernel: usbserial_generic 1-2:1.1: usb_probe_interface - got id
May 18 19:57:31 mid kernel: usbhid 1-2:1.1: usb_probe_interface
May 18 19:57:31 mid kernel: usbhid 1-2:1.1: usb_probe_interface - got id
May 18 19:57:31 mid kernel: input: GASIA USB KB V11 as /devices/pci0000:00/0000:00:05.0/usb1/1-2/1-2:1.1/input/input4
May 18 19:57:31 mid kernel: uhci_hcd 0000:00:05.0: reserve dev 2 ep82-INT, period 8, phase 4, 87 us
May 18 19:57:31 mid kernel: generic-usb 0003:0E8F:0022.0002: input: USB HID v1.10 Device [GASIA USB KB V11] on usb-0000:00:05.0-2/input1
May 18 19:57:31 mid kernel: drivers/usb/core/inode.c: creating file '002'
May 18 19:57:31 mid kernel: hub 1-0:1.0: state 7 ports 2 chg 0000 evt 0004
May 18 19:57:32 mid kernel: usb 1-2:1.0: uevent
May 18 19:57:32 mid kernel: usb 1-2:1.1: uevent
May 18 19:57:32 mid kernel: usb 1-2: uevent
May 18 19:57:32 mid kernel: usb 1-2: uevent
May 18 19:57:32 mid kernel: usb 1-2:1.0: uevent
May 18 19:57:32 mid kernel: usb 1-2:1.1: uevent
May 18 19:57:38 mid gdm-simple-greeter[3254]: WARNING: Failed to send buffer
May 18 19:58:06 mid kernel: usb usb1: uevent
May 18 19:58:06 mid kernel: usb 1-0:1.0: uevent
May 18 19:58:06 mid kernel: usb 1-2: uevent
May 18 19:58:06 mid kernel: usb 1-2:1.0: uevent
May 18 19:58:06 mid kernel: usb 1-2:1.1: uevent
May 18 19:58:06 mid kernel: usb usb2: uevent
May 18 19:58:06 mid kernel: usb 2-0:1.0: uevent
May 18 19:58:06 mid kernel: usb 2-2: uevent
May 18 19:58:06 mid kernel: usb 2-2:1.0: uevent
May 18 19:58:07 mid kernel: WMT_I2S: *** stream_id=1, rate=44100, format=0x2 channels=2 ***
May 18 19:58:07 mid kernel: WMT_I2S: *** stream_id=0, rate=44100, format=0x1 channels=2 ***
May 18 19:58:07 mid kernel: [VPP] set audio(fmt 16,rate 8000,ch 2)
May 18 19:58:09 mid kernel: WMT_I2S: *** stream_id=0, rate=44100, format=0x2 channels=2 ***
May 18 19:58:09 mid kernel: [VPP] set audio(fmt 16,rate 44100,ch 2)
May 18 19:58:09 mid kernel: WMT_I2S: *** stream_id=0, rate=44100, format=0x2 channels=1 ***
May 18 20:05:19 mid kernel: vgaarb: this pci device is not a vga device
May 18 20:05:19 mid kernel: vgaarb: this pci device is not a vga device
May 18 20:05:21 mid kernel: usb usb1: uevent
May 18 20:05:21 mid kernel: usb 1-0:1.0: uevent
May 18 20:05:21 mid kernel: usb 1-2: uevent
May 18 20:05:21 mid kernel: usb 1-2:1.0: uevent
May 18 20:05:22 mid kernel: usb 1-2:1.1: uevent
May 18 20:05:22 mid kernel: usb usb2: uevent
May 18 20:05:22 mid kernel: usb 2-0:1.0: uevent
May 18 20:05:22 mid kernel: usb 2-2: uevent
May 18 20:05:22 mid kernel: usb 2-2:1.0: uevent
May 18 20:05:50 mid kernel: WMT_I2S: *** stream_id=1, rate=44100, format=0x2 channels=2 ***
May 18 20:05:50 mid kernel: WMT_I2S: *** stream_id=0, rate=44100, format=0x1 channels=2 ***
May 18 20:05:50 mid kernel: [VPP] set audio(fmt 16,rate 8000,ch 2)
May 18 20:05:51 mid kernel: WMT_I2S: *** stream_id=0, rate=44100, format=0x2 channels=2 ***
May 18 20:05:51 mid kernel: [VPP] set audio(fmt 16,rate 44100,ch 2)
May 18 20:05:51 mid kernel: WMT_I2S: *** stream_id=0, rate=44100, format=0x2 channels=1 ***
May 18 20:06:02 mid kernel: usb usb1: uevent
May 18 20:06:02 mid kernel: usb 1-0:1.0: uevent
May 18 20:06:02 mid kernel: usb 1-2: uevent
May 18 20:06:02 mid kernel: usb 1-2:1.0: uevent
May 18 20:06:02 mid kernel: usb 1-2:1.1: uevent
May 18 20:06:02 mid kernel: usb usb2: uevent
May 18 20:06:02 mid kernel: usb 2-0:1.0: uevent
May 18 20:06:02 mid kernel: usb 2-2: uevent
May 18 20:06:02 mid kernel: usb 2-2:1.0: uevent
May 18 20:11:47 mid kernel: vgaarb: this pci device is not a vga device
May 18 20:11:47 mid kernel: vgaarb: this pci device is not a vga device
May 18 20:11:49 mid kernel: usb usb1: uevent
May 18 20:11:49 mid kernel: usb 1-0:1.0: uevent
May 18 20:11:49 mid kernel: usb 1-2: uevent
May 18 20:11:49 mid kernel: usb 1-2:1.0: uevent
May 18 20:11:50 mid kernel: usb 1-2:1.1: uevent
May 18 20:11:50 mid kernel: usb usb2: uevent
May 18 20:11:50 mid kernel: usb 2-0:1.0: uevent
May 18 20:11:50 mid kernel: usb 2-2: uevent
May 18 20:11:50 mid kernel: usb 2-2:1.0: uevent
May 18 20:12:06 mid gdm-simple-greeter[3695]: Gtk-WARNING: /build/buildd-gtk+2.0_2.20.1-2-armel-VLYQ8c/gtk+2.0-2.20.1/gtk/gtkwidget.c:5628: widget not within a GtkWindow
May 18 20:13:09 mid gdm-simple-greeter[3695]: WARNING: Failed to send buffer
May 18 20:13:36 mid kernel: WMT_I2S: *** stream_id=1, rate=44100, format=0x2 channels=2 ***
May 18 20:13:36 mid kernel: WMT_I2S: *** stream_id=0, rate=44100, format=0x1 channels=2 ***
May 18 20:13:36 mid kernel: [VPP] set audio(fmt 16,rate 8000,ch 2)
May 18 20:13:37 mid kernel: WMT_I2S: *** stream_id=0, rate=44100, format=0x2 channels=2 ***
May 18 20:13:37 mid kernel: [VPP] set audio(fmt 16,rate 44100,ch 2)
May 18 20:13:37 mid kernel: WMT_I2S: *** stream_id=0, rate=44100, format=0x2 channels=1 ***
May 18 20:13:39 mid kernel: usb usb1: uevent
May 18 20:13:39 mid kernel: usb 1-0:1.0: uevent
May 18 20:13:39 mid kernel: usb 1-2: uevent
May 18 20:13:39 mid kernel: usb 1-2:1.0: uevent
May 18 20:13:39 mid kernel: usb 1-2:1.1: uevent
May 18 20:13:39 mid kernel: usb usb2: uevent
May 18 20:13:39 mid kernel: usb 2-0:1.0: uevent
May 18 20:13:39 mid kernel: usb 2-2: uevent
May 18 20:13:39 mid kernel: usb 2-2:1.0: uevent
May 18 20:17:01 mid /USR/SBIN/CRON[3858]: (root) CMD (   cd / && run-parts --report /etc/cron.hourly)
May 18 21:17:01 mid /USR/SBIN/CRON[4022]: (root) CMD (   cd / && run-parts --report /etc/cron.hourly)
May 18 22:17:02 mid /USR/SBIN/CRON[4122]: (root) CMD (   cd / && run-parts --report /etc/cron.hourly)
May 18 23:17:01 mid /USR/SBIN/CRON[4129]: (root) CMD (   cd / && run-parts --report /etc/cron.hourly)
May 19 00:17:01 mid /USR/SBIN/CRON[4136]: (root) CMD (   cd / && run-parts --report /etc/cron.hourly)
May 19 01:03:48 mid kernel: vgaarb: this pci device is not a vga device
May 19 01:03:48 mid kernel: vgaarb: this pci device is not a vga device
May 19 01:03:50 mid kernel: usb usb1: uevent
May 19 01:03:50 mid kernel: usb 1-0:1.0: uevent
May 19 01:03:50 mid kernel: usb 1-2: uevent
May 19 01:03:50 mid kernel: usb 1-2:1.0: uevent
May 19 01:03:51 mid kernel: usb 1-2:1.1: uevent
May 19 01:03:51 mid kernel: usb usb2: uevent
May 19 01:03:51 mid kernel: usb 2-0:1.0: uevent
May 19 01:03:51 mid kernel: usb 2-2: uevent
May 19 01:03:51 mid kernel: usb 2-2:1.0: uevent
May 19 01:03:57 mid gnome-session[4204]: atk-bridge-WARNING: AT_SPI_REGISTRY was not started at session startup.
May 19 01:03:57 mid gnome-session[4204]: atk-bridge-WARNING: IOR not set.
May 19 01:03:57 mid gnome-session[4204]: atk-bridge-WARNING: Could not locate registry
May 19 01:04:08 mid gdm-simple-greeter[4223]: Gtk-WARNING: /build/buildd-gtk+2.0_2.20.1-2-armel-VLYQ8c/gtk+2.0-2.20.1/gtk/gtkwidget.c:5628: widget not within a GtkWindow
May 19 01:04:31 mid gdm-simple-greeter[4223]: WARNING: Failed to send buffer
May 19 01:04:33 mid kernel: vgaarb: this pci device is not a vga device
May 19 01:04:33 mid kernel: vgaarb: this pci device is not a vga device
May 19 01:04:35 mid kernel: usb usb1: uevent
May 19 01:04:35 mid kernel: usb 1-0:1.0: uevent
May 19 01:04:35 mid kernel: usb 1-2: uevent
May 19 01:04:35 mid kernel: usb 1-2:1.0: uevent
May 19 01:04:36 mid kernel: usb 1-2:1.1: uevent
May 19 01:04:36 mid kernel: usb usb2: uevent
May 19 01:04:36 mid kernel: usb 2-0:1.0: uevent
May 19 01:04:36 mid kernel: usb 2-2: uevent
May 19 01:04:36 mid kernel: usb 2-2:1.0: uevent
May 19 01:04:42 mid gnome-session[4293]: atk-bridge-WARNING: AT_SPI_REGISTRY was not started at session startup.
May 19 01:04:42 mid gnome-session[4293]: atk-bridge-WARNING: IOR not set.
May 19 01:04:42 mid gnome-session[4293]: atk-bridge-WARNING: Could not locate registry
May 19 01:04:54 mid gdm-simple-greeter[4312]: Gtk-WARNING: /build/buildd-gtk+2.0_2.20.1-2-armel-VLYQ8c/gtk+2.0-2.20.1/gtk/gtkwidget.c:5628: widget not within a GtkWindow
May 19 01:08:44 mid kernel: vgaarb: this pci device is not a vga device
May 19 01:08:44 mid kernel: vgaarb: this pci device is not a vga device
May 19 01:08:46 mid kernel: usb usb1: uevent
May 19 01:08:46 mid kernel: usb 1-0:1.0: uevent
May 19 01:08:46 mid kernel: usb 1-2: uevent
May 19 01:08:46 mid kernel: usb 1-2:1.0: uevent
May 19 01:08:47 mid kernel: usb 1-2:1.1: uevent
May 19 01:08:47 mid kernel: usb usb2: uevent
May 19 01:08:47 mid kernel: usb 2-0:1.0: uevent
May 19 01:08:47 mid kernel: usb 2-2: uevent
May 19 01:08:47 mid kernel: usb 2-2:1.0: uevent
May 19 01:09:44 mid kernel: vgaarb: this pci device is not a vga device
May 19 01:09:46 mid kernel: usb usb1: uevent
May 19 01:09:46 mid kernel: usb 1-0:1.0: uevent
May 19 01:09:46 mid kernel: usb 1-2: uevent
May 19 01:09:46 mid kernel: usb 1-2:1.0: uevent
May 19 01:09:46 mid kernel: usb 1-2:1.1: uevent
May 19 01:09:46 mid kernel: usb usb2: uevent
May 19 01:09:46 mid kernel: usb 2-0:1.0: uevent
May 19 01:09:46 mid kernel: usb 2-2: uevent
May 19 01:09:46 mid kernel: usb 2-2:1.0: uevent
May 19 01:10:09 mid hildon-background-manager: osso_mem 64985088 = 270336 + 0 + 134360064 - 69645312
May 19 01:10:28 mid kernel: vgaarb: this pci device is not a vga device
May 19 01:10:31 mid kernel: usb usb1: uevent
May 19 01:10:31 mid kernel: usb 1-0:1.0: uevent
May 19 01:10:31 mid kernel: usb 1-2: uevent
May 19 01:10:31 mid kernel: usb 1-2:1.0: uevent
May 19 01:10:31 mid kernel: usb 1-2:1.1: uevent
May 19 01:10:31 mid kernel: usb usb2: uevent
May 19 01:10:31 mid kernel: usb 2-0:1.0: uevent
May 19 01:10:31 mid kernel: usb 2-2: uevent
May 19 01:10:31 mid kernel: usb 2-2:1.0: uevent
May 19 01:14:30 mid kernel: vgaarb: this pci device is not a vga device
May 19 01:14:32 mid kernel: usb usb1: uevent
May 19 01:14:32 mid kernel: usb 1-0:1.0: uevent
May 19 01:14:32 mid kernel: usb 1-2: uevent
May 19 01:14:32 mid kernel: usb 1-2:1.0: uevent
May 19 01:14:32 mid kernel: usb 1-2:1.1: uevent
May 19 01:14:32 mid kernel: usb usb2: uevent
May 19 01:14:32 mid kernel: usb 2-0:1.0: uevent
May 19 01:14:32 mid kernel: usb 2-2: uevent
May 19 01:14:32 mid kernel: usb 2-2:1.0: uevent
May 19 01:15:09 mid kernel: vgaarb: this pci device is not a vga device
May 19 01:15:09 mid kernel: vgaarb: this pci device is not a vga device
May 19 01:15:11 mid kernel: usb usb1: uevent
May 19 01:15:11 mid kernel: usb 1-0:1.0: uevent
May 19 01:15:11 mid kernel: usb 1-2: uevent
May 19 01:15:11 mid kernel: usb 1-2:1.0: uevent
May 19 01:15:12 mid kernel: usb 1-2:1.1: uevent
May 19 01:15:12 mid kernel: usb usb2: uevent
May 19 01:15:12 mid kernel: usb 2-0:1.0: uevent
May 19 01:15:12 mid kernel: usb 2-2: uevent
May 19 01:15:12 mid kernel: usb 2-2:1.0: uevent
May 19 01:17:02 mid /USR/SBIN/CRON[4447]: (root) CMD (   cd / && run-parts --report /etc/cron.hourly)
May 19 01:25:15 mid kernel: vgaarb: this pci device is not a vga device
May 19 02:17:01 mid /USR/SBIN/CRON[4453]: (root) CMD (   cd / && run-parts --report /etc/cron.hourly)
May 19 02:26:56 mid kernel: vgaarb: this pci device is not a vga device
May 19 02:39:02 mid kernel: vgaarb: this pci device is not a vga device
May 19 02:39:48 mid kernel: vgaarb: this pci device is not a vga device
May 19 02:46:30 mid kernel: hub 1-0:1.0: state 7 ports 2 chg 0000 evt 0004
May 19 02:46:30 mid kernel: uhci_hcd 0000:00:05.0: port 2 portsc 018a,00
May 19 02:46:30 mid kernel: hub 1-0:1.0: port 2, status 0300, change 0003, 1.5 Mb/s
May 19 02:46:30 mid kernel: usb 1-2: USB disconnect, address 2
May 19 02:46:30 mid kernel: usb 1-2: unregistering device
May 19 02:46:30 mid kernel: usb 1-2: usb_disable_device nuking all URBs
May 19 02:46:30 mid kernel: uhci_hcd 0000:00:05.0: shutdown urb ca8b70a0 ep1in-intr
May 19 02:46:30 mid kernel: uhci_hcd 0000:00:05.0: release dev 2 ep81-INT, period 8, phase 4, 118 us
May 19 02:46:30 mid kernel: uhci_hcd 0000:00:05.0: shutdown urb caaf5640 ep2in-intr
May 19 02:46:30 mid kernel: uhci_hcd 0000:00:05.0: release dev 2 ep82-INT, period 8, phase 4, 87 us
May 19 02:46:30 mid kernel: usb 1-2: unregistering interface 1-2:1.0
May 19 02:46:30 mid kernel: usb 1-2:1.0: uevent
May 19 02:46:30 mid kernel: usb 1-2: unregistering interface 1-2:1.1
May 19 02:46:30 mid kernel: usb 1-2:1.1: uevent
May 19 02:46:30 mid kernel: usb 1-2: uevent
May 19 02:46:30 mid acpid: input device has been disconnected
May 19 02:46:31 mid kernel: hub 1-0:1.0: debounce: port 2: total 100ms stable 100ms status 0x300
May 19 02:46:32 mid kernel: usb usb1: suspend_rh (auto-stop)
May 19 02:46:37 mid kernel: usb usb1: wakeup_rh (auto-start)
May 19 02:46:37 mid kernel: hub 1-0:1.0: state 7 ports 2 chg 0000 evt 0004
May 19 02:46:37 mid kernel: uhci_hcd 0000:00:05.0: port 2 portsc 01a3,00
May 19 02:46:37 mid kernel: hub 1-0:1.0: port 2, status 0301, change 0001, 1.5 Mb/s
May 19 02:46:37 mid kernel: uhci_hcd 0000:00:05.0: port 2 portsc 01ab,00
May 19 02:46:37 mid kernel: uhci_hcd 0000:00:05.0: port 2 portsc 01a9,00
May 19 02:46:37 mid kernel: uhci_hcd 0000:00:05.0: port 2 portsc 01a9,00
May 19 02:46:37 mid kernel: uhci_hcd 0000:00:05.0: port 2 portsc 01a9,00
May 19 02:46:37 mid kernel: uhci_hcd 0000:00:05.0: port 2 portsc 01a9,00
May 19 02:46:37 mid kernel: hub 1-0:1.0: debounce: port 2: total 175ms stable 100ms status 0x301
May 19 02:46:37 mid kernel: usb 1-2: new low speed USB device using uhci_hcd and address 3
May 19 02:46:37 mid kernel: hub 1-0:1.0: unable to enumerate USB device on port 2
May 19 02:46:37 mid kernel: hub 1-0:1.0: state 7 ports 2 chg 0000 evt 0004
May 19 02:46:37 mid kernel: hub 1-0:1.0: state 7 ports 2 chg 0000 evt 0004
