May 18 15:19:49 mid rsyslogd: [origin software="rsyslogd" swVersion="4.6.4" x-pid="1279" x-info="http://www.rsyslog.com"] rsyslogd was HUPed, type 'lightweight'.
May 18 15:31:38 mid shutdown[3803]: shutting down for system halt
May 18 15:31:48 mid kernel: ===> rt28xx_close
May 18 15:31:49 mid kernel: ---> RTMPFreeTxRxRingMemory
May 18 15:31:49 mid kernel: <--- RTMPFreeTxRxRingMemory
May 18 15:31:49 mid kernel: Kernel logging (proc) stopped.
May 18 15:31:49 mid rsyslogd: [origin software="rsyslogd" swVersion="4.6.4" x-pid="1279" x-info="http://www.rsyslog.com"] exiting on signal 15.
May 18 15:32:29 mid kernel: imklog 4.6.4, log source = /proc/kmsg started.
May 18 15:32:29 mid rsyslogd: [origin software="rsyslogd" swVersion="4.6.4" x-pid="1280" x-info="http://www.rsyslog.com"] (re)start
May 18 15:32:29 mid kernel: Linux version 2.6.32.9-default (hangyan@szmce12) (gcc version 4.5.1 (Sourcery G++ Lite 2010.09-50) ) #1 Wed Jul 13 09:56:43 HKT 2011
May 18 15:32:29 mid kernel: CPU: ARM926EJ-S [41069265] revision 5 (ARMv5TEJ), cr=00053177
May 18 15:32:29 mid kernel: CPU: VIVT data cache, VIVT instruction cache
May 18 15:32:29 mid kernel: Machine: WMT
May 18 15:32:29 mid kernel: Memory policy: ECC disabled, Data cache writeback
May 18 15:32:29 mid kernel: Built 1 zonelists in Zone order, mobility grouping on.  Total pages: 54356
May 18 15:32:30 mid kernel: Kernel command line: mem=214M root=/dev/mmcblk0p2 noinitrd rw rootfstype=ext2 console=ttyS0,115200n8 rootdelay=10
May 18 15:32:30 mid kernel: PID hash table entries: 1024 (order: 0, 4096 bytes)
May 18 15:32:30 mid kernel: Dentry cache hash table entries: 32768 (order: 5, 131072 bytes)
May 18 15:32:30 mid kernel: Inode-cache hash table entries: 16384 (order: 4, 65536 bytes)
May 18 15:32:30 mid kernel: Memory: 214MB = 214MB total
May 18 15:32:30 mid kernel: Memory: 210304KB available (5428K code, 1125K data, 148K init, 0K highmem)
May 18 15:32:30 mid kernel: Hierarchical RCU implementation.
May 18 15:32:30 mid kernel: NR_IRQS:128
May 18 15:32:30 mid kernel: Console: colour dummy device 80x30
May 18 15:32:30 mid kernel: console [ttyS0] enabled
May 18 15:32:30 mid kernel: Calibrating delay loop... 299.00 BogoMIPS (lpj=1495040)
May 18 15:32:30 mid kernel: Mount-cache hash table entries: 512
May 18 15:32:30 mid kernel: CPU: Testing write buffer coherency: ok
May 18 15:32:30 mid kernel: NET: Registered protocol family 16
May 18 15:32:30 mid kernel: wmt_pci_init
May 18 15:32:30 mid kernel: PCI: WonderMidia Technology PCI Bridge
May 18 15:32:30 mid kernel: PCI: bus0: Fast back to back transfers disabled
May 18 15:32:30 mid kernel: [WMT-MB] Preparing VIDEO BUFFER (SIZE 32768 kB) ...
May 18 15:32:30 mid kernel: [WMT-MB] MAX MB Area size: Max 4096 Kbs Min 256 Kbs
May 18 15:32:30 mid kernel: [WMT-MB] prob /dev/Memory Block major 242, minor 0
May 18 15:32:30 mid kernel: bio: create slab <bio-0> at 0
May 18 15:32:30 mid kernel: vgaarb: loaded
May 18 15:32:30 mid kernel: SCSI subsystem initialized
May 18 15:32:30 mid kernel: usbcore: registered new interface driver usbfs
May 18 15:32:30 mid kernel: usbcore: registered new interface driver hub
May 18 15:32:30 mid kernel: usbcore: registered new device driver usb
May 18 15:32:30 mid kernel: NET: Registered protocol family 2
May 18 15:32:30 mid kernel: IP route cache hash table entries: 2048 (order: 1, 8192 bytes)
May 18 15:32:30 mid kernel: TCP established hash table entries: 8192 (order: 4, 65536 bytes)
May 18 15:32:30 mid kernel: TCP bind hash table entries: 8192 (order: 3, 32768 bytes)
May 18 15:32:30 mid kernel: TCP: Hash tables configured (established 8192 bind 8192)
May 18 15:32:30 mid kernel: TCP reno registered
May 18 15:32:30 mid kernel: NET: Registered protocol family 1
May 18 15:32:30 mid kernel: RPC: Registered udp transport module.
May 18 15:32:30 mid kernel: RPC: Registered tcp transport module.
May 18 15:32:30 mid kernel: RPC: Registered tcp NFSv4.1 backchannel transport module.
May 18 15:32:30 mid kernel: ashmem: initialized
May 18 15:32:30 mid kernel: NTFS driver 2.1.29 [Flags: R/W].
May 18 15:32:30 mid kernel: JFFS2 version 2.2. (NAND) © 2001-2006 Red Hat, Inc.
May 18 15:32:30 mid kernel: yaffs Jul 13 2011 09:56:24 Installing. 
May 18 15:32:30 mid kernel: msgmni has been set to 411
May 18 15:32:30 mid kernel: alg: No test for stdrng (krng)
May 18 15:32:30 mid kernel: io scheduler noop registered
May 18 15:32:30 mid kernel: io scheduler anticipatory registered
May 18 15:32:30 mid kernel: io scheduler deadline registered
May 18 15:32:30 mid kernel: io scheduler cfq registered (default)
May 18 15:32:30 mid kernel: un-know id = 0xc84013
May 18 15:32:30 mid kernel: un-know id = 0xffffff
May 18 15:32:30 mid kernel: wmt sf controller initial ok
May 18 15:32:30 mid kernel: Creating 6 MTD partitions on "mtdsf device":
May 18 15:32:30 mid kernel: 0x000000000000-0x000000d00000 : "filesystem-SF"
May 18 15:32:30 mid kernel: 0x000000d00000-0x000000f80000 : "kernel-SF"
May 18 15:32:30 mid kernel: 0x000000f80000-0x000000fd0000 : "u-boot-SF"
May 18 15:32:30 mid kernel: 0x000000fd0000-0x000000fe0000 : "u-boot env. cfg. 1-SF"
May 18 15:32:30 mid kernel: 0x000000fe0000-0x000000ff0000 : "u-boot env. cfg. 2-SF"
May 18 15:32:30 mid kernel: 0x000000ff0000-0x000001000000 : "w-load-SF"
May 18 15:32:30 mid kernel: 1PMNAND_ADDR=0x6 
May 18 15:32:30 mid kernel: kmalloc buffer env_ptr = 0xcd160000, env_ptr_nand = 0xcd160000
May 18 15:32:30 mid kernel: ## Warning: "wmt.io.nand" not defined
May 18 15:32:30 mid kernel: NAND device: Manufacturer ID: 0xec, Chip ID: 0xd7947a (Samsung SAMSUNG_K9GBG08U0A)
May 18 15:32:30 mid kernel: PLLB=0xe, spec_clk=0x140a0cff
May 18 15:32:30 mid kernel: T1=2, clk1=17, div1=6, Thold=1, tREA=20+delay(9)
May 18 15:32:30 mid kernel: T2=1, clk2=31, div2=11, Thold2=1, comp=1
May 18 15:32:30 mid kernel: Tim1=417792 , Tim2=507904
May 18 15:32:30 mid kernel: T2 is greater and not use
May 18 15:32:30 mid kernel: T=2, clk=17, divisor=6, Thold=0x701
May 18 15:32:30 mid kernel: divisor PMNAND_ADDR is set 0x6, NFC_timing=0x2424
May 18 15:32:30 mid kernel: BCH ECC 24BIT
May 18 15:32:30 mid kernel: ## Warning: "wmt.io.nand" not defined
May 18 15:32:30 mid kernel: NAND device: Manufacturer ID: 0xec, Chip ID: 0xd7947a (Samsung SAMSUNG_K9GBG08U0A)
May 18 15:32:30 mid kernel: find bbt page is 524032
May 18 15:32:30 mid kernel: find bbt page is 523904
May 18 15:32:30 mid kernel: Bad block at 4
May 18 15:32:30 mid kernel: Bad block at 5
May 18 15:32:30 mid kernel: Bad block at 16
May 18 15:32:30 mid kernel: Bad block at 17
May 18 15:32:30 mid kernel: Bad block at 948
May 18 15:32:30 mid kernel: Bad block at 972
May 18 15:32:30 mid kernel: Bad block at 973
May 18 15:32:30 mid kernel: Bad block at 1182
May 18 15:32:30 mid kernel: Bad block at 1196
May 18 15:32:30 mid kernel: Bad block at 1198
May 18 15:32:30 mid kernel: Creating 11 MTD partitions on "WMT.nand":
May 18 15:32:30 mid kernel: 0x000000000000-0x000000100000 : "w-load-NAND"
May 18 15:32:30 mid kernel: 0x000000100000-0x000000a00000 : "u-boot env. cfg. 1-NAND"
May 18 15:32:30 mid kernel: 0x000000a00000-0x000001300000 : "u-boot-NAND"
May 18 15:32:30 mid kernel: 0x000001300000-0x000001b00000 : "kernel-NAND"
May 18 15:32:30 mid kernel: 0x000001b00000-0x000002100000 : "initrd-NAND"
May 18 15:32:30 mid kernel: 0x000002100000-0x000022100000 : "filesystem-NAND"
May 18 15:32:30 mid kernel: 0x000022100000-0x000022500000 : "u-boot-logo"
May 18 15:32:30 mid kernel: 0x000022500000-0x000022900000 : "kernel-logo"
May 18 15:32:30 mid kernel: 0x000022900000-0x000086b00000 : "android-data"
May 18 15:32:30 mid kernel: 0x000086b00000-0x00008eb00000 : "android-cache"
May 18 15:32:30 mid kernel: 0x00008eb00000-0x000100000000 : "LocalDisk"
May 18 15:32:30 mid kernel: nand initialised ok
May 18 15:32:30 mid kernel: i2c /dev entries driver
May 18 15:32:30 mid kernel: I2C PORT0: Transfer Mode = 1; Speed Mode = 1
May 18 15:32:30 mid kernel: i2c: adding wmt_i2c_adapter0.
May 18 15:32:30 mid kernel: i2c: successfully added bus
May 18 15:32:30 mid kernel:
May 18 15:32:30 mid kernel: I2C PORT1: Transfer Mode = 1; Speed Mode = 1
May 18 15:32:30 mid kernel: i2c: adding wmt_i2c_adapter1.
May 18 15:32:30 mid kernel: i2c: successfully added bus
May 18 15:32:30 mid kernel: [wmt_i2c_api_i2c_init]
May 18 15:32:30 mid kernel: [wmt_i2c_api_init] wmt_i2c_api_init.
May 18 15:32:30 mid kernel: i2c: wmt algorithm module loaded.
May 18 15:32:30 mid kernel: ## Warning: "wmt.display.direct_path" not defined
May 18 15:32:30 mid kernel: vpp_init(boot logo 1)
May 18 15:32:30 mid kernel: [VPP] GOVW TG 0,vpu en 0,vpu path 0
May 18 15:32:30 mid kernel: div_addr_offs=0x35c PLL_NO=1 
May 18 15:32:30 mid kernel: [VPP] GOVW TG 0,vpu en 0,vpu path 0
May 18 15:32:30 mid kernel: [VPP] GOVW TG 1,vpu en 0,vpu path 0
May 18 15:32:30 mid kernel: [VPP] GOVW TG 1,vpu en 0,vpu path 0
May 18 15:32:30 mid kernel: [VO] vout_init: <1>vo_init_wm8435
May 18 15:32:30 mid kernel: vt1632 hw mode
May 18 15:32:30 mid kernel: [VOUT] ext dev : DVI
May 18 15:32:30 mid kernel: [VOUT] int dev : NO
May 18 15:32:30 mid kernel: ## Warning: "wmt.display.user_res" not defined
May 18 15:32:30 mid kernel: ## Warning: "wmt.display.regop" not defined
May 18 15:32:30 mid kernel: [VOUT] param 2:0:16:0:0:0
May 18 15:32:30 mid kernel: [VOUT] boot parm vo LCD opt 0,16, 0x0@0
May 18 15:32:30 mid kernel: ## Warning: "wmt.display.param2" not defined
May 18 15:32:30 mid kernel: ----------------------[VOUT] pwm 0:25:50:99 -------------------
May 18 15:32:30 mid kernel: [VOUT] blt 0,scalar 25,period 50,duty 99
May 18 15:32:30 mid kernel: [VOUT] tmr 40000:0:10:46:800:20:10:23:480:10
May 18 15:32:30 mid kernel: [VOUT] tmr pixclk 40000000,option 0x0,hsync 10,hbp 46,hpixel 800,hfp 20,vsync 10,vbp 23,vpixel 480,vfp 10
May 18 15:32:30 mid kernel: [VOUT] boot argument vo1 2,vo2 9
May 18 15:32:30 mid kernel: [VO] vo_boot_init: <7>vo_boot_init(0)
May 18 15:32:30 mid kernel: gefb: framebuffer at 0f800000, mapped to d0000000, using 8192k, total 8192k
May 18 15:32:30 mid kernel: Console: switching to colour frame buffer device 100x30
May 18 15:32:30 mid kernel: fb0: wmtfb frame buffer device
May 18 15:32:30 mid kernel: loadtime = -3
May 18 15:32:30 mid kernel: start_boot_splash: screen xres = 800, yres = 480, info->var.bits_per_pixel =16
May 18 15:32:30 mid kernel: wmt.kernel.animation.addr = f600000, 0xf600000 map to 0xcda00000
May 18 15:32:30 mid kernel: It's not a valid Animation file at 0xcda00000, first 4 bytes: 0xffffffff
May 18 15:32:30 mid kernel: --> start progress bar
May 18 15:32:30 mid kernel: [VO] vo_boot_config: <7>vo_boot_config
May 18 15:32:30 mid kernel: [VO] vo_boot_config: <7>Exit vo_boot_config
May 18 15:32:30 mid kernel: div_addr_offs=0x35c PLL_NO=1 
May 18 15:32:30 mid kernel: [VPP] GOVW TG 0,vpu en 0,vpu path 0
May 18 15:32:30 mid kernel: [VPP] GOVW TG 1,vpu en 0,vpu path 0
May 18 15:32:30 mid kernel: [VPP] GOVW TG 1,vpu en 0,vpu path 0
May 18 15:32:30 mid kernel: fb1: WMT VPU frame buffer device
May 18 15:32:30 mid kernel: Enter pwm_init
May 18 15:32:30 mid kernel: mknod /dev/wmtgpio c 253 0
May 18 15:32:30 mid kernel: uart.0: ttyS0 at MMIO 0xd8200000 (irq = 32) is a wmt serial
May 18 15:32:30 mid kernel: uart.1: ttyS1 at MMIO 0xd82b0000 (irq = 33) is a wmt serial
May 18 15:32:30 mid kernel: WMT Serial driver initialized: ok
May 18 15:32:30 mid kernel: brd: module loaded
May 18 15:32:30 mid kernel: loop: module loaded
May 18 15:32:30 mid kernel: nbd: registered device at major 43
May 18 15:32:30 mid kernel: pmem: 1 init
May 18 15:32:30 mid kernel: PPP generic driver version 2.4.2
May 18 15:32:30 mid kernel: PPP Deflate Compression module registered
May 18 15:32:30 mid kernel: PPP BSD Compression module registered
May 18 15:32:30 mid kernel: NET: Registered protocol family 24
May 18 15:32:30 mid kernel: disable wmt onboard eth mac
May 18 15:32:30 mid kernel: usbcore: registered new interface driver asix
May 18 15:32:30 mid kernel: Linux video capture interface: v2.00
May 18 15:32:30 mid kernel: usbcore: registered new interface driver uvcvideo
May 18 15:32:30 mid kernel: USB Video Class driver (v0.1.0)
May 18 15:32:30 mid kernel: [wmt-vd] prob /dev/wmt-vd major 236, minor 0, prdt ffb03000/d1a0000, size 100 KB
May 18 15:32:30 mid kernel: [wmt-vd] WonderMedia HW decoder driver inited
May 18 15:32:30 mid kernel: [wmt-lock] init ok, major=242, minor=1
May 18 15:32:30 mid kernel: get the cmos gpio setting : 1:0:7:0xd8110040:0xd8110080:0xd81100c0:
May 18 15:32:30 mid kernel: Dean:spi_probe
May 18 15:32:30 mid kernel: spi irq num = 0x18
May 18 15:32:30 mid kernel: B:0
May 18 15:32:30 mid kernel: A:8
May 18 15:32:30 mid kernel: WMT EVB SPI Controlor Driver OK!
May 18 15:32:30 mid kernel: uhci_hcd: USB Universal Host Controller Interface driver
May 18 15:32:30 mid kernel: PCI: enabling device 0000:00:05.0 (0000 -> 0001)
May 18 15:32:30 mid kernel: uhci_hcd 0000:00:05.0: UHCI Host Controller
May 18 15:32:30 mid kernel: uhci_hcd 0000:00:05.0: new USB bus registered, assigned bus number 1
May 18 15:32:30 mid kernel: uhci_hcd 0000:00:05.0: detected 2 ports
May 18 15:32:30 mid kernel: uhci_hcd 0000:00:05.0: irq 43, io base 0xd8007b00
May 18 15:32:30 mid kernel: usb usb1: New USB device found, idVendor=1d6b, idProduct=0001
May 18 15:32:30 mid kernel: usb usb1: New USB device strings: Mfr=3, Product=2, SerialNumber=1
May 18 15:32:30 mid kernel: usb usb1: Product: UHCI Host Controller
May 18 15:32:30 mid kernel: usb usb1: Manufacturer: Linux 2.6.32.9-default uhci_hcd
May 18 15:32:30 mid kernel: usb usb1: SerialNumber: 0000:00:05.0
May 18 15:32:30 mid kernel: usb usb1: configuration #1 chosen from 1 choice
May 18 15:32:30 mid kernel: hub 1-0:1.0: USB hub found
May 18 15:32:30 mid kernel: hub 1-0:1.0: 2 ports detected
May 18 15:32:30 mid kernel: PCI: enabling device 0000:00:06.0 (0000 -> 0001)
May 18 15:32:30 mid kernel: uhci_hcd 0000:00:06.0: UHCI Host Controller
May 18 15:32:30 mid kernel: uhci_hcd 0000:00:06.0: new USB bus registered, assigned bus number 2
May 18 15:32:30 mid kernel: uhci_hcd 0000:00:06.0: detected 2 ports
May 18 15:32:30 mid kernel: uhci_hcd 0000:00:06.0: irq 43, io base 0xd8008d00
May 18 15:32:30 mid kernel: usb usb2: New USB device found, idVendor=1d6b, idProduct=0001
May 18 15:32:30 mid kernel: usb usb2: New USB device strings: Mfr=3, Product=2, SerialNumber=1
May 18 15:32:30 mid kernel: usb usb2: Product: UHCI Host Controller
May 18 15:32:30 mid kernel: usb usb2: Manufacturer: Linux 2.6.32.9-default uhci_hcd
May 18 15:32:30 mid kernel: usb usb2: SerialNumber: 0000:00:06.0
May 18 15:32:30 mid kernel: usb usb2: configuration #1 chosen from 1 choice
May 18 15:32:30 mid kernel: hub 2-0:1.0: USB hub found
May 18 15:32:30 mid kernel: hub 2-0:1.0: 2 ports detected
May 18 15:32:30 mid kernel: usbcore: registered new interface driver cdc_acm
May 18 15:32:30 mid kernel: cdc_acm: v0.26:USB Abstract Control Model driver for USB modems and ISDN adapters
May 18 15:32:30 mid kernel: Initializing USB Mass Storage driver...
May 18 15:32:30 mid kernel: usbcore: registered new interface driver usb-storage
May 18 15:32:30 mid kernel: USB Mass Storage support registered.
May 18 15:32:30 mid kernel: usbcore: registered new interface driver usbserial
May 18 15:32:30 mid kernel: debug:1 by rubbitxiao
May 18 15:32:30 mid kernel: USB Serial support registered for generic
May 18 15:32:30 mid kernel: usbcore: registered new interface driver usbserial_generic
May 18 15:32:30 mid kernel: usbserial: USB Serial Driver core
May 18 15:32:30 mid kernel: USB Serial support registered for GSM modem (1-port)
May 18 15:32:30 mid kernel: usbcore: registered new interface driver option
May 18 15:32:30 mid kernel: option: v0.7.2:USB Driver for GSM modems
May 18 15:32:30 mid kernel: usbcore: registered new interface driver VIAUSBModem
May 18 15:32:30 mid kernel: LinuxVIAUSBD1.0.4:VIA USB CDMA Modem
May 18 15:32:30 mid kernel: USB Serial support registered for pl2303
May 18 15:32:30 mid kernel: usbcore: registered new interface driver pl2303
May 18 15:32:30 mid kernel: pl2303: Prolific PL2303 USB to serial adaptor driver
May 18 15:32:30 mid kernel: USB Serial support registered for GobiSerial
May 18 15:32:30 mid kernel: usbcore: registered new interface driver GobiSerial
May 18 15:32:30 mid kernel: GobiSerial: 1.0.20
May 18 15:32:30 mid kernel: udc: VIA UDC driver, version: 3 December 2007 (dma)
May 18 15:32:30 mid kernel: udc: pullup_disable()
May 18 15:32:30 mid kernel: mount_thread
May 18 15:32:30 mid kernel: udc: wmt_udc_probe - request_irq(0x2B) pass!
May 18 15:32:30 mid kernel: mice: PS/2 mouse device common for all mice
May 18 15:32:30 mid kernel: ## Warning: "wmt.io.ts" not defined
May 18 15:32:30 mid kernel: p.x = 800, p.y = 480, gpio=0
May 18 15:32:30 mid kernel: ## Warning: "wmt.tsc.key" not defined
May 18 15:32:30 mid kernel: UTK:Read wmt.tsc.key Failed.
May 18 15:32:30 mid kernel: Tsc calibrate init data: [-83 29762 -6278833 22259 -52 -13696263 138634]
May 18 15:32:30 mid kernel: input: utk_touch as /devices/virtual/input/input0
May 18 15:32:30 mid kernel: UTK Touchscreen Driver Installed OK!
May 18 15:32:30 mid kernel: ===== VT1603 Touch Disabled!=====
May 18 15:32:30 mid kernel: vt1603_ts Touch Disabled!
May 18 15:32:30 mid kernel: VT1603 Touch & Battery ADC Driver Installed!wmt_rtc on
May 18 15:32:30 mid kernel: using rtc device, wmt-rtc, for alarms
May 18 15:32:30 mid kernel: wmt-rtc wmt-rtc.0: rtc core: registered wmt-rtc as rtc0
May 18 15:32:30 mid kernel: WMT Real Time Clock driver v0.54 initialized: ok
May 18 15:32:30 mid kernel: device-mapper: ioctl: 4.15.0-ioctl (2009-04-01) initialised: dm-devel@redhat.com
May 18 15:32:30 mid kernel: device-mapper: multipath: version 1.1.0 loaded
May 18 15:32:30 mid kernel: device-mapper: multipath round-robin: version 1.0.0 loaded
May 18 15:32:30 mid kernel: device-mapper: multipath queue-length: version 0.1.0 loaded
May 18 15:32:30 mid kernel: device-mapper: multipath service-time: version 0.2.0 loaded
May 18 15:32:30 mid kernel: WMT ATSMB (AHB To SD/MMC Bus) controller registered!
May 18 15:32:30 mid kernel: ## Warning: "rootdev" not defined
May 18 15:32:30 mid kernel: Do not initialize mmc1 when boot from NandFlash.
May 18 15:32:30 mid kernel: sdmmc1: probe of sdmmc1.0 failed with error -22
May 18 15:32:30 mid kernel: ------------------ lcd_backlight_probe ---------------
May 18 15:32:30 mid kernel: Registered led device: lcd-backlight
May 18 15:32:30 mid kernel: usbcore: registered new interface driver hiddev
May 18 15:32:30 mid kernel: usbcore: registered new interface driver usbhid
May 18 15:32:30 mid kernel: usbhid: v2.6:USB HID core driver
May 18 15:32:30 mid kernel: logger: created 256K log 'log_main'
May 18 15:32:30 mid kernel: logger: created 256K log 'log_events'
May 18 15:32:30 mid kernel: logger: created 64K log 'log_radio'
May 18 15:32:30 mid kernel: Advanced Linux Sound Architecture Driver Version 1.0.21.
May 18 15:32:30 mid kernel: No device for DAI VT1603
May 18 15:32:30 mid kernel: No device for DAI HWDEC
May 18 15:32:30 mid kernel: ## Warning: "wmt.audio.echo.cancel" not defined
May 18 15:32:30 mid kernel: WMT_SOC: dai_name=i2s, codec_name=vt1603
May 18 15:32:30 mid kernel: No device for DAI wmt-i2s-dai
May 18 15:32:30 mid kernel: [VPP] set audio(fmt 16,rate 44100,ch 2)
May 18 15:32:30 mid kernel: VT1603 Audio Codec 0.10
May 18 15:32:30 mid kernel: wmt.audio.i2s = vt1603:f1:f2:ff:ff:80
May 18 15:32:30 mid kernel: [i2sbus] invalid. set i2c_bus->1
May 18 15:32:30 mid kernel: [mic/linein] invalid. set record->mic
May 18 15:32:30 mid kernel: playback volume percent[80%]
May 18 15:32:30 mid kernel: ## Warning: "wmt.vt1603.debug" not defined
May 18 15:32:30 mid kernel: ## Warning: "wmt.audio.fm34" not defined
May 18 15:32:30 mid kernel: asoc: VT1603 <-> wmt-i2s-dai mapping ok
May 18 15:32:30 mid kernel: ALSA device list:
May 18 15:32:30 mid kernel:  #0: WMT_SOC (VT1603)
May 18 15:32:30 mid kernel: TCP cubic registered
May 18 15:32:30 mid kernel: NET: Registered protocol family 17
May 18 15:32:30 mid kernel: lib80211: common routines for IEEE802.11 drivers
May 18 15:32:30 mid kernel: ## Warning: "wmt.io.pwkey" not defined
May 18 15:32:30 mid kernel: mount_thread
May 18 15:32:30 mid kernel: input: kpadPower as /devices/virtual/input/input1
May 18 15:32:30 mid kernel: [wmt_pm_init] battery_used = 3
May 18 15:32:30 mid kernel: PMC: WonderMedia Power Management driver
May 18 15:32:30 mid kernel: PMC: Power button is configured as soft power
May 18 15:32:30 mid kernel: [wmt_pm_init] power_on = 100 resume = 0 power_up = 500
May 18 15:32:30 mid kernel: registered taskstats version 1
May 18 15:32:30 mid kernel: Waiting 10sec before mounting root device...
May 18 15:32:30 mid kernel: mmc0: new high speed SDHC card at address e624
May 18 15:32:30 mid kernel: mmcblk0: mmc0:e624 SU04G 3.69 GiB 
May 18 15:32:30 mid kernel: mmcblk0: p1 p2
May 18 15:32:30 mid kernel: VFS: Mounted root (ext2 filesystem) on device 179:2.
May 18 15:32:30 mid kernel: Freeing init memory: 148K
May 18 15:32:30 mid kernel: ## Warning: "wmt.camera.mirror" not defined
May 18 15:32:30 mid kernel: cmos_release() 
May 18 15:32:30 mid kernel: ++++++++++++++++++
May 18 15:32:30 mid kernel: ++++++++++++++++++
May 18 15:32:30 mid kernel: [VPP] GOVW TG 0,vpu en 0,vpu path 0
May 18 15:32:30 mid kernel: [CUR] set colfmt ARGB
May 18 15:32:30 mid kernel: [CUR] YUV444 --> ARGB chg fb 2
May 18 15:32:33 mid kernel: Bow: wmt_batt_init  
May 18 15:32:33 mid kernel: ## Warning: "wmt.sys.dcin.batfull" not defined
May 18 15:32:33 mid kernel: Bow: Probe...0
May 18 15:32:33 mid kernel: input: keypad as /devices/virtual/input/input2
May 18 15:32:33 mid kernel: usbcore: registered new interface driver SR9700_android
May 18 15:32:33 mid kernel: rt3070sta driver V1.0.1
May 18 15:32:33 mid kernel: rtusb init --->
May 18 15:32:33 mid kernel: wifi_power_ctrl 1
May 18 15:32:33 mid kernel: wifi power up
May 18 15:32:34 mid kernel: usb 2-2: new full speed USB device using uhci_hcd and address 2
May 18 15:32:34 mid kernel: usb 2-2: New USB device found, idVendor=148f, idProduct=3070
May 18 15:32:34 mid kernel: usb 2-2: New USB device strings: Mfr=1, Product=2, SerialNumber=3
May 18 15:32:34 mid kernel: usb 2-2: Product: 802.11 n WLAN
May 18 15:32:34 mid kernel: usb 2-2: Manufacturer: Ralink
May 18 15:32:34 mid kernel: usb 2-2: SerialNumber: 1.0
May 18 15:32:34 mid kernel: usb 2-2: configuration #1 chosen from 1 choice
May 18 15:32:34 mid kernel:
May 18 15:32:34 mid kernel:
May 18 15:32:34 mid kernel: === pAd = cdeb9000, size = 503224 ===
May 18 15:32:34 mid kernel:
May 18 15:32:34 mid kernel: <-- RTMPAllocAdapterBlock, Status=0
May 18 15:32:34 mid kernel: usbcore: registered new interface driver rt2870
May 18 15:32:35 mid kernel: vgaarb: this pci device is not a vga device
May 18 15:32:35 mid kernel: vgaarb: this pci device is not a vga device
May 18 15:32:37 mid kernel: <-- RTMPAllocTxRxRingMemory, Status=0
May 18 15:32:37 mid kernel: -->RTUSBVenderReset
May 18 15:32:37 mid kernel: <--RTUSBVenderReset
May 18 15:32:39 mid kernel: Key1Str is Invalid key length(0) or Type(0)
May 18 15:32:39 mid kernel: Key2Str is Invalid key length(0) or Type(0)
May 18 15:32:39 mid kernel: Key3Str is Invalid key length(0) or Type(0)
May 18 15:32:39 mid kernel: Key4Str is Invalid key length(0) or Type(0)
May 18 15:32:39 mid kernel: 1. Phy Mode = 9
May 18 15:32:39 mid kernel: 2. Phy Mode = 9
May 18 15:32:39 mid kernel: NVM is Efuse and its size =2d[2d0-2fc] 
May 18 15:32:40 mid kernel: 3. Phy Mode = 9
May 18 15:32:40 mid kernel: RTMPSetPhyMode: channel is out of range, use first channel=1 
May 18 15:32:40 mid kernel: MCS Set = ff 00 00 00 01
May 18 15:32:40 mid kernel: <==== rt28xx_init, Status=0
May 18 15:32:40 mid kernel: 0x1300 = 00064300
May 18 15:32:46 mid kernel: ==>rt_ioctl_siwfreq::SIOCSIWFREQ[cmd=0x8b04] (Channel=1)
May 18 15:33:12 mid kernel: WMT_I2S: *** stream_id=0, rate=44100, format=0x1 channels=2 ***
May 18 15:33:12 mid kernel: [VPP] set audio(fmt 16,rate 8000,ch 2)
May 18 15:33:13 mid kernel: WMT_I2S: *** stream_id=0, rate=44100, format=0x2 channels=2 ***
May 18 15:33:13 mid kernel: [VPP] set audio(fmt 16,rate 44100,ch 2)
May 18 15:33:13 mid kernel: WMT_I2S: *** stream_id=0, rate=44100, format=0x2 channels=1 ***
May 18 15:34:32 mid kernel: Rcv Wcid(1) AddBAReq
May 18 15:34:32 mid kernel: Start Seq = 00000000
May 18 15:48:55 mid bonobo-activation-server (ira-1778): could not associate with desktop session: Failed to connect to socket /tmp/dbus-U1zcfTakg2: Connection refused
May 18 15:48:57 mid kernel: vgaarb: this pci device is not a vga device
May 18 15:48:57 mid kernel: vgaarb: this pci device is not a vga device
May 18 15:49:28 mid kernel: WMT_I2S: *** stream_id=1, rate=44100, format=0x2 channels=2 ***
May 18 15:49:28 mid kernel: WMT_I2S: *** stream_id=0, rate=44100, format=0x1 channels=2 ***
May 18 15:49:28 mid kernel: [VPP] set audio(fmt 16,rate 8000,ch 2)
May 18 15:49:29 mid kernel: WMT_I2S: *** stream_id=0, rate=44100, format=0x2 channels=2 ***
May 18 15:49:29 mid kernel: [VPP] set audio(fmt 16,rate 44100,ch 2)
May 18 15:49:29 mid kernel: WMT_I2S: *** stream_id=0, rate=44100, format=0x2 channels=1 ***
May 18 16:53:13 mid shutdown[1977]: shutting down for system halt
May 18 16:53:17 mid kernel: UsbVendorReq_semaphore get failed
May 18 16:53:17 mid kernel: UsbVendorReq_semaphore get failed
May 18 16:53:17 mid kernel: UsbVendorReq_semaphore get failed
May 18 16:53:17 mid kernel: UsbVendorReq_semaphore get failed
May 18 16:53:17 mid kernel: UsbVendorReq_semaphore get failed
May 18 16:53:17 mid kernel: UsbVendorReq_semaphore get failed
May 18 16:53:17 mid kernel: UsbVendorReq_semaphore get failed
May 18 16:53:17 mid kernel: UsbVendorReq_semaphore get failed
May 18 16:53:17 mid kernel: UsbVendorReq_semaphore get failed
May 18 16:53:17 mid kernel: UsbVendorReq_semaphore get failed
May 18 16:53:17 mid kernel: UsbVendorReq_semaphore get failed
May 18 16:53:17 mid kernel: UsbVendorReq_semaphore get failed
May 18 16:53:17 mid kernel: UsbVendorReq_semaphore get failed
May 18 16:53:17 mid kernel: ===> rt28xx_close
May 18 16:53:17 mid kernel: ---> RTMPFreeTxRxRingMemory
May 18 16:53:17 mid kernel: <--- RTMPFreeTxRxRingMemory
May 18 16:53:18 mid kernel: Kernel logging (proc) stopped.
May 18 16:53:18 mid rsyslogd: [origin software="rsyslogd" swVersion="4.6.4" x-pid="1280" x-info="http://www.rsyslog.com"] exiting on signal 15.
May 18 18:55:11 mid kernel: imklog 4.6.4, log source = /proc/kmsg started.
May 18 18:55:11 mid rsyslogd: [origin software="rsyslogd" swVersion="4.6.4" x-pid="1281" x-info="http://www.rsyslog.com"] (re)start
May 18 18:55:11 mid kernel: Linux version 2.6.32.9-default (hangyan@szmce12) (gcc version 4.5.1 (Sourcery G++ Lite 2010.09-50) ) #1 Wed Jul 13 09:56:43 HKT 2011
May 18 18:55:11 mid kernel: CPU: ARM926EJ-S [41069265] revision 5 (ARMv5TEJ), cr=00053177
May 18 18:55:11 mid kernel: CPU: VIVT data cache, VIVT instruction cache
May 18 18:55:11 mid kernel: Machine: WMT
May 18 18:55:11 mid kernel: Memory policy: ECC disabled, Data cache writeback
May 18 18:55:12 mid kernel: Built 1 zonelists in Zone order, mobility grouping on.  Total pages: 54356
May 18 18:55:12 mid kernel: Kernel command line: mem=214M root=/dev/mmcblk0p2 noinitrd rw rootfstype=ext2 console=ttyS0,115200n8 rootdelay=10
May 18 18:55:12 mid kernel: PID hash table entries: 1024 (order: 0, 4096 bytes)
May 18 18:55:12 mid kernel: Dentry cache hash table entries: 32768 (order: 5, 131072 bytes)
May 18 18:55:12 mid kernel: Inode-cache hash table entries: 16384 (order: 4, 65536 bytes)
May 18 18:55:12 mid kernel: Memory: 214MB = 214MB total
May 18 18:55:12 mid kernel: Memory: 210304KB available (5428K code, 1125K data, 148K init, 0K highmem)
May 18 18:55:12 mid kernel: Hierarchical RCU implementation.
May 18 18:55:12 mid kernel: NR_IRQS:128
May 18 18:55:12 mid kernel: Console: colour dummy device 80x30
May 18 18:55:12 mid kernel: console [ttyS0] enabled
May 18 18:55:12 mid kernel: Calibrating delay loop... 299.00 BogoMIPS (lpj=1495040)
May 18 18:55:12 mid kernel: Mount-cache hash table entries: 512
May 18 18:55:12 mid kernel: CPU: Testing write buffer coherency: ok
May 18 18:55:12 mid kernel: NET: Registered protocol family 16
May 18 18:55:12 mid kernel: wmt_pci_init
May 18 18:55:12 mid kernel: PCI: WonderMidia Technology PCI Bridge
May 18 18:55:12 mid kernel: PCI: bus0: Fast back to back transfers disabled
May 18 18:55:12 mid kernel: [WMT-MB] Preparing VIDEO BUFFER (SIZE 32768 kB) ...
May 18 18:55:12 mid kernel: [WMT-MB] MAX MB Area size: Max 4096 Kbs Min 256 Kbs
May 18 18:55:12 mid kernel: [WMT-MB] prob /dev/Memory Block major 242, minor 0
May 18 18:55:12 mid kernel: bio: create slab <bio-0> at 0
May 18 18:55:12 mid kernel: vgaarb: loaded
May 18 18:55:12 mid kernel: SCSI subsystem initialized
May 18 18:55:12 mid kernel: usbcore: registered new interface driver usbfs
May 18 18:55:12 mid kernel: usbcore: registered new interface driver hub
May 18 18:55:12 mid kernel: usbcore: registered new device driver usb
May 18 18:55:12 mid kernel: NET: Registered protocol family 2
May 18 18:55:12 mid kernel: IP route cache hash table entries: 2048 (order: 1, 8192 bytes)
May 18 18:55:12 mid kernel: TCP established hash table entries: 8192 (order: 4, 65536 bytes)
May 18 18:55:12 mid kernel: TCP bind hash table entries: 8192 (order: 3, 32768 bytes)
May 18 18:55:12 mid kernel: TCP: Hash tables configured (established 8192 bind 8192)
May 18 18:55:12 mid kernel: TCP reno registered
May 18 18:55:12 mid kernel: NET: Registered protocol family 1
May 18 18:55:12 mid kernel: RPC: Registered udp transport module.
May 18 18:55:12 mid kernel: RPC: Registered tcp transport module.
May 18 18:55:12 mid kernel: RPC: Registered tcp NFSv4.1 backchannel transport module.
May 18 18:55:12 mid kernel: ashmem: initialized
May 18 18:55:12 mid kernel: NTFS driver 2.1.29 [Flags: R/W].
May 18 18:55:12 mid kernel: JFFS2 version 2.2. (NAND) © 2001-2006 Red Hat, Inc.
May 18 18:55:12 mid kernel: yaffs Jul 13 2011 09:56:24 Installing. 
May 18 18:55:12 mid kernel: msgmni has been set to 411
May 18 18:55:12 mid kernel: alg: No test for stdrng (krng)
May 18 18:55:12 mid kernel: io scheduler noop registered
May 18 18:55:12 mid kernel: io scheduler anticipatory registered
May 18 18:55:12 mid kernel: io scheduler deadline registered
May 18 18:55:12 mid kernel: io scheduler cfq registered (default)
May 18 18:55:12 mid kernel: un-know id = 0xc84013
May 18 18:55:12 mid kernel: un-know id = 0xffffff
May 18 18:55:12 mid kernel: wmt sf controller initial ok
May 18 18:55:12 mid kernel: Creating 6 MTD partitions on "mtdsf device":
May 18 18:55:12 mid kernel: 0x000000000000-0x000000d00000 : "filesystem-SF"
May 18 18:55:12 mid kernel: 0x000000d00000-0x000000f80000 : "kernel-SF"
May 18 18:55:12 mid kernel: 0x000000f80000-0x000000fd0000 : "u-boot-SF"
May 18 18:55:12 mid kernel: 0x000000fd0000-0x000000fe0000 : "u-boot env. cfg. 1-SF"
May 18 18:55:12 mid kernel: 0x000000fe0000-0x000000ff0000 : "u-boot env. cfg. 2-SF"
May 18 18:55:12 mid kernel: 0x000000ff0000-0x000001000000 : "w-load-SF"
May 18 18:55:12 mid kernel: 1PMNAND_ADDR=0x6 
May 18 18:55:12 mid kernel: kmalloc buffer env_ptr = 0xcd160000, env_ptr_nand = 0xcd160000
May 18 18:55:12 mid kernel: ## Warning: "wmt.io.nand" not defined
May 18 18:55:12 mid kernel: NAND device: Manufacturer ID: 0xec, Chip ID: 0xd7947a (Samsung SAMSUNG_K9GBG08U0A)
May 18 18:55:12 mid kernel: PLLB=0xe, spec_clk=0x140a0cff
May 18 18:55:12 mid kernel: T1=2, clk1=17, div1=6, Thold=1, tREA=20+delay(9)
May 18 18:55:12 mid kernel: T2=1, clk2=31, div2=11, Thold2=1, comp=1
May 18 18:55:12 mid kernel: Tim1=417792 , Tim2=507904
May 18 18:55:12 mid kernel: T2 is greater and not use
May 18 18:55:12 mid kernel: T=2, clk=17, divisor=6, Thold=0x701
May 18 18:55:12 mid kernel: divisor PMNAND_ADDR is set 0x6, NFC_timing=0x2424
May 18 18:55:12 mid kernel: BCH ECC 24BIT
May 18 18:55:12 mid kernel: ## Warning: "wmt.io.nand" not defined
May 18 18:55:12 mid kernel: NAND device: Manufacturer ID: 0xec, Chip ID: 0xd7947a (Samsung SAMSUNG_K9GBG08U0A)
May 18 18:55:12 mid kernel: find bbt page is 524032
May 18 18:55:12 mid kernel: find bbt page is 523904
May 18 18:55:12 mid kernel: Bad block at 4
May 18 18:55:12 mid kernel: Bad block at 5
May 18 18:55:12 mid kernel: Bad block at 16
May 18 18:55:12 mid kernel: Bad block at 17
May 18 18:55:12 mid kernel: Bad block at 948
May 18 18:55:12 mid kernel: Bad block at 972
May 18 18:55:12 mid kernel: Bad block at 973
May 18 18:55:12 mid kernel: Bad block at 1182
May 18 18:55:12 mid kernel: Bad block at 1196
May 18 18:55:12 mid kernel: Bad block at 1198
May 18 18:55:12 mid kernel: Creating 11 MTD partitions on "WMT.nand":
May 18 18:55:12 mid kernel: 0x000000000000-0x000000100000 : "w-load-NAND"
May 18 18:55:12 mid kernel: 0x000000100000-0x000000a00000 : "u-boot env. cfg. 1-NAND"
May 18 18:55:12 mid kernel: 0x000000a00000-0x000001300000 : "u-boot-NAND"
May 18 18:55:12 mid kernel: 0x000001300000-0x000001b00000 : "kernel-NAND"
May 18 18:55:12 mid kernel: 0x000001b00000-0x000002100000 : "initrd-NAND"
May 18 18:55:12 mid kernel: 0x000002100000-0x000022100000 : "filesystem-NAND"
May 18 18:55:12 mid kernel: 0x000022100000-0x000022500000 : "u-boot-logo"
May 18 18:55:12 mid kernel: 0x000022500000-0x000022900000 : "kernel-logo"
May 18 18:55:12 mid kernel: 0x000022900000-0x000086b00000 : "android-data"
May 18 18:55:12 mid kernel: 0x000086b00000-0x00008eb00000 : "android-cache"
May 18 18:55:12 mid kernel: 0x00008eb00000-0x000100000000 : "LocalDisk"
May 18 18:55:12 mid kernel: nand initialised ok
May 18 18:55:12 mid kernel: i2c /dev entries driver
May 18 18:55:12 mid kernel: I2C PORT0: Transfer Mode = 1; Speed Mode = 1
May 18 18:55:12 mid kernel: i2c: adding wmt_i2c_adapter0.
May 18 18:55:12 mid kernel: i2c: successfully added bus
May 18 18:55:12 mid kernel:
May 18 18:55:12 mid kernel: I2C PORT1: Transfer Mode = 1; Speed Mode = 1
May 18 18:55:12 mid kernel: i2c: adding wmt_i2c_adapter1.
May 18 18:55:12 mid kernel: i2c: successfully added bus
May 18 18:55:12 mid kernel: [wmt_i2c_api_i2c_init]
May 18 18:55:12 mid kernel: [wmt_i2c_api_init] wmt_i2c_api_init.
May 18 18:55:12 mid kernel: i2c: wmt algorithm module loaded.
May 18 18:55:12 mid kernel: ## Warning: "wmt.display.direct_path" not defined
May 18 18:55:12 mid kernel: vpp_init(boot logo 1)
May 18 18:55:12 mid kernel: [VPP] GOVW TG 0,vpu en 0,vpu path 0
May 18 18:55:12 mid kernel: div_addr_offs=0x35c PLL_NO=1 
May 18 18:55:12 mid kernel: [VPP] GOVW TG 0,vpu en 0,vpu path 0
May 18 18:55:12 mid kernel: [VPP] GOVW TG 1,vpu en 0,vpu path 0
May 18 18:55:12 mid kernel: [VPP] GOVW TG 1,vpu en 0,vpu path 0
May 18 18:55:12 mid kernel: [VO] vout_init: <1>vo_init_wm8435
May 18 18:55:12 mid kernel: vt1632 hw mode
May 18 18:55:12 mid kernel: [VOUT] ext dev : DVI
May 18 18:55:12 mid kernel: [VOUT] int dev : NO
May 18 18:55:12 mid kernel: ## Warning: "wmt.display.user_res" not defined
May 18 18:55:12 mid kernel: ## Warning: "wmt.display.regop" not defined
May 18 18:55:12 mid kernel: [VOUT] param 2:0:16:0:0:0
May 18 18:55:12 mid kernel: [VOUT] boot parm vo LCD opt 0,16, 0x0@0
May 18 18:55:12 mid kernel: ## Warning: "wmt.display.param2" not defined
May 18 18:55:12 mid kernel: ----------------------[VOUT] pwm 0:25:50:99 -------------------
May 18 18:55:12 mid kernel: [VOUT] blt 0,scalar 25,period 50,duty 99
May 18 18:55:12 mid kernel: [VOUT] tmr 40000:0:10:46:800:20:10:23:480:10
May 18 18:55:12 mid kernel: [VOUT] tmr pixclk 40000000,option 0x0,hsync 10,hbp 46,hpixel 800,hfp 20,vsync 10,vbp 23,vpixel 480,vfp 10
May 18 18:55:12 mid kernel: [VOUT] boot argument vo1 2,vo2 9
May 18 18:55:12 mid kernel: [VO] vo_boot_init: <7>vo_boot_init(0)
May 18 18:55:12 mid kernel: gefb: framebuffer at 0f800000, mapped to d0000000, using 8192k, total 8192k
May 18 18:55:12 mid kernel: Console: switching to colour frame buffer device 100x30
May 18 18:55:12 mid kernel: fb0: wmtfb frame buffer device
May 18 18:55:12 mid kernel: loadtime = -3
May 18 18:55:12 mid kernel: start_boot_splash: screen xres = 800, yres = 480, info->var.bits_per_pixel =16
May 18 18:55:12 mid kernel: wmt.kernel.animation.addr = f600000, 0xf600000 map to 0xcda00000
May 18 18:55:12 mid kernel: It's not a valid Animation file at 0xcda00000, first 4 bytes: 0xffffffff
May 18 18:55:12 mid kernel: --> start progress bar
May 18 18:55:12 mid kernel: [VO] vo_boot_config: <7>vo_boot_config
May 18 18:55:12 mid kernel: [VO] vo_boot_config: <7>Exit vo_boot_config
May 18 18:55:12 mid kernel: div_addr_offs=0x35c PLL_NO=1 
May 18 18:55:12 mid kernel: [VPP] GOVW TG 0,vpu en 0,vpu path 0
May 18 18:55:12 mid kernel: [VPP] GOVW TG 1,vpu en 0,vpu path 0
May 18 18:55:12 mid kernel: [VPP] GOVW TG 1,vpu en 0,vpu path 0
May 18 18:55:12 mid kernel: fb1: WMT VPU frame buffer device
May 18 18:55:12 mid kernel: Enter pwm_init
May 18 18:55:12 mid kernel: mknod /dev/wmtgpio c 253 0
May 18 18:55:12 mid kernel: uart.0: ttyS0 at MMIO 0xd8200000 (irq = 32) is a wmt serial
May 18 18:55:12 mid kernel: uart.1: ttyS1 at MMIO 0xd82b0000 (irq = 33) is a wmt serial
May 18 18:55:12 mid kernel: WMT Serial driver initialized: ok
May 18 18:55:12 mid kernel: brd: module loaded
May 18 18:55:12 mid kernel: loop: module loaded
May 18 18:55:12 mid kernel: nbd: registered device at major 43
May 18 18:55:12 mid kernel: pmem: 1 init
May 18 18:55:12 mid kernel: PPP generic driver version 2.4.2
May 18 18:55:12 mid kernel: PPP Deflate Compression module registered
May 18 18:55:12 mid kernel: PPP BSD Compression module registered
May 18 18:55:12 mid kernel: NET: Registered protocol family 24
May 18 18:55:12 mid kernel: disable wmt onboard eth mac
May 18 18:55:12 mid kernel: usbcore: registered new interface driver asix
May 18 18:55:12 mid kernel: Linux video capture interface: v2.00
May 18 18:55:12 mid kernel: usbcore: registered new interface driver uvcvideo
May 18 18:55:12 mid kernel: USB Video Class driver (v0.1.0)
May 18 18:55:12 mid kernel: [wmt-vd] prob /dev/wmt-vd major 236, minor 0, prdt ffb03000/d1a0000, size 100 KB
May 18 18:55:12 mid kernel: [wmt-vd] WonderMedia HW decoder driver inited
May 18 18:55:12 mid kernel: [wmt-lock] init ok, major=242, minor=1
May 18 18:55:12 mid kernel: get the cmos gpio setting : 1:0:7:0xd8110040:0xd8110080:0xd81100c0:
May 18 18:55:12 mid kernel: Dean:spi_probe
May 18 18:55:12 mid kernel: spi irq num = 0x18
May 18 18:55:12 mid kernel: B:0
May 18 18:55:12 mid kernel: A:8
May 18 18:55:12 mid kernel: WMT EVB SPI Controlor Driver OK!
May 18 18:55:12 mid kernel: uhci_hcd: USB Universal Host Controller Interface driver
May 18 18:55:12 mid kernel: PCI: enabling device 0000:00:05.0 (0000 -> 0001)
May 18 18:55:12 mid kernel: uhci_hcd 0000:00:05.0: UHCI Host Controller
May 18 18:55:12 mid kernel: uhci_hcd 0000:00:05.0: new USB bus registered, assigned bus number 1
May 18 18:55:12 mid kernel: uhci_hcd 0000:00:05.0: detected 2 ports
May 18 18:55:12 mid kernel: uhci_hcd 0000:00:05.0: irq 43, io base 0xd8007b00
May 18 18:55:12 mid kernel: usb usb1: New USB device found, idVendor=1d6b, idProduct=0001
May 18 18:55:12 mid kernel: usb usb1: New USB device strings: Mfr=3, Product=2, SerialNumber=1
May 18 18:55:12 mid kernel: usb usb1: Product: UHCI Host Controller
May 18 18:55:12 mid kernel: usb usb1: Manufacturer: Linux 2.6.32.9-default uhci_hcd
May 18 18:55:12 mid kernel: usb usb1: SerialNumber: 0000:00:05.0
May 18 18:55:12 mid kernel: usb usb1: configuration #1 chosen from 1 choice
May 18 18:55:12 mid kernel: hub 1-0:1.0: USB hub found
May 18 18:55:12 mid kernel: hub 1-0:1.0: 2 ports detected
May 18 18:55:12 mid kernel: PCI: enabling device 0000:00:06.0 (0000 -> 0001)
May 18 18:55:12 mid kernel: uhci_hcd 0000:00:06.0: UHCI Host Controller
May 18 18:55:12 mid kernel: uhci_hcd 0000:00:06.0: new USB bus registered, assigned bus number 2
May 18 18:55:12 mid kernel: uhci_hcd 0000:00:06.0: detected 2 ports
May 18 18:55:12 mid kernel: uhci_hcd 0000:00:06.0: irq 43, io base 0xd8008d00
May 18 18:55:12 mid kernel: usb usb2: New USB device found, idVendor=1d6b, idProduct=0001
May 18 18:55:12 mid kernel: usb usb2: New USB device strings: Mfr=3, Product=2, SerialNumber=1
May 18 18:55:12 mid kernel: usb usb2: Product: UHCI Host Controller
May 18 18:55:12 mid kernel: usb usb2: Manufacturer: Linux 2.6.32.9-default uhci_hcd
May 18 18:55:12 mid kernel: usb usb2: SerialNumber: 0000:00:06.0
May 18 18:55:12 mid kernel: usb usb2: configuration #1 chosen from 1 choice
May 18 18:55:12 mid kernel: hub 2-0:1.0: USB hub found
May 18 18:55:12 mid kernel: hub 2-0:1.0: 2 ports detected
May 18 18:55:12 mid kernel: usbcore: registered new interface driver cdc_acm
May 18 18:55:12 mid kernel: cdc_acm: v0.26:USB Abstract Control Model driver for USB modems and ISDN adapters
May 18 18:55:12 mid kernel: Initializing USB Mass Storage driver...
May 18 18:55:12 mid kernel: usbcore: registered new interface driver usb-storage
May 18 18:55:12 mid kernel: USB Mass Storage support registered.
May 18 18:55:12 mid kernel: usbcore: registered new interface driver usbserial
May 18 18:55:12 mid kernel: debug:1 by rubbitxiao
May 18 18:55:12 mid kernel: USB Serial support registered for generic
May 18 18:55:12 mid kernel: usbcore: registered new interface driver usbserial_generic
May 18 18:55:12 mid kernel: usbserial: USB Serial Driver core
May 18 18:55:12 mid kernel: USB Serial support registered for GSM modem (1-port)
May 18 18:55:12 mid kernel: usbcore: registered new interface driver option
May 18 18:55:12 mid kernel: option: v0.7.2:USB Driver for GSM modems
May 18 18:55:12 mid kernel: usbcore: registered new interface driver VIAUSBModem
May 18 18:55:12 mid kernel: LinuxVIAUSBD1.0.4:VIA USB CDMA Modem
May 18 18:55:12 mid kernel: USB Serial support registered for pl2303
May 18 18:55:12 mid kernel: usbcore: registered new interface driver pl2303
May 18 18:55:12 mid kernel: pl2303: Prolific PL2303 USB to serial adaptor driver
May 18 18:55:12 mid kernel: USB Serial support registered for GobiSerial
May 18 18:55:12 mid kernel: usbcore: registered new interface driver GobiSerial
May 18 18:55:12 mid kernel: GobiSerial: 1.0.20
May 18 18:55:12 mid kernel: udc: VIA UDC driver, version: 3 December 2007 (dma)
May 18 18:55:12 mid kernel: udc: pullup_disable()
May 18 18:55:12 mid kernel: mount_thread
May 18 18:55:12 mid kernel: udc: wmt_udc_probe - request_irq(0x2B) pass!
May 18 18:55:12 mid kernel: mice: PS/2 mouse device common for all mice
May 18 18:55:12 mid kernel: ## Warning: "wmt.io.ts" not defined
May 18 18:55:12 mid kernel: p.x = 800, p.y = 480, gpio=0
May 18 18:55:12 mid kernel: ## Warning: "wmt.tsc.key" not defined
May 18 18:55:12 mid kernel: UTK:Read wmt.tsc.key Failed.
May 18 18:55:12 mid kernel: Tsc calibrate init data: [-83 29762 -6278833 22259 -52 -13696263 138634]
May 18 18:55:12 mid kernel: input: utk_touch as /devices/virtual/input/input0
May 18 18:55:12 mid kernel: UTK Touchscreen Driver Installed OK!
May 18 18:55:12 mid kernel: ===== VT1603 Touch Disabled!=====
May 18 18:55:12 mid kernel: vt1603_ts Touch Disabled!
May 18 18:55:12 mid kernel: VT1603 Touch & Battery ADC Driver Installed!wmt_rtc on
May 18 18:55:12 mid kernel: using rtc device, wmt-rtc, for alarms
May 18 18:55:12 mid kernel: wmt-rtc wmt-rtc.0: rtc core: registered wmt-rtc as rtc0
May 18 18:55:12 mid kernel: WMT Real Time Clock driver v0.54 initialized: ok
May 18 18:55:12 mid kernel: device-mapper: ioctl: 4.15.0-ioctl (2009-04-01) initialised: dm-devel@redhat.com
May 18 18:55:12 mid kernel: device-mapper: multipath: version 1.1.0 loaded
May 18 18:55:12 mid kernel: device-mapper: multipath round-robin: version 1.0.0 loaded
May 18 18:55:12 mid kernel: device-mapper: multipath queue-length: version 0.1.0 loaded
May 18 18:55:12 mid kernel: device-mapper: multipath service-time: version 0.2.0 loaded
May 18 18:55:12 mid kernel: WMT ATSMB (AHB To SD/MMC Bus) controller registered!
May 18 18:55:12 mid kernel: ## Warning: "rootdev" not defined
May 18 18:55:12 mid kernel: Do not initialize mmc1 when boot from NandFlash.
May 18 18:55:12 mid kernel: sdmmc1: probe of sdmmc1.0 failed with error -22
May 18 18:55:12 mid kernel: ------------------ lcd_backlight_probe ---------------
May 18 18:55:12 mid kernel: Registered led device: lcd-backlight
May 18 18:55:12 mid kernel: usbcore: registered new interface driver hiddev
May 18 18:55:12 mid kernel: usbcore: registered new interface driver usbhid
May 18 18:55:12 mid kernel: usbhid: v2.6:USB HID core driver
May 18 18:55:12 mid kernel: logger: created 256K log 'log_main'
May 18 18:55:12 mid kernel: logger: created 256K log 'log_events'
May 18 18:55:12 mid kernel: logger: created 64K log 'log_radio'
May 18 18:55:12 mid kernel: Advanced Linux Sound Architecture Driver Version 1.0.21.
May 18 18:55:12 mid kernel: No device for DAI VT1603
May 18 18:55:12 mid kernel: No device for DAI HWDEC
May 18 18:55:12 mid kernel: ## Warning: "wmt.audio.echo.cancel" not defined
May 18 18:55:12 mid kernel: WMT_SOC: dai_name=i2s, codec_name=vt1603
May 18 18:55:12 mid kernel: No device for DAI wmt-i2s-dai
May 18 18:55:12 mid kernel: [VPP] set audio(fmt 16,rate 44100,ch 2)
May 18 18:55:12 mid kernel: VT1603 Audio Codec 0.10
May 18 18:55:12 mid kernel: wmt.audio.i2s = vt1603:f1:f2:ff:ff:80
May 18 18:55:12 mid kernel: [i2sbus] invalid. set i2c_bus->1
May 18 18:55:12 mid kernel: [mic/linein] invalid. set record->mic
May 18 18:55:12 mid kernel: playback volume percent[80%]
May 18 18:55:12 mid kernel: ## Warning: "wmt.vt1603.debug" not defined
May 18 18:55:12 mid kernel: ## Warning: "wmt.audio.fm34" not defined
May 18 18:55:12 mid kernel: asoc: VT1603 <-> wmt-i2s-dai mapping ok
May 18 18:55:12 mid kernel: ALSA device list:
May 18 18:55:12 mid kernel:  #0: WMT_SOC (VT1603)
May 18 18:55:12 mid kernel: TCP cubic registered
May 18 18:55:12 mid kernel: NET: Registered protocol family 17
May 18 18:55:12 mid kernel: lib80211: common routines for IEEE802.11 drivers
May 18 18:55:12 mid kernel: ## Warning: "wmt.io.pwkey" not defined
May 18 18:55:12 mid kernel: mount_thread
May 18 18:55:12 mid kernel: input: kpadPower as /devices/virtual/input/input1
May 18 18:55:12 mid kernel: [wmt_pm_init] battery_used = 3
May 18 18:55:12 mid kernel: PMC: WonderMedia Power Management driver
May 18 18:55:12 mid kernel: PMC: Power button is configured as soft power
May 18 18:55:12 mid kernel: [wmt_pm_init] power_on = 100 resume = 0 power_up = 500
May 18 18:55:12 mid kernel: registered taskstats version 1
May 18 18:55:12 mid kernel: Waiting 10sec before mounting root device...
May 18 18:55:12 mid kernel: mmc0: new high speed SDHC card at address e624
May 18 18:55:12 mid kernel: mmcblk0: mmc0:e624 SU04G 3.69 GiB 
May 18 18:55:12 mid kernel: mmcblk0: p1 p2
May 18 18:55:12 mid kernel: VFS: Mounted root (ext2 filesystem) on device 179:2.
May 18 18:55:12 mid kernel: Freeing init memory: 148K
May 18 18:55:12 mid kernel: ## Warning: "wmt.camera.mirror" not defined
May 18 18:55:12 mid kernel: cmos_release() 
May 18 18:55:12 mid kernel: ++++++++++++++++++
May 18 18:55:12 mid kernel: ++++++++++++++++++
May 18 18:55:12 mid kernel: [VPP] GOVW TG 0,vpu en 0,vpu path 0
May 18 18:55:12 mid kernel: [CUR] set colfmt ARGB
May 18 18:55:12 mid kernel: [CUR] YUV444 --> ARGB chg fb 2
May 18 18:55:14 mid kernel: Bow: wmt_batt_init  
May 18 18:55:14 mid kernel: ## Warning: "wmt.sys.dcin.batfull" not defined
May 18 18:55:14 mid kernel: Bow: Probe...0
May 18 18:55:14 mid kernel: input: keypad as /devices/virtual/input/input2
May 18 18:55:15 mid kernel: usbcore: registered new interface driver SR9700_android
May 18 18:55:15 mid kernel: rt3070sta driver V1.0.1
May 18 18:55:15 mid kernel: rtusb init --->
May 18 18:55:15 mid kernel: wifi_power_ctrl 1
May 18 18:55:15 mid kernel: wifi power up
May 18 18:55:15 mid kernel: usb 2-2: new full speed USB device using uhci_hcd and address 2
May 18 18:55:15 mid kernel: usb 2-2: New USB device found, idVendor=148f, idProduct=3070
May 18 18:55:15 mid kernel: usb 2-2: New USB device strings: Mfr=1, Product=2, SerialNumber=3
May 18 18:55:15 mid kernel: usb 2-2: Product: 802.11 n WLAN
May 18 18:55:15 mid kernel: usb 2-2: Manufacturer: Ralink
May 18 18:55:15 mid kernel: usb 2-2: SerialNumber: 1.0
May 18 18:55:15 mid kernel: usb 2-2: configuration #1 chosen from 1 choice
May 18 18:55:16 mid kernel:
May 18 18:55:16 mid kernel:
May 18 18:55:16 mid kernel: === pAd = cdeb9000, size = 503224 ===
May 18 18:55:16 mid kernel:
May 18 18:55:16 mid kernel: <-- RTMPAllocAdapterBlock, Status=0
May 18 18:55:16 mid kernel: usbcore: registered new interface driver rt2870
May 18 18:55:17 mid kernel: vgaarb: this pci device is not a vga device
May 18 18:55:17 mid kernel: vgaarb: this pci device is not a vga device
May 18 18:55:18 mid kernel: <-- RTMPAllocTxRxRingMemory, Status=0
May 18 18:55:18 mid kernel: -->RTUSBVenderReset
May 18 18:55:18 mid kernel: <--RTUSBVenderReset
May 18 18:55:21 mid kernel: Key1Str is Invalid key length(0) or Type(0)
May 18 18:55:21 mid kernel: Key2Str is Invalid key length(0) or Type(0)
May 18 18:55:21 mid kernel: Key3Str is Invalid key length(0) or Type(0)
May 18 18:55:21 mid kernel: Key4Str is Invalid key length(0) or Type(0)
May 18 18:55:21 mid kernel: 1. Phy Mode = 9
May 18 18:55:21 mid kernel: 2. Phy Mode = 9
May 18 18:55:21 mid kernel: NVM is Efuse and its size =2d[2d0-2fc] 
May 18 18:55:21 mid kernel: 3. Phy Mode = 9
May 18 18:55:22 mid kernel: RTMPSetPhyMode: channel is out of range, use first channel=1 
May 18 18:55:22 mid kernel: MCS Set = ff 00 00 00 01
May 18 18:55:22 mid kernel: <==== rt28xx_init, Status=0
May 18 18:55:22 mid kernel: 0x1300 = 00064300
May 18 18:55:27 mid kernel: ==>rt_ioctl_siwfreq::SIOCSIWFREQ[cmd=0x8b04] (Channel=1)
May 18 18:55:54 mid kernel: WMT_I2S: *** stream_id=0, rate=44100, format=0x1 channels=2 ***
May 18 18:55:54 mid kernel: [VPP] set audio(fmt 16,rate 8000,ch 2)
May 18 18:55:55 mid kernel: WMT_I2S: *** stream_id=0, rate=44100, format=0x2 channels=2 ***
May 18 18:55:55 mid kernel: [VPP] set audio(fmt 16,rate 44100,ch 2)
May 18 18:55:55 mid kernel: WMT_I2S: *** stream_id=0, rate=44100, format=0x2 channels=1 ***
May 18 18:56:44 mid kernel: Rcv Wcid(1) AddBAReq
May 18 18:56:44 mid kernel: Start Seq = 00000000
May 18 18:56:44 mid kernel: Rcv Wcid(1) AddBAReq
May 18 18:56:44 mid kernel: Start Seq = 00000001
May 18 19:45:53 mid kernel: Rcv Wcid(1) AddBAReq
May 18 19:45:53 mid kernel: Start Seq = 000008eb
May 18 19:55:24 mid kernel: vgaarb: this pci device is not a vga device
May 18 19:55:24 mid kernel: vgaarb: this pci device is not a vga device
May 18 19:57:31 mid kernel: usb 1-2: new low speed USB device using uhci_hcd and address 2
May 18 19:57:31 mid kernel: usb 1-2: New USB device found, idVendor=0e8f, idProduct=0022
May 18 19:57:31 mid kernel: usb 1-2: New USB device strings: Mfr=1, Product=2, SerialNumber=0
May 18 19:57:31 mid kernel: usb 1-2: Product: USB KB V11
May 18 19:57:31 mid kernel: usb 1-2: Manufacturer: GASIA
May 18 19:57:31 mid kernel: usb 1-2: configuration #1 chosen from 1 choice
May 18 19:57:31 mid kernel: input: GASIA USB KB V11 as /devices/pci0000:00/0000:00:05.0/usb1/1-2/1-2:1.0/input/input3
May 18 19:57:31 mid kernel: generic-usb 0003:0E8F:0022.0001: input: USB HID v1.10 Keyboard [GASIA USB KB V11] on usb-0000:00:05.0-2/input0
May 18 19:57:31 mid kernel: input: GASIA USB KB V11 as /devices/pci0000:00/0000:00:05.0/usb1/1-2/1-2:1.1/input/input4
May 18 19:57:31 mid kernel: generic-usb 0003:0E8F:0022.0002: input: USB HID v1.10 Device [GASIA USB KB V11] on usb-0000:00:05.0-2/input1
May 18 19:58:07 mid kernel: WMT_I2S: *** stream_id=1, rate=44100, format=0x2 channels=2 ***
May 18 19:58:07 mid kernel: WMT_I2S: *** stream_id=0, rate=44100, format=0x1 channels=2 ***
May 18 19:58:07 mid kernel: [VPP] set audio(fmt 16,rate 8000,ch 2)
May 18 19:58:09 mid kernel: WMT_I2S: *** stream_id=0, rate=44100, format=0x2 channels=2 ***
May 18 19:58:09 mid kernel: [VPP] set audio(fmt 16,rate 44100,ch 2)
May 18 19:58:09 mid kernel: WMT_I2S: *** stream_id=0, rate=44100, format=0x2 channels=1 ***
May 18 20:05:19 mid kernel: vgaarb: this pci device is not a vga device
May 18 20:05:19 mid kernel: vgaarb: this pci device is not a vga device
May 18 20:05:50 mid kernel: WMT_I2S: *** stream_id=1, rate=44100, format=0x2 channels=2 ***
May 18 20:05:50 mid kernel: WMT_I2S: *** stream_id=0, rate=44100, format=0x1 channels=2 ***
May 18 20:05:50 mid kernel: [VPP] set audio(fmt 16,rate 8000,ch 2)
May 18 20:05:51 mid kernel: WMT_I2S: *** stream_id=0, rate=44100, format=0x2 channels=2 ***
May 18 20:05:51 mid kernel: [VPP] set audio(fmt 16,rate 44100,ch 2)
May 18 20:05:51 mid kernel: WMT_I2S: *** stream_id=0, rate=44100, format=0x2 channels=1 ***
May 18 20:11:47 mid kernel: vgaarb: this pci device is not a vga device
May 18 20:11:47 mid kernel: vgaarb: this pci device is not a vga device
May 18 20:13:36 mid kernel: WMT_I2S: *** stream_id=1, rate=44100, format=0x2 channels=2 ***
May 18 20:13:36 mid kernel: WMT_I2S: *** stream_id=0, rate=44100, format=0x1 channels=2 ***
May 18 20:13:36 mid kernel: [VPP] set audio(fmt 16,rate 8000,ch 2)
May 18 20:13:37 mid kernel: WMT_I2S: *** stream_id=0, rate=44100, format=0x2 channels=2 ***
May 18 20:13:37 mid kernel: [VPP] set audio(fmt 16,rate 44100,ch 2)
May 18 20:13:37 mid kernel: WMT_I2S: *** stream_id=0, rate=44100, format=0x2 channels=1 ***
May 19 01:03:48 mid kernel: vgaarb: this pci device is not a vga device
May 19 01:03:48 mid kernel: vgaarb: this pci device is not a vga device
May 19 01:04:33 mid kernel: vgaarb: this pci device is not a vga device
May 19 01:04:33 mid kernel: vgaarb: this pci device is not a vga device
May 19 01:08:44 mid kernel: vgaarb: this pci device is not a vga device
May 19 01:08:44 mid kernel: vgaarb: this pci device is not a vga device
May 19 01:09:44 mid kernel: vgaarb: this pci device is not a vga device
May 19 01:10:28 mid kernel: vgaarb: this pci device is not a vga device
May 19 01:14:30 mid kernel: vgaarb: this pci device is not a vga device
May 19 01:15:09 mid kernel: vgaarb: this pci device is not a vga device
May 19 01:15:09 mid kernel: vgaarb: this pci device is not a vga device
May 19 01:25:15 mid kernel: vgaarb: this pci device is not a vga device
May 19 02:26:56 mid kernel: vgaarb: this pci device is not a vga device
May 19 02:39:02 mid kernel: vgaarb: this pci device is not a vga device
May 19 02:39:48 mid kernel: vgaarb: this pci device is not a vga device
May 19 02:46:30 mid kernel: usb 1-2: USB disconnect, address 2
May 19 02:46:37 mid kernel: usb 1-2: new low speed USB device using uhci_hcd and address 3
May 19 02:46:38 mid kernel: usb 1-2: new low speed USB device using uhci_hcd and address 4
May 19 02:46:38 mid kernel: usb 1-2: New USB device found, idVendor=045e, idProduct=00cb
May 19 02:46:38 mid kernel: usb 1-2: New USB device strings: Mfr=1, Product=2, SerialNumber=0
May 19 02:46:38 mid kernel: usb 1-2: Product: Microsoft Basic Optical Mouse v2.0 
May 19 02:46:38 mid kernel: usb 1-2: Manufacturer: Microsoft 
May 19 02:46:38 mid kernel: usb 1-2: configuration #1 chosen from 1 choice
May 19 02:46:38 mid kernel: input: Microsoft  Microsoft Basic Optical Mouse v2.0  as /devices/pci0000:00/0000:00:05.0/usb1/1-2/1-2:1.0/input/input5
May 19 02:46:38 mid kernel: generic-usb 0003:045E:00CB.0003: input: USB HID v1.11 Mouse [Microsoft  Microsoft Basic Optical Mouse v2.0 ] on usb-0000:00:05.0-2/input0
May 19 02:50:19 mid kernel: vgaarb: this pci device is not a vga device
May 19 02:50:19 mid kernel: vgaarb: this pci device is not a vga device
May 19 02:50:33 mid kernel: vgaarb: this pci device is not a vga device
May 19 02:50:33 mid kernel: vgaarb: this pci device is not a vga device
May 19 02:50:45 mid kernel: usb 1-2: USB disconnect, address 4
May 19 02:50:45 mid kernel: usb 1-2: new low speed USB device using uhci_hcd and address 5
May 19 02:50:45 mid kernel: usb 1-2: New USB device found, idVendor=045e, idProduct=00cb
May 19 02:50:45 mid kernel: usb 1-2: New USB device strings: Mfr=1, Product=2, SerialNumber=0
May 19 02:50:45 mid kernel: usb 1-2: Product: Microsoft Basic Optical Mouse v2.0 
May 19 02:50:45 mid kernel: usb 1-2: Manufacturer: Microsoft 
May 19 02:50:45 mid kernel: usb 1-2: configuration #1 chosen from 1 choice
May 19 02:50:45 mid kernel: input: Microsoft  Microsoft Basic Optical Mouse v2.0  as /devices/pci0000:00/0000:00:05.0/usb1/1-2/1-2:1.0/input/input6
May 19 02:50:45 mid kernel: generic-usb 0003:045E:00CB.0004: input: USB HID v1.11 Mouse [Microsoft  Microsoft Basic Optical Mouse v2.0 ] on usb-0000:00:05.0-2/input0
May 19 02:50:50 mid kernel: usb 1-2: USB disconnect, address 5
May 19 02:50:57 mid kernel: usb 1-2: new low speed USB device using uhci_hcd and address 6
May 19 02:50:57 mid kernel: usb 1-2: New USB device found, idVendor=0e8f, idProduct=0022
May 19 02:50:57 mid kernel: usb 1-2: New USB device strings: Mfr=1, Product=2, SerialNumber=0
May 19 02:50:57 mid kernel: usb 1-2: Product: USB KB V11
May 19 02:50:57 mid kernel: usb 1-2: Manufacturer: GASIA
May 19 02:50:57 mid kernel: usb 1-2: configuration #1 chosen from 1 choice
May 19 02:50:57 mid kernel: input: GASIA USB KB V11 as /devices/pci0000:00/0000:00:05.0/usb1/1-2/1-2:1.0/input/input7
May 19 02:50:57 mid kernel: generic-usb 0003:0E8F:0022.0005: input: USB HID v1.10 Keyboard [GASIA USB KB V11] on usb-0000:00:05.0-2/input0
May 19 02:50:57 mid kernel: input: GASIA USB KB V11 as /devices/pci0000:00/0000:00:05.0/usb1/1-2/1-2:1.1/input/input8
May 19 02:50:57 mid kernel: generic-usb 0003:0E8F:0022.0006: input: USB HID v1.10 Device [GASIA USB KB V11] on usb-0000:00:05.0-2/input1
May 19 03:01:41 mid kernel: Rcv Wcid(1) AddBAReq
May 19 03:01:41 mid kernel: Start Seq = 000009fb
May 19 03:09:12 mid kernel: vgaarb: this pci device is not a vga device
May 19 03:17:09 mid kernel: vgaarb: this pci device is not a vga device
May 19 03:18:16 mid kernel: vgaarb: this pci device is not a vga device
May 19 03:18:16 mid kernel: vgaarb: this pci device is not a vga device
May 19 03:23:36 mid kernel: vgaarb: this pci device is not a vga device
May 19 03:23:36 mid kernel: vgaarb: this pci device is not a vga device
May 19 03:24:09 mid kernel: WMT_I2S: *** stream_id=1, rate=44100, format=0x2 channels=2 ***
May 19 03:24:09 mid kernel: WMT_I2S: *** stream_id=0, rate=44100, format=0x1 channels=2 ***
May 19 03:24:09 mid kernel: [VPP] set audio(fmt 16,rate 8000,ch 2)
May 19 03:24:10 mid kernel: WMT_I2S: *** stream_id=0, rate=44100, format=0x2 channels=2 ***
May 19 03:24:10 mid kernel: [VPP] set audio(fmt 16,rate 44100,ch 2)
May 19 03:24:10 mid kernel: WMT_I2S: *** stream_id=0, rate=44100, format=0x2 channels=1 ***
May 19 03:30:47 mid kernel: vgaarb: this pci device is not a vga device
May 19 03:30:47 mid kernel: vgaarb: this pci device is not a vga device
May 19 03:32:13 mid kernel: WMT_I2S: *** stream_id=1, rate=44100, format=0x2 channels=2 ***
May 19 03:32:13 mid kernel: WMT_I2S: *** stream_id=0, rate=44100, format=0x1 channels=2 ***
May 19 03:32:13 mid kernel: [VPP] set audio(fmt 16,rate 8000,ch 2)
May 19 03:32:14 mid kernel: WMT_I2S: *** stream_id=0, rate=44100, format=0x2 channels=2 ***
May 19 03:32:14 mid kernel: [VPP] set audio(fmt 16,rate 44100,ch 2)
May 19 03:32:15 mid kernel: WMT_I2S: *** stream_id=0, rate=44100, format=0x2 channels=1 ***
May 19 03:34:09 mid kernel: vgaarb: this pci device is not a vga device
May 19 03:34:09 mid kernel: vgaarb: this pci device is not a vga device
May 19 03:39:08 mid kernel: gdm-simple-gree invoked oom-killer: gfp_mask=0xd0, order=2, oom_adj=0
May 19 03:39:08 mid kernel: Backtrace: 
May 19 03:39:08 mid kernel: [<c0032244>] (dump_backtrace+0x0/0x10c) from [<c0433bac>] (dump_stack+0x18/0x1c)
May 19 03:39:08 mid kernel: r6:00000002 r5:00010df0 r4:c7a683c0 r3:c05cb660
May 19 03:39:08 mid kernel: [<c0433b94>] (dump_stack+0x0/0x1c) from [<c007d41c>] (oom_kill_process.clone.11+0x84/0x1fc)
May 19 03:39:08 mid kernel: [<c007d398>] (oom_kill_process.clone.11+0x0/0x1fc) from [<c007d864>] (__out_of_memory+0x120/0x18c)
May 19 03:39:08 mid kernel: [<c007d744>] (__out_of_memory+0x0/0x18c) from [<c007dae8>] (out_of_memory+0x64/0xb0)
May 19 03:39:08 mid kernel: [<c007da84>] (out_of_memory+0x0/0xb0) from [<c0081f1c>] (__alloc_pages_nodemask+0x570/0x59c)
May 19 03:39:08 mid kernel: r5:c05b652c r4:000000d0
May 19 03:39:08 mid kernel: [<c00819ac>] (__alloc_pages_nodemask+0x0/0x59c) from [<c0081f60>] (__get_free_pages+0x18/0x44)
May 19 03:39:08 mid kernel: [<c0081f48>] (__get_free_pages+0x0/0x44) from [<c0036ba8>] (get_pgd_slow+0x1c/0xe8)
May 19 03:39:08 mid kernel: [<c0036b8c>] (get_pgd_slow+0x0/0xe8) from [<c0046028>] (mm_init.clone.45+0x98/0xdc)
May 19 03:39:08 mid kernel: r7:c6778000 r6:00000000 r5:c6778000 r4:c349d220
May 19 03:39:08 mid kernel: [<c0045f90>] (mm_init.clone.45+0x0/0xdc) from [<c00462c0>] (dup_mm+0x74/0x408)
May 19 03:39:08 mid kernel: r6:c6778000 r5:c349d220 r4:c4e04980 r3:00000000
May 19 03:39:08 mid kernel: [<c004624c>] (dup_mm+0x0/0x408) from [<c0046c70>] (copy_process+0x5a4/0xc34)
May 19 03:39:08 mid kernel: [<c00466cc>] (copy_process+0x0/0xc34) from [<c0047394>] (do_fork+0x60/0x35c)
May 19 03:39:08 mid kernel: [<c0047334>] (do_fork+0x0/0x35c) from [<c00316f4>] (sys_clone+0x34/0x3c)
May 19 03:39:08 mid kernel: [<c00316c0>] (sys_clone+0x0/0x3c) from [<c002df40>] (ret_fast_syscall+0x0/0x28)
May 19 03:39:08 mid kernel: Mem-info:
May 19 03:39:08 mid kernel: Normal per-cpu:
May 19 03:39:08 mid kernel: CPU    0: hi:   90, btch:  15 usd:   0
May 19 03:39:08 mid kernel: active_anon:14057 inactive_anon:14093 isolated_anon:4
May 19 03:39:08 mid kernel: active_file:0 inactive_file:25 isolated_file:92
May 19 03:39:08 mid kernel: unevictable:0 dirty:0 writeback:0 unstable:0
May 19 03:39:08 mid kernel: free:11779 slab_reclaimable:789 slab_unreclaimable:1323
May 19 03:39:08 mid kernel: mapped:660 shmem:976 pagetables:768 bounce:0
May 19 03:39:08 mid kernel: Normal free:47116kB min:1864kB low:2328kB high:2796kB active_anon:56228kB inactive_anon:56372kB active_file:0kB inactive_file:100kB unevictable:0kB isolated(anon):16kB isolated(file):368kB present:217424kB mlocked:0kB dirty:0kB writeback:0kB mapped:2640kB shmem:3904kB slab_reclaimable:3156kB slab_unreclaimable:5292kB kernel_stack:1528kB pagetables:3072kB unstable:0kB bounce:0kB writeback_tmp:0kB pages_scanned:0 all_unreclaimable? no
May 19 03:39:08 mid kernel: lowmem_reserve[]: 0 0
May 19 03:39:08 mid kernel: Normal: 2627*4kB 4558*8kB 9*16kB 0*32kB 0*64kB 0*128kB 0*256kB 0*512kB 0*1024kB 0*2048kB 0*4096kB = 47116kB
May 19 03:39:08 mid kernel: 1062 total pagecache pages
May 19 03:39:08 mid kernel: 0 pages in swap cache
May 19 03:39:08 mid kernel: Swap cache stats: add 0, delete 0, find 0/0
May 19 03:39:08 mid kernel: Free swap  = 0kB
May 19 03:39:08 mid kernel: Total swap = 0kB
May 19 03:39:08 mid kernel: 54784 pages of RAM
May 19 03:39:08 mid kernel: 12198 free pages
May 19 03:39:08 mid kernel: 10720 reserved pages
May 19 03:39:08 mid kernel: 2112 slab pages
May 19 03:39:08 mid kernel: 1718 pages shared
May 19 03:39:08 mid kernel: 0 pages swap cached
May 19 03:39:28 mid kernel: gnome-screensav invoked oom-killer: gfp_mask=0x4d0, order=2, oom_adj=0
May 19 03:39:29 mid kernel: Backtrace: 
May 19 03:39:29 mid kernel: [<c0032244>] (dump_backtrace+0x0/0x10c) from [<c0433bac>] (dump_stack+0x18/0x1c)
May 19 03:39:29 mid kernel: r6:00000002 r5:00010c6b r4:c7a683c0 r3:c05cb660
May 19 03:39:29 mid kernel: [<c0433b94>] (dump_stack+0x0/0x1c) from [<c007d41c>] (oom_kill_process.clone.11+0x84/0x1fc)
May 19 03:39:29 mid kernel: [<c007d398>] (oom_kill_process.clone.11+0x0/0x1fc) from [<c007d864>] (__out_of_memory+0x120/0x18c)
May 19 03:39:29 mid kernel: [<c007d744>] (__out_of_memory+0x0/0x18c) from [<c007dae8>] (out_of_memory+0x64/0xb0)
May 19 03:39:29 mid kernel: [<c007da84>] (out_of_memory+0x0/0xb0) from [<c0081f1c>] (__alloc_pages_nodemask+0x570/0x59c)
May 19 03:39:29 mid kernel: r5:c05b652c r4:000004d0
May 19 03:39:29 mid kernel: [<c00819ac>] (__alloc_pages_nodemask+0x0/0x59c) from [<c00a5a68>] (cache_alloc_refill+0x3a8/0x684)
May 19 03:39:29 mid kernel: [<c00a56c0>] (cache_alloc_refill+0x0/0x684) from [<c00a5e24>] (__kmalloc+0xe0/0xf0)
May 19 03:39:29 mid kernel: [<c00a5d44>] (__kmalloc+0x0/0xf0) from [<c03aa008>] (__alloc_skb+0x4c/0x100)
May 19 03:39:29 mid kernel: r7:cd00fd40 r6:00003ea0 r5:000004d0 r4:caa2dc00
May 19 03:39:29 mid kernel: [<c03a9fbc>] (__alloc_skb+0x0/0x100) from [<c03a4d24>] (sock_alloc_send_pskb+0x1c4/0x38c)
May 19 03:39:29 mid kernel: r8:c005d98c r7:00000000 r6:00000000 r5:00000000 r4:c9366ca0
May 19 03:39:29 mid kernel: r3:ffffffff
May 19 03:39:29 mid kernel: [<c03a4b60>] (sock_alloc_send_pskb+0x0/0x38c) from [<c03a4f10>] (sock_alloc_send_skb+0x24/0x2c)
May 19 03:39:29 mid kernel: [<c03a4eec>] (sock_alloc_send_skb+0x0/0x2c) from [<c040e158>] (unix_stream_sendmsg+0x244/0x344)
May 19 03:39:29 mid kernel: [<c040df14>] (unix_stream_sendmsg+0x0/0x344) from [<c03a11ec>] (sock_aio_write+0x160/0x174)
May 19 03:39:29 mid kernel: [<c03a108c>] (sock_aio_write+0x0/0x174) from [<c00a97b8>] (do_sync_readv_writev+0xbc/0xf8)
May 19 03:39:29 mid kernel: r8:fffffdee r7:c097ded4 r6:00000003 r5:00000000 r4:00000000
May 19 03:39:29 mid kernel: [<c00a96fc>] (do_sync_readv_writev+0x0/0xf8) from [<c00a9b70>] (do_readv_writev+0xb0/0x1ac)
May 19 03:39:29 mid kernel: [<c00a9ac0>] (do_readv_writev+0x0/0x1ac) from [<c00a9cd4>] (vfs_writev+0x68/0x80)
May 19 03:39:29 mid kernel: [<c00a9c6c>] (vfs_writev+0x0/0x80) from [<c00a9e24>] (sys_writev+0x44/0x74)
May 19 03:39:29 mid kernel: r6:00000000 r5:be9af318 r4:c6fec2a0
May 19 03:39:29 mid kernel: [<c00a9de0>] (sys_writev+0x0/0x74) from [<c002df40>] (ret_fast_syscall+0x0/0x28)
May 19 03:39:29 mid kernel: r8:c002e0c4 r7:00000092 r6:00000003 r5:be9af318 r4:00000003
May 19 03:39:29 mid kernel: Mem-info:
May 19 03:39:29 mid kernel: Normal per-cpu:
May 19 03:39:29 mid kernel: CPU    0: hi:   90, btch:  15 usd:   0
May 19 03:39:29 mid kernel: active_anon:14031 inactive_anon:14073 isolated_anon:1
May 19 03:39:29 mid kernel: active_file:27 inactive_file:36 isolated_file:23
May 19 03:39:29 mid kernel: unevictable:0 dirty:0 writeback:0 unstable:0
May 19 03:39:29 mid kernel: free:11834 slab_reclaimable:789 slab_unreclaimable:1325
May 19 03:39:29 mid kernel: mapped:657 shmem:976 pagetables:764 bounce:0
May 19 03:39:29 mid kernel: Normal free:47336kB min:1864kB low:2328kB high:2796kB active_anon:56124kB inactive_anon:56292kB active_file:108kB inactive_file:144kB unevictable:0kB isolated(anon):4kB isolated(file):92kB present:217424kB mlocked:0kB dirty:0kB writeback:0kB mapped:2628kB shmem:3904kB slab_reclaimable:3156kB slab_unreclaimable:5300kB kernel_stack:1528kB pagetables:3056kB unstable:0kB bounce:0kB writeback_tmp:0kB pages_scanned:0 all_unreclaimable? no
May 19 03:39:29 mid kernel: lowmem_reserve[]: 0 0
May 19 03:39:29 mid kernel: Normal: 2654*4kB 4558*8kB 16*16kB 0*32kB 0*64kB 0*128kB 0*256kB 0*512kB 0*1024kB 0*2048kB 0*4096kB = 47336kB
May 19 03:39:29 mid kernel: 1062 total pagecache pages
May 19 03:39:29 mid kernel: 0 pages in swap cache
May 19 03:39:29 mid kernel: Swap cache stats: add 0, delete 0, find 0/0
May 19 03:39:29 mid kernel: Free swap  = 0kB
May 19 03:39:29 mid kernel: Total swap = 0kB
May 19 03:39:29 mid kernel: 54784 pages of RAM
May 19 03:39:29 mid kernel: 12250 free pages
May 19 03:39:29 mid kernel: 10720 reserved pages
May 19 03:39:29 mid kernel: 2114 slab pages
May 19 03:39:29 mid kernel: 1721 pages shared
May 19 03:39:29 mid kernel: 0 pages swap cached
May 19 03:39:41 mid kernel: console-kit-dae invoked oom-killer: gfp_mask=0xd0, order=2, oom_adj=0
May 19 03:39:42 mid kernel: Backtrace: 
May 19 03:39:42 mid kernel: [<c0032244>] (dump_backtrace+0x0/0x10c) from [<c0433bac>] (dump_stack+0x18/0x1c)
May 19 03:39:42 mid kernel: r6:00000002 r5:00010442 r4:c7a683c0 r3:c05cb660
May 19 03:39:42 mid kernel: [<c0433b94>] (dump_stack+0x0/0x1c) from [<c007d41c>] (oom_kill_process.clone.11+0x84/0x1fc)
May 19 03:39:42 mid kernel: [<c007d398>] (oom_kill_process.clone.11+0x0/0x1fc) from [<c007d864>] (__out_of_memory+0x120/0x18c)
May 19 03:39:42 mid kernel: [<c007d744>] (__out_of_memory+0x0/0x18c) from [<c007dae8>] (out_of_memory+0x64/0xb0)
May 19 03:39:42 mid kernel: [<c007da84>] (out_of_memory+0x0/0xb0) from [<c0081f1c>] (__alloc_pages_nodemask+0x570/0x59c)
May 19 03:39:42 mid kernel: r5:c05b652c r4:000000d0
May 19 03:39:42 mid kernel: [<c00819ac>] (__alloc_pages_nodemask+0x0/0x59c) from [<c0081f60>] (__get_free_pages+0x18/0x44)
May 19 03:39:42 mid kernel: [<c0081f48>] (__get_free_pages+0x0/0x44) from [<c0036ba8>] (get_pgd_slow+0x1c/0xe8)
May 19 03:39:42 mid kernel: [<c0036b8c>] (get_pgd_slow+0x0/0xe8) from [<c0046028>] (mm_init.clone.45+0x98/0xdc)
May 19 03:39:42 mid kernel: r7:cccc7fb0 r6:00000000 r5:cccc6000 r4:c349d0a0
May 19 03:39:42 mid kernel: [<c0045f90>] (mm_init.clone.45+0x0/0xdc) from [<c0046174>] (mm_alloc+0x34/0x44)
May 19 03:39:42 mid kernel: r6:ca87a180 r5:bec2f500 r4:c349d0a0 r3:00000000
May 19 03:39:42 mid kernel: [<c0046140>] (mm_alloc+0x0/0x44) from [<c00ae558>] (bprm_mm_init+0x14/0x14c)
May 19 03:39:42 mid kernel: r4:ca871000 r3:ccd8bca8
May 19 03:39:42 mid kernel: [<c00ae544>] (bprm_mm_init+0x0/0x14c) from [<c00ae8f0>] (do_execve+0xd0/0x268)
May 19 03:39:42 mid kernel: [<c00ae820>] (do_execve+0x0/0x268) from [<c0031774>] (sys_execve+0x3c/0x5c)
May 19 03:39:42 mid kernel: [<c0031738>] (sys_execve+0x0/0x5c) from [<c002df40>] (ret_fast_syscall+0x0/0x28)
May 19 03:39:42 mid kernel: r7:0000000b r6:00058660 r5:00000011 r4:402bb264
May 19 03:39:42 mid kernel: Mem-info:
May 19 03:39:42 mid kernel: Normal per-cpu:
May 19 03:39:42 mid kernel: CPU    0: hi:   90, btch:  15 usd:   0
May 19 03:39:42 mid kernel: active_anon:13930 inactive_anon:13963 isolated_anon:1
May 19 03:39:42 mid kernel: active_file:23 inactive_file:73 isolated_file:63
May 19 03:39:42 mid kernel: unevictable:0 dirty:0 writeback:0 unstable:0
May 19 03:39:42 mid kernel: free:12037 slab_reclaimable:787 slab_unreclaimable:1328
May 19 03:39:42 mid kernel: mapped:679 shmem:976 pagetables:755 bounce:0
May 19 03:39:42 mid kernel: Normal free:48148kB min:1864kB low:2328kB high:2796kB active_anon:55720kB inactive_anon:55852kB active_file:92kB inactive_file:292kB unevictable:0kB isolated(anon):4kB isolated(file):252kB present:217424kB mlocked:0kB dirty:0kB writeback:0kB mapped:2716kB shmem:3904kB slab_reclaimable:3148kB slab_unreclaimable:5312kB kernel_stack:1528kB pagetables:3020kB unstable:0kB bounce:0kB writeback_tmp:0kB pages_scanned:0 all_unreclaimable? no
May 19 03:39:42 mid kernel: lowmem_reserve[]: 0 0
May 19 03:39:42 mid kernel: Normal: 2715*4kB 4609*8kB 26*16kB 0*32kB 0*64kB 0*128kB 0*256kB 0*512kB 0*1024kB 0*2048kB 0*4096kB = 48148kB
May 19 03:39:42 mid kernel: 1084 total pagecache pages
May 19 03:39:42 mid kernel: 0 pages in swap cache
May 19 03:39:42 mid kernel: Swap cache stats: add 0, delete 0, find 0/0
May 19 03:39:42 mid kernel: Free swap  = 0kB
May 19 03:39:42 mid kernel: Total swap = 0kB
May 19 03:39:42 mid kernel: 54784 pages of RAM
May 19 03:39:42 mid kernel: 12450 free pages
May 19 03:39:42 mid kernel: 10720 reserved pages
May 19 03:39:42 mid kernel: 2115 slab pages
May 19 03:39:42 mid kernel: 1712 pages shared
May 19 03:39:42 mid kernel: 0 pages swap cached
May 19 03:39:57 mid kernel: Xorg invoked oom-killer: gfp_mask=0x4d0, order=2, oom_adj=0
May 19 03:39:57 mid kernel: Backtrace: 
May 19 03:39:57 mid kernel: [<c0032244>] (dump_backtrace+0x0/0x10c) from [<c0433bac>] (dump_stack+0x18/0x1c)
May 19 03:39:57 mid kernel: r6:00000002 r5:0000e043 r4:c7a683c0 r3:c05cb660
May 19 03:39:57 mid kernel: [<c0433b94>] (dump_stack+0x0/0x1c) from [<c007d41c>] (oom_kill_process.clone.11+0x84/0x1fc)
May 19 03:39:57 mid kernel: [<c007d398>] (oom_kill_process.clone.11+0x0/0x1fc) from [<c007d864>] (__out_of_memory+0x120/0x18c)
May 19 03:39:57 mid kernel: [<c007d744>] (__out_of_memory+0x0/0x18c) from [<c007dae8>] (out_of_memory+0x64/0xb0)
May 19 03:39:57 mid kernel: [<c007da84>] (out_of_memory+0x0/0xb0) from [<c0081f1c>] (__alloc_pages_nodemask+0x570/0x59c)
May 19 03:39:57 mid kernel: r5:c05b652c r4:000004d0
May 19 03:39:57 mid kernel: [<c00819ac>] (__alloc_pages_nodemask+0x0/0x59c) from [<c00a5a68>] (cache_alloc_refill+0x3a8/0x684)
May 19 03:39:57 mid kernel: [<c00a56c0>] (cache_alloc_refill+0x0/0x684) from [<c00a5e24>] (__kmalloc+0xe0/0xf0)
May 19 03:39:57 mid kernel: [<c00a5d44>] (__kmalloc+0x0/0xf0) from [<c03aa008>] (__alloc_skb+0x4c/0x100)
May 19 03:39:57 mid kernel: r7:cd00fd40 r6:00003ea0 r5:000004d0 r4:caa2d3c0
May 19 03:39:57 mid kernel: [<c03a9fbc>] (__alloc_skb+0x0/0x100) from [<c03a4d24>] (sock_alloc_send_pskb+0x1c4/0x38c)
May 19 03:39:57 mid kernel: r8:c005d98c r7:00000000 r6:00000000 r5:00000000 r4:c517ce60
May 19 03:39:57 mid kernel: r3:ffffffff
May 19 03:39:57 mid kernel: [<c03a4b60>] (sock_alloc_send_pskb+0x0/0x38c) from [<c03a4f10>] (sock_alloc_send_skb+0x24/0x2c)
May 19 03:39:57 mid kernel: [<c03a4eec>] (sock_alloc_send_skb+0x0/0x2c) from [<c040e158>] (unix_stream_sendmsg+0x244/0x344)
May 19 03:39:57 mid kernel: [<c040df14>] (unix_stream_sendmsg+0x0/0x344) from [<c03a11ec>] (sock_aio_write+0x160/0x174)
May 19 03:39:57 mid kernel: [<c03a108c>] (sock_aio_write+0x0/0x174) from [<c00a97b8>] (do_sync_readv_writev+0xbc/0xf8)
May 19 03:39:57 mid kernel: r8:fffffdee r7:ccdcbed4 r6:00000002 r5:00000000 r4:00000000
May 19 03:39:57 mid kernel: [<c00a96fc>] (do_sync_readv_writev+0x0/0xf8) from [<c00a9b70>] (do_readv_writev+0xb0/0x1ac)
May 19 03:39:57 mid kernel: [<c00a9ac0>] (do_readv_writev+0x0/0x1ac) from [<c00a9cd4>] (vfs_writev+0x68/0x80)
May 19 03:39:57 mid kernel: [<c00a9c6c>] (vfs_writev+0x0/0x80) from [<c00a9e24>] (sys_writev+0x44/0x74)
May 19 03:39:57 mid kernel: r6:00000000 r5:bea6e9c0 r4:c8e60660
May 19 03:39:57 mid kernel: [<c00a9de0>] (sys_writev+0x0/0x74) from [<c002df40>] (ret_fast_syscall+0x0/0x28)
May 19 03:39:57 mid kernel: r8:c002e0c4 r7:00000092 r6:00000013 r5:bea6e9c0 r4:00000002
May 19 03:39:57 mid kernel: Mem-info:
May 19 03:39:57 mid kernel: Normal per-cpu:
May 19 03:39:57 mid kernel: CPU    0: hi:   90, btch:  15 usd:   0
May 19 03:39:57 mid kernel: active_anon:13705 inactive_anon:13754 isolated_anon:4
May 19 03:39:57 mid kernel: active_file:3 inactive_file:31 isolated_file:60
May 19 03:39:57 mid kernel: unevictable:0 dirty:0 writeback:0 unstable:0
May 19 03:39:57 mid kernel: free:12515 slab_reclaimable:786 slab_unreclaimable:1356
May 19 03:39:57 mid kernel: mapped:629 shmem:976 pagetables:752 bounce:0
May 19 03:39:57 mid kernel: Normal free:50060kB min:1864kB low:2328kB high:2796kB active_anon:54820kB inactive_anon:55016kB active_file:12kB inactive_file:124kB unevictable:0kB isolated(anon):16kB isolated(file):240kB present:217424kB mlocked:0kB dirty:0kB writeback:0kB mapped:2516kB shmem:3904kB slab_reclaimable:3144kB slab_unreclaimable:5424kB kernel_stack:1520kB pagetables:3008kB unstable:0kB bounce:0kB writeback_tmp:0kB pages_scanned:0 all_unreclaimable? no
May 19 03:39:57 mid kernel: lowmem_reserve[]: 0 0
May 19 03:39:57 mid kernel: Normal: 2891*4kB 4764*8kB 24*16kB 0*32kB 0*64kB 0*128kB 0*256kB 0*512kB 0*1024kB 0*2048kB 0*4096kB = 50060kB
May 19 03:39:57 mid kernel: 1015 total pagecache pages
May 19 03:39:57 mid kernel: 0 pages in swap cache
May 19 03:39:57 mid kernel: Swap cache stats: add 0, delete 0, find 0/0
May 19 03:39:57 mid kernel: Free swap  = 0kB
May 19 03:39:57 mid kernel: Total swap = 0kB
May 19 03:39:57 mid kernel: 54784 pages of RAM
May 19 03:39:57 mid kernel: 12927 free pages
May 19 03:39:57 mid kernel: 10720 reserved pages
May 19 03:39:57 mid kernel: 2142 slab pages
May 19 03:39:57 mid kernel: 2382 pages shared
May 19 03:39:57 mid kernel: 0 pages swap cached
May 19 03:41:45 mid kernel: at-spi-registry invoked oom-killer: gfp_mask=0xd0, order=2, oom_adj=0
May 19 03:41:45 mid kernel: Backtrace: 
May 19 03:41:45 mid kernel: [<c0032244>] (dump_backtrace+0x0/0x10c) from [<c0433bac>] (dump_stack+0x18/0x1c)
May 19 03:41:45 mid kernel: r6:00000002 r5:0000e7c2 r4:c7a683c0 r3:c05cb660
May 19 03:41:45 mid kernel: [<c0433b94>] (dump_stack+0x0/0x1c) from [<c007d41c>] (oom_kill_process.clone.11+0x84/0x1fc)
May 19 03:41:45 mid kernel: [<c007d398>] (oom_kill_process.clone.11+0x0/0x1fc) from [<c007d864>] (__out_of_memory+0x120/0x18c)
May 19 03:41:45 mid kernel: [<c007d744>] (__out_of_memory+0x0/0x18c) from [<c007dae8>] (out_of_memory+0x64/0xb0)
May 19 03:41:45 mid kernel: [<c007da84>] (out_of_memory+0x0/0xb0) from [<c0081f1c>] (__alloc_pages_nodemask+0x570/0x59c)
May 19 03:41:45 mid kernel: r5:c05b652c r4:000000d0
May 19 03:41:45 mid kernel: [<c00819ac>] (__alloc_pages_nodemask+0x0/0x59c) from [<c0081f60>] (__get_free_pages+0x18/0x44)
May 19 03:41:45 mid kernel: [<c0081f48>] (__get_free_pages+0x0/0x44) from [<c0036ba8>] (get_pgd_slow+0x1c/0xe8)
May 19 03:41:45 mid kernel: [<c0036b8c>] (get_pgd_slow+0x0/0xe8) from [<c0046028>] (mm_init.clone.45+0x98/0xdc)
May 19 03:41:45 mid kernel: r7:c1e2c000 r6:00000000 r5:c1e2c000 r4:ca8ca6a0
May 19 03:41:45 mid kernel: [<c0045f90>] (mm_init.clone.45+0x0/0xdc) from [<c00462c0>] (dup_mm+0x74/0x408)
May 19 03:41:45 mid kernel: r6:c1e2c000 r5:ca8ca6a0 r4:c6fef940 r3:00000000
May 19 03:41:45 mid kernel: [<c004624c>] (dup_mm+0x0/0x408) from [<c0046c70>] (copy_process+0x5a4/0xc34)
May 19 03:41:45 mid kernel: [<c00466cc>] (copy_process+0x0/0xc34) from [<c0047394>] (do_fork+0x60/0x35c)
May 19 03:41:45 mid kernel: [<c0047334>] (do_fork+0x0/0x35c) from [<c00316f4>] (sys_clone+0x34/0x3c)
May 19 03:41:45 mid kernel: [<c00316c0>] (sys_clone+0x0/0x3c) from [<c002df40>] (ret_fast_syscall+0x0/0x28)
May 19 03:41:45 mid kernel: Mem-info:
May 19 03:41:45 mid kernel: Normal per-cpu:
May 19 03:41:45 mid kernel: CPU    0: hi:   90, btch:  15 usd:   0
May 19 03:41:45 mid kernel: active_anon:13720 inactive_anon:13995 isolated_anon:0
May 19 03:41:45 mid kernel: active_file:0 inactive_file:17 isolated_file:0
May 19 03:41:45 mid kernel: unevictable:0 dirty:0 writeback:0 unstable:0
May 19 03:41:45 mid kernel: free:12304 slab_reclaimable:782 slab_unreclaimable:1323
May 19 03:41:45 mid kernel: mapped:319 shmem:593 pagetables:753 bounce:0
May 19 03:41:45 mid kernel: Normal free:49216kB min:1864kB low:2328kB high:2796kB active_anon:54880kB inactive_anon:55980kB active_file:0kB inactive_file:68kB unevictable:0kB isolated(anon):0kB isolated(file):0kB present:217424kB mlocked:0kB dirty:0kB writeback:0kB mapped:1276kB shmem:2372kB slab_reclaimable:3128kB slab_unreclaimable:5292kB kernel_stack:1568kB pagetables:3012kB unstable:0kB bounce:0kB writeback_tmp:0kB pages_scanned:0 all_unreclaimable? no
May 19 03:41:45 mid kernel: lowmem_reserve[]: 0 0
May 19 03:41:45 mid kernel: Normal: 3736*4kB 4264*8kB 10*16kB 0*32kB 0*64kB 0*128kB 0*256kB 0*512kB 0*1024kB 0*2048kB 0*4096kB = 49216kB
May 19 03:41:45 mid kernel: 610 total pagecache pages
May 19 03:41:45 mid kernel: 0 pages in swap cache
May 19 03:41:45 mid kernel: Swap cache stats: add 0, delete 0, find 0/0
May 19 03:41:45 mid kernel: Free swap  = 0kB
May 19 03:41:45 mid kernel: Total swap = 0kB
May 19 03:41:45 mid kernel: 54784 pages of RAM
May 19 03:41:45 mid kernel: 12734 free pages
May 19 03:41:45 mid kernel: 10720 reserved pages
May 19 03:41:45 mid kernel: 2105 slab pages
May 19 03:41:45 mid kernel: 1368 pages shared
May 19 03:41:45 mid kernel: 0 pages swap cached
May 19 03:42:57 mid kernel: dbus-daemon invoked oom-killer: gfp_mask=0xd0, order=2, oom_adj=0
May 19 03:42:57 mid kernel: Backtrace: 
May 19 03:42:57 mid kernel: [<c0032244>] (dump_backtrace+0x0/0x10c) from [<c0433bac>] (dump_stack+0x18/0x1c)
May 19 03:42:57 mid kernel: r6:00000002 r5:0000e705 r4:c7a683c0 r3:c05cb660
May 19 03:42:57 mid kernel: [<c0433b94>] (dump_stack+0x0/0x1c) from [<c007d41c>] (oom_kill_process.clone.11+0x84/0x1fc)
May 19 03:42:57 mid kernel: [<c007d398>] (oom_kill_process.clone.11+0x0/0x1fc) from [<c007d864>] (__out_of_memory+0x120/0x18c)
May 19 03:42:57 mid kernel: [<c007d744>] (__out_of_memory+0x0/0x18c) from [<c007dae8>] (out_of_memory+0x64/0xb0)
May 19 03:42:57 mid kernel: [<c007da84>] (out_of_memory+0x0/0xb0) from [<c0081f1c>] (__alloc_pages_nodemask+0x570/0x59c)
May 19 03:42:57 mid kernel: r5:c05b652c r4:000000d0
May 19 03:42:57 mid kernel: [<c00819ac>] (__alloc_pages_nodemask+0x0/0x59c) from [<c0081f60>] (__get_free_pages+0x18/0x44)
May 19 03:42:57 mid kernel: [<c0081f48>] (__get_free_pages+0x0/0x44) from [<c0036ba8>] (get_pgd_slow+0x1c/0xe8)
May 19 03:42:57 mid kernel: [<c0036b8c>] (get_pgd_slow+0x0/0xe8) from [<c0046028>] (mm_init.clone.45+0x98/0xdc)
May 19 03:42:57 mid kernel: r7:caa8a000 r6:00000000 r5:caa8a000 r4:c09703c0
May 19 03:42:57 mid kernel: [<c0045f90>] (mm_init.clone.45+0x0/0xdc) from [<c00462c0>] (dup_mm+0x74/0x408)
May 19 03:42:57 mid kernel: r6:caa8a000 r5:c09703c0 r4:c6fef040 r3:00000000
May 19 03:42:57 mid kernel: [<c004624c>] (dup_mm+0x0/0x408) from [<c0046c70>] (copy_process+0x5a4/0xc34)
May 19 03:42:57 mid kernel: [<c00466cc>] (copy_process+0x0/0xc34) from [<c0047394>] (do_fork+0x60/0x35c)
May 19 03:42:57 mid kernel: [<c0047334>] (do_fork+0x0/0x35c) from [<c00316f4>] (sys_clone+0x34/0x3c)
May 19 03:42:57 mid kernel: [<c00316c0>] (sys_clone+0x0/0x3c) from [<c002df40>] (ret_fast_syscall+0x0/0x28)
May 19 03:42:57 mid kernel: Mem-info:
May 19 03:42:57 mid kernel: Normal per-cpu:
May 19 03:42:57 mid kernel: CPU    0: hi:   90, btch:  15 usd:   0
May 19 03:42:57 mid kernel: active_anon:13922 inactive_anon:14160 isolated_anon:1
May 19 03:42:57 mid kernel: active_file:0 inactive_file:27 isolated_file:31
May 19 03:42:57 mid kernel: unevictable:0 dirty:0 writeback:0 unstable:0
May 19 03:42:57 mid kernel: free:11908 slab_reclaimable:772 slab_unreclaimable:1339
May 19 03:42:57 mid kernel: mapped:285 shmem:545 pagetables:739 bounce:0
May 19 03:42:57 mid kernel: Normal free:47632kB min:1864kB low:2328kB high:2796kB active_anon:55688kB inactive_anon:56640kB active_file:0kB inactive_file:108kB unevictable:0kB isolated(anon):4kB isolated(file):124kB present:217424kB mlocked:0kB dirty:0kB writeback:0kB mapped:1140kB shmem:2180kB slab_reclaimable:3088kB slab_unreclaimable:5356kB kernel_stack:1656kB pagetables:2956kB unstable:0kB bounce:0kB writeback_tmp:0kB pages_scanned:0 all_unreclaimable? no
May 19 03:42:57 mid kernel: lowmem_reserve[]: 0 0
May 19 03:42:57 mid kernel: Normal: 4060*4kB 3870*8kB 27*16kB 0*32kB 0*64kB 0*128kB 0*256kB 0*512kB 0*1024kB 0*2048kB 0*4096kB = 47632kB
May 19 03:42:57 mid kernel: 574 total pagecache pages
May 19 03:42:57 mid kernel: 0 pages in swap cache
May 19 03:42:57 mid kernel: Swap cache stats: add 0, delete 0, find 0/0
May 19 03:42:57 mid kernel: Free swap  = 0kB
May 19 03:42:57 mid kernel: Total swap = 0kB
May 19 03:42:57 mid kernel: 54784 pages of RAM
May 19 03:42:57 mid kernel: 12352 free pages
May 19 03:42:57 mid kernel: 10720 reserved pages
May 19 03:42:57 mid kernel: 2111 slab pages
May 19 03:42:57 mid kernel: 839 pages shared
May 19 03:42:57 mid kernel: 0 pages swap cached
May 19 03:43:35 mid kernel: gdm3 invoked oom-killer: gfp_mask=0xd0, order=2, oom_adj=0
May 19 03:43:35 mid kernel: Backtrace: 
May 19 03:43:35 mid kernel: [<c0032244>] (dump_backtrace+0x0/0x10c) from [<c0433bac>] (dump_stack+0x18/0x1c)
May 19 03:43:35 mid kernel: r6:00000002 r5:0000d9dc r4:c7a683c0 r3:c05cb660
May 19 03:43:35 mid kernel: [<c0433b94>] (dump_stack+0x0/0x1c) from [<c007d41c>] (oom_kill_process.clone.11+0x84/0x1fc)
May 19 03:43:35 mid kernel: [<c007d398>] (oom_kill_process.clone.11+0x0/0x1fc) from [<c007d864>] (__out_of_memory+0x120/0x18c)
May 19 03:43:35 mid kernel: [<c007d744>] (__out_of_memory+0x0/0x18c) from [<c007dae8>] (out_of_memory+0x64/0xb0)
May 19 03:43:35 mid kernel: [<c007da84>] (out_of_memory+0x0/0xb0) from [<c0081f1c>] (__alloc_pages_nodemask+0x570/0x59c)
May 19 03:43:35 mid kernel: r5:c05b652c r4:000000d0
May 19 03:43:35 mid kernel: [<c00819ac>] (__alloc_pages_nodemask+0x0/0x59c) from [<c0081f60>] (__get_free_pages+0x18/0x44)
May 19 03:43:35 mid kernel: [<c0081f48>] (__get_free_pages+0x0/0x44) from [<c0036ba8>] (get_pgd_slow+0x1c/0xe8)
May 19 03:43:35 mid kernel: [<c0036b8c>] (get_pgd_slow+0x0/0xe8) from [<c0046028>] (mm_init.clone.45+0x98/0xdc)
May 19 03:43:35 mid kernel: r7:c5b17fb0 r6:00000000 r5:c5b16000 r4:c0970e40
May 19 03:43:35 mid kernel: [<c0045f90>] (mm_init.clone.45+0x0/0xdc) from [<c0046174>] (mm_alloc+0x34/0x44)
May 19 03:43:35 mid kernel: r6:ca87a880 r5:00046ed8 r4:c0970e40 r3:00000000
May 19 03:43:35 mid kernel: [<c0046140>] (mm_alloc+0x0/0x44) from [<c00ae558>] (bprm_mm_init+0x14/0x14c)
May 19 03:43:35 mid kernel: r4:ca871000 r3:cce0a750
May 19 03:43:35 mid kernel: [<c00ae544>] (bprm_mm_init+0x0/0x14c) from [<c00ae8f0>] (do_execve+0xd0/0x268)
May 19 03:43:35 mid kernel: [<c00ae820>] (do_execve+0x0/0x268) from [<c0031774>] (sys_execve+0x3c/0x5c)
May 19 03:43:35 mid kernel: [<c0031738>] (sys_execve+0x0/0x5c) from [<c002df40>] (ret_fast_syscall+0x0/0x28)
May 19 03:43:35 mid kernel: r7:0000000b r6:00047270 r5:00000010 r4:4041b264
May 19 03:43:35 mid kernel: Mem-info:
May 19 03:43:35 mid kernel: Normal per-cpu:
May 19 03:43:35 mid kernel: CPU    0: hi:   90, btch:  15 usd:   0
May 19 03:43:35 mid kernel: active_anon:14016 inactive_anon:14053 isolated_anon:0
May 19 03:43:35 mid kernel: active_file:10 inactive_file:2 isolated_file:0
May 19 03:43:35 mid kernel: unevictable:0 dirty:0 writeback:0 unstable:0
May 19 03:43:35 mid kernel: free:11885 slab_reclaimable:759 slab_unreclaimable:1352
May 19 03:43:35 mid kernel: mapped:250 shmem:517 pagetables:763 bounce:0
May 19 03:43:35 mid kernel: Normal free:47540kB min:1864kB low:2328kB high:2796kB active_anon:56064kB inactive_anon:56212kB active_file:40kB inactive_file:8kB unevictable:0kB isolated(anon):0kB isolated(file):0kB present:217424kB mlocked:0kB dirty:0kB writeback:0kB mapped:1000kB shmem:2068kB slab_reclaimable:3036kB slab_unreclaimable:5408kB kernel_stack:1672kB pagetables:3052kB unstable:0kB bounce:0kB writeback_tmp:0kB pages_scanned:0 all_unreclaimable? no
May 19 03:43:35 mid kernel: lowmem_reserve[]: 0 0
May 19 03:43:35 mid kernel: Normal: 4193*4kB 3798*8kB 24*16kB 0*32kB 0*64kB 0*128kB 0*256kB 0*512kB 0*1024kB 0*2048kB 0*4096kB = 47540kB
May 19 03:43:35 mid kernel: 529 total pagecache pages
May 19 03:43:35 mid kernel: 0 pages in swap cache
May 19 03:43:35 mid kernel: Swap cache stats: add 0, delete 0, find 0/0
May 19 03:43:35 mid kernel: Free swap  = 0kB
May 19 03:43:35 mid kernel: Total swap = 0kB
May 19 03:43:35 mid kernel: 54784 pages of RAM
May 19 03:43:35 mid kernel: 12349 free pages
May 19 03:43:35 mid kernel: 10720 reserved pages
May 19 03:43:35 mid kernel: 2111 slab pages
May 19 03:43:35 mid kernel: 848 pages shared
May 19 03:43:35 mid kernel: 0 pages swap cached
May 19 03:43:41 mid kernel: nautilus invoked oom-killer: gfp_mask=0x4d0, order=2, oom_adj=0
May 19 03:43:41 mid kernel: Backtrace: 
May 19 03:43:41 mid kernel: [<c0032244>] (dump_backtrace+0x0/0x10c) from [<c0433bac>] (dump_stack+0x18/0x1c)
May 19 03:43:41 mid kernel: r6:00000002 r5:0000cf28 r4:c7a683c0 r3:c05cb660
May 19 03:43:41 mid kernel: [<c0433b94>] (dump_stack+0x0/0x1c) from [<c007d41c>] (oom_kill_process.clone.11+0x84/0x1fc)
May 19 03:43:41 mid kernel: [<c007d398>] (oom_kill_process.clone.11+0x0/0x1fc) from [<c007d864>] (__out_of_memory+0x120/0x18c)
May 19 03:43:41 mid kernel: [<c007d744>] (__out_of_memory+0x0/0x18c) from [<c007dae8>] (out_of_memory+0x64/0xb0)
May 19 03:43:41 mid kernel: [<c007da84>] (out_of_memory+0x0/0xb0) from [<c0081f1c>] (__alloc_pages_nodemask+0x570/0x59c)
May 19 03:43:41 mid kernel: r5:c05b652c r4:000004d0
May 19 03:43:41 mid kernel: [<c00819ac>] (__alloc_pages_nodemask+0x0/0x59c) from [<c00a5a68>] (cache_alloc_refill+0x3a8/0x684)
May 19 03:43:41 mid kernel: [<c00a56c0>] (cache_alloc_refill+0x0/0x684) from [<c00a5e24>] (__kmalloc+0xe0/0xf0)
May 19 03:43:41 mid kernel: [<c00a5d44>] (__kmalloc+0x0/0xf0) from [<c03aa008>] (__alloc_skb+0x4c/0x100)
May 19 03:43:41 mid kernel: r7:cd00fd40 r6:00003ea0 r5:000004d0 r4:ca94dc80
May 19 03:43:41 mid kernel: [<c03a9fbc>] (__alloc_skb+0x0/0x100) from [<c03a4d24>] (sock_alloc_send_pskb+0x1c4/0x38c)
May 19 03:43:41 mid kernel: r8:c005d98c r7:00000000 r6:00000000 r5:00000000 r4:c4b02840
May 19 03:43:41 mid kernel: r3:ffffffff
May 19 03:43:41 mid kernel: [<c03a4b60>] (sock_alloc_send_pskb+0x0/0x38c) from [<c03a4f10>] (sock_alloc_send_skb+0x24/0x2c)
May 19 03:43:41 mid kernel: [<c03a4eec>] (sock_alloc_send_skb+0x0/0x2c) from [<c040e158>] (unix_stream_sendmsg+0x244/0x344)
May 19 03:43:41 mid kernel: [<c040df14>] (unix_stream_sendmsg+0x0/0x344) from [<c03a11ec>] (sock_aio_write+0x160/0x174)
May 19 03:43:41 mid kernel: [<c03a108c>] (sock_aio_write+0x0/0x174) from [<c00a97b8>] (do_sync_readv_writev+0xbc/0xf8)
May 19 03:43:41 mid kernel: r8:fffffdee r7:c4f15ed4 r6:00000003 r5:00000000 r4:00000000
May 19 03:43:41 mid kernel: [<c00a96fc>] (do_sync_readv_writev+0x0/0xf8) from [<c00a9b70>] (do_readv_writev+0xb0/0x1ac)
May 19 03:43:41 mid kernel: [<c00a9ac0>] (do_readv_writev+0x0/0x1ac) from [<c00a9cd4>] (vfs_writev+0x68/0x80)
May 19 03:43:41 mid kernel: [<c00a9c6c>] (vfs_writev+0x0/0x80) from [<c00a9e24>] (sys_writev+0x44/0x74)
May 19 03:43:41 mid kernel: r6:00000000 r5:beacb1d8 r4:c39809c0
May 19 03:43:41 mid kernel: [<c00a9de0>] (sys_writev+0x0/0x74) from [<c002df40>] (ret_fast_syscall+0x0/0x28)
May 19 03:43:41 mid kernel: r8:c002e0c4 r7:00000092 r6:00000003 r5:beacb1d8 r4:00000003
May 19 03:43:41 mid kernel: Mem-info:
May 19 03:43:41 mid kernel: Normal per-cpu:
May 19 03:43:41 mid kernel: CPU    0: hi:   90, btch:  15 usd:   0
May 19 03:43:41 mid kernel: active_anon:13886 inactive_anon:13899 isolated_anon:7
May 19 03:43:41 mid kernel: active_file:31 inactive_file:7 isolated_file:58
May 19 03:43:41 mid kernel: unevictable:0 dirty:0 writeback:0 unstable:0
May 19 03:43:41 mid kernel: free:12109 slab_reclaimable:758 slab_unreclaimable:1362
May 19 03:43:41 mid kernel: mapped:284 shmem:517 pagetables:763 bounce:0
May 19 03:43:41 mid kernel: Normal free:48436kB min:1864kB low:2328kB high:2796kB active_anon:55544kB inactive_anon:55596kB active_file:124kB inactive_file:28kB unevictable:0kB isolated(anon):28kB isolated(file):232kB present:217424kB mlocked:0kB dirty:0kB writeback:0kB mapped:1136kB shmem:2068kB slab_reclaimable:3032kB slab_unreclaimable:5448kB kernel_stack:1680kB pagetables:3052kB unstable:0kB bounce:0kB writeback_tmp:0kB pages_scanned:0 all_unreclaimable? no
May 19 03:43:41 mid kernel: lowmem_reserve[]: 0 0
May 19 03:43:41 mid kernel: Normal: 4293*4kB 3868*8kB 20*16kB 0*32kB 0*64kB 0*128kB 0*256kB 0*512kB 0*1024kB 0*2048kB 0*4096kB = 48436kB
May 19 03:43:41 mid kernel: 570 total pagecache pages
May 19 03:43:41 mid kernel: 0 pages in swap cache
May 19 03:43:41 mid kernel: Swap cache stats: add 0, delete 0, find 0/0
May 19 03:43:41 mid kernel: Free swap  = 0kB
May 19 03:43:41 mid kernel: Total swap = 0kB
May 19 03:43:41 mid kernel: 54784 pages of RAM
May 19 03:43:41 mid kernel: 12574 free pages
May 19 03:43:41 mid kernel: 10720 reserved pages
May 19 03:43:41 mid kernel: 2120 slab pages
May 19 03:43:41 mid kernel: 1292 pages shared
May 19 03:43:41 mid kernel: 0 pages swap cached
May 19 03:54:52 mid kernel: vgaarb: this pci device is not a vga device
May 19 03:54:52 mid kernel: vgaarb: this pci device is not a vga device
May 19 03:55:31 mid kernel: WMT_I2S: *** stream_id=1, rate=44100, format=0x2 channels=2 ***
May 19 03:55:31 mid kernel: WMT_I2S: *** stream_id=0, rate=44100, format=0x1 channels=2 ***
May 19 03:55:31 mid kernel: [VPP] set audio(fmt 16,rate 8000,ch 2)
May 19 03:55:32 mid kernel: WMT_I2S: *** stream_id=0, rate=44100, format=0x2 channels=2 ***
May 19 03:55:32 mid kernel: [VPP] set audio(fmt 16,rate 44100,ch 2)
May 19 03:55:32 mid kernel: WMT_I2S: *** stream_id=0, rate=44100, format=0x2 channels=1 ***
May 19 03:58:19 mid kernel: vgaarb: this pci device is not a vga device
May 19 03:58:19 mid kernel: vgaarb: this pci device is not a vga device
May 19 03:58:51 mid kernel: WMT_I2S: *** stream_id=1, rate=44100, format=0x2 channels=2 ***
May 19 03:58:52 mid kernel: WMT_I2S: *** stream_id=0, rate=44100, format=0x1 channels=2 ***
May 19 03:58:52 mid kernel: [VPP] set audio(fmt 16,rate 8000,ch 2)
May 19 03:58:53 mid kernel: WMT_I2S: *** stream_id=0, rate=44100, format=0x2 channels=2 ***
May 19 03:58:53 mid kernel: [VPP] set audio(fmt 16,rate 44100,ch 2)
May 19 03:58:53 mid kernel: WMT_I2S: *** stream_id=0, rate=44100, format=0x2 channels=1 ***
May 19 04:00:11 mid kernel: vgaarb: this pci device is not a vga device
May 19 04:00:11 mid kernel: vgaarb: this pci device is not a vga device
May 19 04:00:48 mid kernel: WMT_I2S: *** stream_id=1, rate=44100, format=0x2 channels=2 ***
May 19 04:00:49 mid kernel: WMT_I2S: *** stream_id=0, rate=44100, format=0x1 channels=2 ***
May 19 04:00:49 mid kernel: [VPP] set audio(fmt 16,rate 8000,ch 2)
May 19 04:00:51 mid kernel: WMT_I2S: *** stream_id=0, rate=44100, format=0x2 channels=2 ***
May 19 04:00:51 mid kernel: [VPP] set audio(fmt 16,rate 44100,ch 2)
May 19 04:00:51 mid kernel: WMT_I2S: *** stream_id=0, rate=44100, format=0x2 channels=1 ***
May 19 04:04:35 mid kernel: vgaarb: this pci device is not a vga device
May 19 04:04:35 mid kernel: vgaarb: this pci device is not a vga device
May 19 04:06:00 mid kernel: WMT_I2S: *** stream_id=1, rate=44100, format=0x2 channels=2 ***
May 19 04:06:00 mid kernel: WMT_I2S: *** stream_id=0, rate=44100, format=0x1 channels=2 ***
May 19 04:06:00 mid kernel: [VPP] set audio(fmt 16,rate 8000,ch 2)
May 19 04:06:01 mid kernel: WMT_I2S: *** stream_id=0, rate=44100, format=0x2 channels=2 ***
May 19 04:06:01 mid kernel: [VPP] set audio(fmt 16,rate 44100,ch 2)
May 19 04:06:01 mid kernel: WMT_I2S: *** stream_id=0, rate=44100, format=0x2 channels=1 ***
May 19 05:12:55 mid shutdown[9165]: shutting down for system halt
May 19 05:13:00 mid bonobo-activation-server (ira-9184): could not associate with desktop session: Failed to connect to socket /tmp/dbus-2Uj8AQFUM6: Connection refused
May 19 05:13:01 mid kernel: ===> rt28xx_close
May 19 05:13:01 mid kernel: ---> RTMPFreeTxRxRingMemory
May 19 05:13:01 mid kernel: <--- RTMPFreeTxRxRingMemory
May 19 05:13:02 mid kernel: Kernel logging (proc) stopped.
May 19 05:13:02 mid rsyslogd: [origin software="rsyslogd" swVersion="4.6.4" x-pid="1281" x-info="http://www.rsyslog.com"] exiting on signal 15.
May 19 16:30:32 mid kernel: imklog 4.6.4, log source = /proc/kmsg started.
May 19 16:30:32 mid rsyslogd: [origin software="rsyslogd" swVersion="4.6.4" x-pid="1302" x-info="http://www.rsyslog.com"] (re)start
May 19 16:30:32 mid kernel: Linux version 2.6.32.9-default (hangyan@szmce12) (gcc version 4.5.1 (Sourcery G++ Lite 2010.09-50) ) #1 Wed Jul 13 09:56:43 HKT 2011
May 19 16:30:32 mid kernel: CPU: ARM926EJ-S [41069265] revision 5 (ARMv5TEJ), cr=00053177
May 19 16:30:32 mid kernel: CPU: VIVT data cache, VIVT instruction cache
May 19 16:30:32 mid kernel: Machine: WMT
May 19 16:30:32 mid kernel: Memory policy: ECC disabled, Data cache writeback
May 19 16:30:32 mid kernel: Built 1 zonelists in Zone order, mobility grouping on.  Total pages: 54356
May 19 16:30:32 mid kernel: Kernel command line: mem=214M root=/dev/mmcblk0p2 noinitrd rw rootfstype=ext2 console=ttyS0,115200n8 rootdelay=10
May 19 16:30:32 mid kernel: PID hash table entries: 1024 (order: 0, 4096 bytes)
May 19 16:30:32 mid kernel: Dentry cache hash table entries: 32768 (order: 5, 131072 bytes)
May 19 16:30:32 mid kernel: Inode-cache hash table entries: 16384 (order: 4, 65536 bytes)
May 19 16:30:32 mid kernel: Memory: 214MB = 214MB total
May 19 16:30:32 mid kernel: Memory: 210304KB available (5428K code, 1125K data, 148K init, 0K highmem)
May 19 16:30:32 mid kernel: Hierarchical RCU implementation.
May 19 16:30:32 mid kernel: NR_IRQS:128
May 19 16:30:32 mid kernel: Console: colour dummy device 80x30
May 19 16:30:32 mid kernel: console [ttyS0] enabled
May 19 16:30:32 mid kernel: Calibrating delay loop... 299.00 BogoMIPS (lpj=1495040)
May 19 16:30:32 mid kernel: Mount-cache hash table entries: 512
May 19 16:30:32 mid kernel: CPU: Testing write buffer coherency: ok
May 19 16:30:32 mid kernel: NET: Registered protocol family 16
May 19 16:30:32 mid kernel: wmt_pci_init
May 19 16:30:32 mid kernel: PCI: WonderMidia Technology PCI Bridge
May 19 16:30:32 mid kernel: PCI: bus0: Fast back to back transfers disabled
May 19 16:30:32 mid kernel: [WMT-MB] Preparing VIDEO BUFFER (SIZE 32768 kB) ...
May 19 16:30:32 mid kernel: [WMT-MB] MAX MB Area size: Max 4096 Kbs Min 256 Kbs
May 19 16:30:32 mid kernel: [WMT-MB] prob /dev/Memory Block major 242, minor 0
May 19 16:30:32 mid kernel: bio: create slab <bio-0> at 0
May 19 16:30:32 mid kernel: vgaarb: loaded
May 19 16:30:32 mid kernel: SCSI subsystem initialized
May 19 16:30:32 mid kernel: usbcore: registered new interface driver usbfs
May 19 16:30:32 mid kernel: usbcore: registered new interface driver hub
May 19 16:30:32 mid kernel: usbcore: registered new device driver usb
May 19 16:30:32 mid kernel: NET: Registered protocol family 2
May 19 16:30:32 mid kernel: IP route cache hash table entries: 2048 (order: 1, 8192 bytes)
May 19 16:30:32 mid kernel: TCP established hash table entries: 8192 (order: 4, 65536 bytes)
May 19 16:30:32 mid kernel: TCP bind hash table entries: 8192 (order: 3, 32768 bytes)
May 19 16:30:32 mid kernel: TCP: Hash tables configured (established 8192 bind 8192)
May 19 16:30:32 mid kernel: TCP reno registered
May 19 16:30:32 mid kernel: NET: Registered protocol family 1
May 19 16:30:32 mid kernel: RPC: Registered udp transport module.
May 19 16:30:32 mid kernel: RPC: Registered tcp transport module.
May 19 16:30:32 mid kernel: RPC: Registered tcp NFSv4.1 backchannel transport module.
May 19 16:30:32 mid kernel: ashmem: initialized
May 19 16:30:32 mid kernel: NTFS driver 2.1.29 [Flags: R/W].
May 19 16:30:32 mid kernel: JFFS2 version 2.2. (NAND) © 2001-2006 Red Hat, Inc.
May 19 16:30:32 mid kernel: yaffs Jul 13 2011 09:56:24 Installing. 
May 19 16:30:32 mid kernel: msgmni has been set to 411
May 19 16:30:32 mid kernel: alg: No test for stdrng (krng)
May 19 16:30:32 mid kernel: io scheduler noop registered
May 19 16:30:32 mid kernel: io scheduler anticipatory registered
May 19 16:30:32 mid kernel: io scheduler deadline registered
May 19 16:30:32 mid kernel: io scheduler cfq registered (default)
May 19 16:30:32 mid kernel: un-know id = 0xc84013
May 19 16:30:32 mid kernel: un-know id = 0xffffff
May 19 16:30:32 mid kernel: wmt sf controller initial ok
May 19 16:30:32 mid kernel: Creating 6 MTD partitions on "mtdsf device":
May 19 16:30:32 mid kernel: 0x000000000000-0x000000d00000 : "filesystem-SF"
May 19 16:30:32 mid kernel: 0x000000d00000-0x000000f80000 : "kernel-SF"
May 19 16:30:32 mid kernel: 0x000000f80000-0x000000fd0000 : "u-boot-SF"
May 19 16:30:32 mid kernel: 0x000000fd0000-0x000000fe0000 : "u-boot env. cfg. 1-SF"
May 19 16:30:32 mid kernel: 0x000000fe0000-0x000000ff0000 : "u-boot env. cfg. 2-SF"
May 19 16:30:32 mid kernel: 0x000000ff0000-0x000001000000 : "w-load-SF"
May 19 16:30:32 mid kernel: 1PMNAND_ADDR=0x6 
May 19 16:30:32 mid kernel: kmalloc buffer env_ptr = 0xcd160000, env_ptr_nand = 0xcd160000
May 19 16:30:32 mid kernel: ## Warning: "wmt.io.nand" not defined
May 19 16:30:32 mid kernel: NAND device: Manufacturer ID: 0xec, Chip ID: 0xd7947a (Samsung SAMSUNG_K9GBG08U0A)
May 19 16:30:32 mid kernel: PLLB=0xe, spec_clk=0x140a0cff
May 19 16:30:32 mid kernel: T1=2, clk1=17, div1=6, Thold=1, tREA=20+delay(9)
May 19 16:30:32 mid kernel: T2=1, clk2=31, div2=11, Thold2=1, comp=1
May 19 16:30:32 mid kernel: Tim1=417792 , Tim2=507904
May 19 16:30:32 mid kernel: T2 is greater and not use
May 19 16:30:32 mid kernel: T=2, clk=17, divisor=6, Thold=0x701
May 19 16:30:32 mid kernel: divisor PMNAND_ADDR is set 0x6, NFC_timing=0x2424
May 19 16:30:32 mid kernel: BCH ECC 24BIT
May 19 16:30:32 mid kernel: ## Warning: "wmt.io.nand" not defined
May 19 16:30:32 mid kernel: NAND device: Manufacturer ID: 0xec, Chip ID: 0xd7947a (Samsung SAMSUNG_K9GBG08U0A)
May 19 16:30:32 mid kernel: find bbt page is 524032
May 19 16:30:32 mid kernel: find bbt page is 523904
May 19 16:30:32 mid kernel: Bad block at 4
May 19 16:30:32 mid kernel: Bad block at 5
May 19 16:30:32 mid kernel: Bad block at 16
May 19 16:30:32 mid kernel: Bad block at 17
May 19 16:30:32 mid kernel: Bad block at 948
May 19 16:30:32 mid kernel: Bad block at 972
